01-06 14:59:34.197  1342  2058 V AS.AudioDeviceBroker: requestedCommunicationDevice: null mAudioModeOwner: AudioModeInfo: mMode=MODE_NORMAL, mPid=0, mUid=0
01-06 14:59:34.197  1342  2058 V AS.AudioDeviceBroker: requestedCommunicationDevice: null mAudioModeOwner: AudioModeInfo: mMode=MODE_NORMAL, mPid=0, mUid=0
01-06 14:59:34.414 19788 19788 D BoundBrokerSvc: onUnbind: Intent { act=com.google.android.gms.common.telemetry.service.START dat=chimera-action:/... cmp=com.google.android.gms/.chimera.PersistentApiService }
01-06 14:59:34.977  1342  1342 D BoardScore:  test  mobile start do!! 
01-06 14:59:34.981  1342  1342 D BoardScore: startTimStamp: 1767691769975, endTimeStamp: 1767691774975; ret.getRxBytes()0; ret.getTxBytes()=0
01-06 14:59:34.981  1342  1342 D BoardScore:  subscriberId =  404490648436018, get mobileBytes = 0 , startTime =  1767691769975,  endTime = 1767691774975
01-06 14:59:34.981  1342  1342 D BoardScore:  getWiFiTotalBytes start do!! 
01-06 14:59:34.984  1342  1342 D BoardScore: startTimStamp: 1767691769981, endTimeStamp: 1767691774981; ret.getRxBytes()52177; ret.getTxBytes()=6688
01-06 14:59:34.984  1342  1342 D BoardScore:  get wifi Bytes = 58865 , startTime =  1767691769981,  endTime = 1767691774981
01-06 14:59:34.984  1342  1342 E BoardScore: mDownLoadThreadRunnable: TotalBytes =58865
01-06 14:59:35.121  1342  1603 D InetDiagMessage: Destroyed 0 sockets, proto=IPPROTO_TCP, family=AF_INET, states=14
01-06 14:59:35.122  1342  1603 D InetDiagMessage: Destroyed 0 sockets, proto=IPPROTO_TCP, family=AF_INET6, states=14
01-06 14:59:35.122  1342  1603 D InetDiagMessage: Destroyed live tcp sockets for uids={10192} in 3ms
01-06 14:59:35.123  1342  1603 D InetDiagMessage: Destroyed 0 sockets, proto=IPPROTO_TCP, family=AF_INET, states=14
01-06 14:59:35.124  1342  1603 D InetDiagMessage: Destroyed 0 sockets, proto=IPPROTO_TCP, family=AF_INET6, states=14
01-06 14:59:35.124  1342  1603 D InetDiagMessage: Destroyed live tcp sockets for uids={20192} in 2ms
01-06 14:59:35.199  1342  2058 V AS.AudioDeviceBroker: requestedCommunicationDevice: null mAudioModeOwner: AudioModeInfo: mMode=MODE_NORMAL, mPid=0, mUid=0
01-06 14:59:35.199  1342  2058 V AS.AudioDeviceBroker: requestedCommunicationDevice: null mAudioModeOwner: AudioModeInfo: mMode=MODE_NORMAL, mPid=0, mUid=0
01-06 14:59:35.201 13117 13117 D BoundBrokerSvc: onUnbind: Intent { act=com.google.android.gms.potokens.service.START dat=chimera-action:/... cmp=com.google.android.gms/.chimera.GmsApiService }
01-06 14:59:35.244 13117 13117 D BoundBrokerSvc: onUnbind: Intent { act=com.google.android.gms.safebrowsing.SafeBrowsingService.START dat=chimera-action:/... cmp=com.google.android.gms/.chimera.GmsBoundBrokerService }
01-06 14:59:35.247 13117 13117 D BoundBrokerSvc: onUnbind: Intent { act=com.google.android.gms.auth.key.retrieval.service.START dat=chimera-action:/... cmp=com.google.android.gms/.chimera.GmsApiService }
01-06 14:59:35.247 13117 13117 D BoundBrokerSvc: onUnbind: Intent { act=com.google.android.gms.credential.manager.service.firstparty.START dat=chimera-action:/... cmp=com.google.android.gms/.chimera.GmsApiService }
01-06 14:59:35.248 13117 13117 D BoundBrokerSvc: onUnbind: Intent { act=com.google.android.gms.fido.fido2.firstparty.START pkg=com.google.android.gms }
01-06 14:59:35.249 13117 13117 D BoundBrokerSvc: onUnbind: Intent { act=com.google.android.gms.languageprofile.service.START pkg=com.google.android.gms }
01-06 14:59:35.349 13117 13117 D BoundBrokerSvc: onBind: Intent { act=com.google.android.gms.chromesync.service.firstparty.START dat=chimera-action:/... cmp=com.google.android.gms/.chimera.GmsApiService }
01-06 14:59:35.349 13117 13117 D BoundBrokerSvc: Loading bound service for intent: Intent { act=com.google.android.gms.chromesync.service.firstparty.START dat=chimera-action:/... cmp=com.google.android.gms/.chimera.GmsApiService }
01-06 14:59:35.372  1342  1603 D InetDiagMessage: Destroyed 6 sockets, proto=IPPROTO_TCP, family=AF_INET, states=14
01-06 14:59:35.373  1342  1603 D InetDiagMessage: Destroyed 0 sockets, proto=IPPROTO_TCP, family=AF_INET6, states=14
01-06 14:59:35.373  1342  1603 D InetDiagMessage: Destroyed live tcp sockets for uids={10159} in 4ms
01-06 14:59:35.375  1342  1603 D InetDiagMessage: Destroyed 0 sockets, proto=IPPROTO_TCP, family=AF_INET, states=14
01-06 14:59:35.376  1342  1603 D InetDiagMessage: Destroyed 0 sockets, proto=IPPROTO_TCP, family=AF_INET6, states=14
01-06 14:59:35.376  1342  1603 D InetDiagMessage: Destroyed live tcp sockets for uids={20159} in 2ms
01-06 14:59:35.376 19788 19788 D BoundBrokerSvc: onRebind: Intent { act=com.google.android.gms.auth.aang.events.services.START dat=chimera-action:/... cmp=com.google.android.gms/.chimera.PersistentApiService }
01-06 14:59:35.404 13117 29287 I SyncManager: (REDACTED) Executing sync(type=%s%s)
01-06 14:59:35.422 13117 29287 I SyncManager: (REDACTED) Executing sync(type=%s) finished in %s
01-06 14:59:35.490 13117 13123 I gle.android.gms: CollectorTransition concurrent mark compact GC freed 328KB AllocSpace bytes, 0(0B) LOS objects, 49% free, 14MB/29MB, paused 4.541ms,8.328ms total 287.082ms
01-06 14:59:36.201  1342  2058 V AS.AudioDeviceBroker: requestedCommunicationDevice: null mAudioModeOwner: AudioModeInfo: mMode=MODE_NORMAL, mPid=0, mUid=0
01-06 14:59:36.201  1342  2058 V AS.AudioDeviceBroker: requestedCommunicationDevice: null mAudioModeOwner: AudioModeInfo: mMode=MODE_NORMAL, mPid=0, mUid=0
01-06 14:59:37.183  1342  1367 D PowerController.Thermal: temperature value = 37.0 , status = 0
01-06 14:59:37.183  1342  1367 D BrightnessThermalClamper: New thermal throttling status = 0
01-06 14:59:37.183  1342  1367 D ActivityManager: get tempetureValue is :37.0
01-06 14:59:37.185  1342  1367 D PowerManagerService: notifyThrottling LCD_TEMP :31500
01-06 14:59:37.203  1342  2058 V AS.AudioDeviceBroker: requestedCommunicationDevice: null mAudioModeOwner: AudioModeInfo: mMode=MODE_NORMAL, mPid=0, mUid=0
01-06 14:59:37.203  1342  2058 V AS.AudioDeviceBroker: requestedCommunicationDevice: null mAudioModeOwner: AudioModeInfo: mMode=MODE_NORMAL, mPid=0, mUid=0
01-06 14:59:37.238  1342  1342 V BroadcastQueue: Enqueuing BroadcastRecord{3b5b1dd android.intent.action.BATTERY_CHANGED/u-1} ordered=false from uid 1000 pid 1342 for 2 receivers
01-06 14:59:37.239 15516 15516 D UnisocPowerUI: onReceive health:2 --> 2
01-06 14:59:37.239 15516 15516 D BatteryController: onReceive:mLevel=78,mCharging=true
01-06 14:59:37.240  1342  1342 V BroadcastQueue: Enqueuing BroadcastRecord{e7c4152 android.intent.action.BATTERY_CHANGED/u-1} ordered=false from uid 1000 pid 1342 for 25 receivers
01-06 14:59:37.242  1342  1342 D BoardScore: Received android.intent.action.BATTERY_CHANGED
01-06 14:59:37.242  1342  1342 D BoardScore: chargePlug 2; status =2
01-06 14:59:37.242  1342  1342 D BatteryServiceERP: action: android.intent.action.BATTERY_CHANGED,level:78,scale:100,status:2,isCharging:true,isSendNotification: false,isForceCharging:false
01-06 14:59:37.242  1342  1342 D BatteryServiceERP: battProtect switch: 0
01-06 14:59:37.242 15516 15516 D UnisocBatteryControllerEx: fireChargingSpeedChanged: 0
01-06 14:59:37.242 15516 16907 D PowerUI : can't show warning due to - plugged: true status unknown: false
01-06 14:59:38.205  1342  7056 V AS.AudioDeviceBroker: requestedCommunicationDevice: null mAudioModeOwner: AudioModeInfo: mMode=MODE_NORMAL, mPid=0, mUid=0
01-06 14:59:38.205  1342  7056 V AS.AudioDeviceBroker: requestedCommunicationDevice: null mAudioModeOwner: AudioModeInfo: mMode=MODE_NORMAL, mPid=0, mUid=0
01-06 14:59:39.207  1342  7056 V AS.AudioDeviceBroker: requestedCommunicationDevice: null mAudioModeOwner: AudioModeInfo: mMode=MODE_NORMAL, mPid=0, mUid=0
01-06 14:59:39.207  1342  7056 V AS.AudioDeviceBroker: requestedCommunicationDevice: null mAudioModeOwner: AudioModeInfo: mMode=MODE_NORMAL, mPid=0, mUid=0
01-06 14:59:40.160  1342  1495 D ActivityManager: freezing 9765 com.android.rkpdapp
01-06 14:59:40.163  1342  1603 D InetDiagMessage: Destroyed 0 sockets, proto=IPPROTO_TCP, family=AF_INET, states=14
01-06 14:59:40.164  1342  1603 D InetDiagMessage: Destroyed 0 sockets, proto=IPPROTO_TCP, family=AF_INET6, states=14
01-06 14:59:40.164  1342  1603 D InetDiagMessage: Destroyed live tcp sockets for uids={10192} in 3ms
01-06 14:59:40.199  8968  8999 I Finsky  : [37] Stats for Executor: BlockingExecutor ury@e80b57e[Running, pool size = 4, active threads = 0, queued tasks = 0, completed tasks = 25]
01-06 14:59:40.199  8968  8999 I Finsky  : [37] Stats for Executor: LightweightExecutor ury@18ddadf[Running, pool size = 4, active threads = 0, queued tasks = 0, completed tasks = 170]
01-06 14:59:40.209  1342  7056 V AS.AudioDeviceBroker: requestedCommunicationDevice: null mAudioModeOwner: AudioModeInfo: mMode=MODE_NORMAL, mPid=0, mUid=0
01-06 14:59:40.209  1342  7056 V AS.AudioDeviceBroker: requestedCommunicationDevice: null mAudioModeOwner: AudioModeInfo: mMode=MODE_NORMAL, mPid=0, mUid=0
01-06 14:59:40.220  8968  8999 I Finsky  : [37] Stats for Executor: bgExecutor ury@990532c[Running, pool size = 4, active threads = 0, queued tasks = 0, completed tasks = 163]
01-06 14:59:40.364  1342  1495 D ActivityManager: freezing 9405 com.android.chrome
01-06 14:59:40.367  1342  1495 D ActivityManager: freezing 9584 com.android.chrome:privileged_process0
01-06 14:59:40.368  1342  1495 D ActivityManager: freezing 9654 com.android.chrome:sandboxed_process0:org.chromium.content.app.SandboxedProcessService0:0
01-06 14:59:40.480  8968  8999 I Finsky  : [37] Stats for Executor: GrpcBackgroundExecutor ury@bd301f5[Running, pool size = 1, active threads = 0, queued tasks = 0, completed tasks = 1]
01-06 14:59:40.504  9021  9096 I Finsky:background: [37] Stats for Executor: bgExecutor ury@94cf8b1[Running, pool size = 4, active threads = 0, queued tasks = 0, completed tasks = 35]
01-06 14:59:40.517  9021  9096 I Finsky:background: [37] Stats for Executor: LightweightExecutor ury@3720196[Running, pool size = 4, active threads = 0, queued tasks = 0, completed tasks = 17]
01-06 14:59:40.539  1342  1603 D InetDiagMessage: Destroyed 2 sockets, proto=IPPROTO_TCP, family=AF_INET, states=14
01-06 14:59:40.540  1342  1603 D InetDiagMessage: Destroyed 2 sockets, proto=IPPROTO_TCP, family=AF_INET6, states=14
01-06 14:59:40.541  1342  1603 D InetDiagMessage: Destroyed live tcp sockets for uids={10159} in 4ms
01-06 14:59:40.542  1342  1603 D InetDiagMessage: Destroyed 0 sockets, proto=IPPROTO_TCP, family=AF_INET, states=14
01-06 14:59:40.543  1342  1603 D InetDiagMessage: Destroyed 0 sockets, proto=IPPROTO_TCP, family=AF_INET6, states=14
01-06 14:59:40.543  1342  1603 D InetDiagMessage: Destroyed live tcp sockets for uids={90000} in 3ms
01-06 14:59:40.621  1342  1495 D ActivityManager: freezing 8968 com.android.vending
01-06 14:59:40.623  1342  1495 D ActivityManager: freezing 9021 com.android.vending:background
01-06 14:59:40.656   394  9764 I keystore2: system/security/keystore2/watchdog/src/lib.rs:319 - Watchdog thread idle -> terminating. Have a great day.
01-06 14:59:40.816  1342  1603 D InetDiagMessage: Destroyed 0 sockets, proto=IPPROTO_TCP, family=AF_INET, states=14
01-06 14:59:40.817  1342  1603 D InetDiagMessage: Destroyed 0 sockets, proto=IPPROTO_TCP, family=AF_INET6, states=14
01-06 14:59:40.817  1342  1603 D InetDiagMessage: Destroyed live tcp sockets for uids={10152} in 3ms
01-06 14:59:41.171  1041  1133 E SLOGCP  : data_rate_stat: agdsp rate: total size(MB)=0.000000; per second(bytes)=0.000000, drop_cnt_=0, drop_data_size_=0, pollin event times=0.
01-06 14:59:41.211  1342  7056 V AS.AudioDeviceBroker: requestedCommunicationDevice: null mAudioModeOwner: AudioModeInfo: mMode=MODE_NORMAL, mPid=0, mUid=0
01-06 14:59:41.212  1342  7056 V AS.AudioDeviceBroker: requestedCommunicationDevice: null mAudioModeOwner: AudioModeInfo: mMode=MODE_NORMAL, mPid=0, mUid=0
01-06 14:59:41.437  1342  1501 D AlarmManager: waitForAlarm result:8currentTime=1767691781437, elapsedRealtime=2176627919
01-06 14:59:41.438  1342  1501 D AlarmManagerService: set alarm to kernel: 2176646481000000, type=2
01-06 14:59:41.438  1342  1501 D AlarmManagerService: set alarm to kernel: 2176766481000000, type=3
01-06 14:59:41.563 19788  4039 I FusedLocation: (REDACTED) location delivery to %s blocked - too close
01-06 14:59:41.575 19788  4039 I FusedLocation: (REDACTED) location delivery to %s blocked - too fast
01-06 14:59:41.576  1342  7056 I LocationManagerService: incoming location: locationResult [[Location[fused 17****** , 78******  hAcc=100.0 et=+25d4h37m8s23ms alt=460.0 vAcc=100.0]]]
01-06 14:59:41.577  1342  7056 I LocationManagerService: incoming location: locationResult [[Location[fused 17****** , 78******  hAcc=100.0 et=+25d4h37m8s23ms alt=460.0 vAcc=100.0 mslAlt=536.3874435649199 mslAltAcc=100.00037]]]
01-06 14:59:41.580  1342  2058 V AlarmManager: set(null) : type=3 listener=android.app.IAlarmListener$Stub$Proxy@e3afc23 listenerTag=FusedLocation:throttling_delivery workSource=WorkSource{10153 com.google.android.gms} callingPackage=com.google.android.gms callingUid=10153 triggerAtTime=2177228023 win=0 tElapsed=2177228023 maxElapsed=2177228023 interval=0 flags=0x1
01-06 14:59:41.581  1342  7056 D LocationManagerService: passive provider location send to 10153/com.google.android.gms[fused_location_provider]/09FE0CE5
01-06 14:59:41.581  1342  2058 D AlarmManagerService: set alarm to kernel: 2176646481000000, type=2
01-06 14:59:41.581  1342  2058 D AlarmManagerService: set alarm to kernel: 2176766481000000, type=3
01-06 14:59:41.582  1342  7056 D LocationManagerService: passive provider location send to 10153/com.google.android.gms[network_location_provider]/1B914CF0
01-06 14:59:42.123  1342  7056 D ActivityManager: Skip enqueue broadcast because no receiver with Intent { act=android.intent.action.SIG_STR flg=0x10 (has extras) }
01-06 14:59:42.127 15516 15516 D UniResolvedNetworkType: sub 18: dataNetType not Override 13
01-06 14:59:42.213  1342  7056 V AS.AudioDeviceBroker: requestedCommunicationDevice: null mAudioModeOwner: AudioModeInfo: mMode=MODE_NORMAL, mPid=0, mUid=0
01-06 14:59:42.214  1342  7056 V AS.AudioDeviceBroker: requestedCommunicationDevice: null mAudioModeOwner: AudioModeInfo: mMode=MODE_NORMAL, mPid=0, mUid=0
01-06 14:59:43.125  1342  7056 D ActivityManager: Skip enqueue broadcast because no receiver with Intent { act=android.intent.action.SIG_STR flg=0x10 (has extras) }
01-06 14:59:43.129 15516 15516 D UniResolvedNetworkType: sub 18: dataNetType not Override 13
01-06 14:59:43.216  1342  7056 V AS.AudioDeviceBroker: requestedCommunicationDevice: null mAudioModeOwner: AudioModeInfo: mMode=MODE_NORMAL, mPid=0, mUid=0
01-06 14:59:43.216  1342  7056 V AS.AudioDeviceBroker: requestedCommunicationDevice: null mAudioModeOwner: AudioModeInfo: mMode=MODE_NORMAL, mPid=0, mUid=0
01-06 14:59:44.127  1342  7056 D ActivityManager: Skip enqueue broadcast because no receiver with Intent { act=android.intent.action.SIG_STR flg=0x10 (has extras) }
01-06 14:59:44.131 15516 15516 D UniResolvedNetworkType: sub 18: dataNetType not Override 13
01-06 14:59:44.218  1342  7056 V AS.AudioDeviceBroker: requestedCommunicationDevice: null mAudioModeOwner: AudioModeInfo: mMode=MODE_NORMAL, mPid=0, mUid=0
01-06 14:59:44.219  1342  7056 V AS.AudioDeviceBroker: requestedCommunicationDevice: null mAudioModeOwner: AudioModeInfo: mMode=MODE_NORMAL, mPid=0, mUid=0
01-06 14:59:45.129  1342  7056 D ActivityManager: Skip enqueue broadcast because no receiver with Intent { act=android.intent.action.SIG_STR flg=0x10 (has extras) }
01-06 14:59:45.133 15516 15516 D UniResolvedNetworkType: sub 18: dataNetType not Override 13
01-06 14:59:45.220  1342  7056 V AS.AudioDeviceBroker: requestedCommunicationDevice: null mAudioModeOwner: AudioModeInfo: mMode=MODE_NORMAL, mPid=0, mUid=0
01-06 14:59:45.221  1342  7056 V AS.AudioDeviceBroker: requestedCommunicationDevice: null mAudioModeOwner: AudioModeInfo: mMode=MODE_NORMAL, mPid=0, mUid=0
01-06 14:59:45.430  1342  1342 V BroadcastQueue: Enqueuing BroadcastRecord{9e08ed9 android.intent.action.BATTERY_CHANGED/u-1} ordered=false from uid 1000 pid 1342 for 2 receivers
01-06 14:59:45.430  1342  1342 V BroadcastQueue: Enqueuing BroadcastRecord{4f9209e android.intent.action.BATTERY_CHANGED/u-1} ordered=false from uid 1000 pid 1342 for 25 receivers
01-06 14:59:45.432 15516 15516 D UnisocPowerUI: onReceive health:2 --> 2
01-06 14:59:45.432 15516 15516 D BatteryController: onReceive:mLevel=78,mCharging=true
01-06 14:59:45.433  1342  1342 D BoardScore: Received android.intent.action.BATTERY_CHANGED
01-06 14:59:45.433  1342  1342 D BoardScore: chargePlug 2; status =2
01-06 14:59:45.433  1342  1342 D BatteryServiceERP: action: android.intent.action.BATTERY_CHANGED,level:78,scale:100,status:2,isCharging:true,isSendNotification: false,isForceCharging:false
01-06 14:59:45.433  1342  1342 D BatteryServiceERP: battProtect switch: 0
01-06 14:59:45.434 15516 15516 D UnisocBatteryControllerEx: fireChargingSpeedChanged: 0
01-06 14:59:45.434 15516 15597 D PowerUI : can't show warning due to - plugged: true status unknown: false
01-06 14:59:45.506  1342  1495 D ActivityManager: freezing 9718 com.google.android.gms.unstable
01-06 14:59:46.131  1342  7056 D ActivityManager: Skip enqueue broadcast because no receiver with Intent { act=android.intent.action.SIG_STR flg=0x10 (has extras) }
01-06 14:59:46.137 15516 15516 D UniResolvedNetworkType: sub 18: dataNetType not Override 13
01-06 14:59:46.223  1342  7056 V AS.AudioDeviceBroker: requestedCommunicationDevice: null mAudioModeOwner: AudioModeInfo: mMode=MODE_NORMAL, mPid=0, mUid=0
01-06 14:59:46.223  1342  7056 V AS.AudioDeviceBroker: requestedCommunicationDevice: null mAudioModeOwner: AudioModeInfo: mMode=MODE_NORMAL, mPid=0, mUid=0
01-06 14:59:47.225  1342  7056 V AS.AudioDeviceBroker: requestedCommunicationDevice: null mAudioModeOwner: AudioModeInfo: mMode=MODE_NORMAL, mPid=0, mUid=0
01-06 14:59:47.225  1342  7056 V AS.AudioDeviceBroker: requestedCommunicationDevice: null mAudioModeOwner: AudioModeInfo: mMode=MODE_NORMAL, mPid=0, mUid=0
01-06 14:59:48.227  1342  7056 V AS.AudioDeviceBroker: requestedCommunicationDevice: null mAudioModeOwner: AudioModeInfo: mMode=MODE_NORMAL, mPid=0, mUid=0
01-06 14:59:48.228  1342  7056 V AS.AudioDeviceBroker: requestedCommunicationDevice: null mAudioModeOwner: AudioModeInfo: mMode=MODE_NORMAL, mPid=0, mUid=0
01-06 14:59:49.134  1342  7056 D ActivityManager: Skip enqueue broadcast because no receiver with Intent { act=android.intent.action.SIG_STR flg=0x10 (has extras) }
01-06 14:59:49.137 15516 15516 D UniResolvedNetworkType: sub 18: dataNetType not Override 13
01-06 14:59:49.229  1342  7056 V AS.AudioDeviceBroker: requestedCommunicationDevice: null mAudioModeOwner: AudioModeInfo: mMode=MODE_NORMAL, mPid=0, mUid=0
01-06 14:59:49.230  1342  7056 V AS.AudioDeviceBroker: requestedCommunicationDevice: null mAudioModeOwner: AudioModeInfo: mMode=MODE_NORMAL, mPid=0, mUid=0
01-06 14:59:49.526  1342  1342 V BroadcastQueue: Enqueuing BroadcastRecord{b91cc9b android.intent.action.BATTERY_CHANGED/u-1} ordered=false from uid 1000 pid 1342 for 2 receivers
01-06 14:59:49.526  1342  1342 V BroadcastQueue: Enqueuing BroadcastRecord{44d8838 android.intent.action.BATTERY_CHANGED/u-1} ordered=false from uid 1000 pid 1342 for 25 receivers
01-06 14:59:49.527 15516 15516 D UnisocPowerUI: onReceive health:2 --> 2
01-06 14:59:49.527 15516 15516 D BatteryController: onReceive:mLevel=78,mCharging=true
01-06 14:59:49.529  1342  1342 D BoardScore: Received android.intent.action.BATTERY_CHANGED
01-06 14:59:49.529  1342  1342 D BoardScore: chargePlug 2; status =2
01-06 14:59:49.529  1342  1342 D BatteryServiceERP: action: android.intent.action.BATTERY_CHANGED,level:78,scale:100,status:2,isCharging:true,isSendNotification: false,isForceCharging:false
01-06 14:59:49.529  1342  1342 D BatteryServiceERP: battProtect switch: 0
01-06 14:59:49.530 15516 15516 D UnisocBatteryControllerEx: fireChargingSpeedChanged: 0
01-06 14:59:49.530 15516 16380 D PowerUI : can't show warning due to - plugged: true status unknown: false
01-06 14:59:50.136  1342  7056 D ActivityManager: Skip enqueue broadcast because no receiver with Intent { act=android.intent.action.SIG_STR flg=0x10 (has extras) }
01-06 14:59:50.139 15516 15516 D UniResolvedNetworkType: sub 18: dataNetType not Override 13
01-06 14:59:50.232  1342  7056 V AS.AudioDeviceBroker: requestedCommunicationDevice: null mAudioModeOwner: AudioModeInfo: mMode=MODE_NORMAL, mPid=0, mUid=0
01-06 14:59:50.232  1342  7056 V AS.AudioDeviceBroker: requestedCommunicationDevice: null mAudioModeOwner: AudioModeInfo: mMode=MODE_NORMAL, mPid=0, mUid=0
01-06 14:59:50.441 19788 19788 D BoundBrokerSvc: onUnbind: Intent { act=com.google.android.gms.auth.aang.events.services.START dat=chimera-action:/... cmp=com.google.android.gms/.chimera.PersistentApiService }
01-06 14:59:51.138  1342  7056 D ActivityManager: Skip enqueue broadcast because no receiver with Intent { act=android.intent.action.SIG_STR flg=0x10 (has extras) }
01-06 14:59:51.141 15516 15516 D UniResolvedNetworkType: sub 18: dataNetType not Override 13
01-06 14:59:51.234  1342  7056 V AS.AudioDeviceBroker: requestedCommunicationDevice: null mAudioModeOwner: AudioModeInfo: mMode=MODE_NORMAL, mPid=0, mUid=0
01-06 14:59:51.235  1342  7056 V AS.AudioDeviceBroker: requestedCommunicationDevice: null mAudioModeOwner: AudioModeInfo: mMode=MODE_NORMAL, mPid=0, mUid=0
01-06 14:59:52.140  1342  7056 D ActivityManager: Skip enqueue broadcast because no receiver with Intent { act=android.intent.action.SIG_STR flg=0x10 (has extras) }
01-06 14:59:52.143 15516 15516 D UniResolvedNetworkType: sub 18: dataNetType not Override 13
01-06 14:59:52.188  1342  1367 D PowerController.Thermal: temperature value = 37.0 , status = 0
01-06 14:59:52.188  1342  1367 D BrightnessThermalClamper: New thermal throttling status = 0
01-06 14:59:52.188  1342  1367 D ActivityManager: get tempetureValue is :37.0
01-06 14:59:52.190  1342  1367 D PowerManagerService: notifyThrottling LCD_TEMP :31500
01-06 14:59:52.237  1342  7056 V AS.AudioDeviceBroker: requestedCommunicationDevice: null mAudioModeOwner: AudioModeInfo: mMode=MODE_NORMAL, mPid=0, mUid=0
01-06 14:59:52.237  1342  7056 V AS.AudioDeviceBroker: requestedCommunicationDevice: null mAudioModeOwner: AudioModeInfo: mMode=MODE_NORMAL, mPid=0, mUid=0
01-06 14:59:53.239  1342  7056 V AS.AudioDeviceBroker: requestedCommunicationDevice: null mAudioModeOwner: AudioModeInfo: mMode=MODE_NORMAL, mPid=0, mUid=0
01-06 14:59:53.240  1342  7056 V AS.AudioDeviceBroker: requestedCommunicationDevice: null mAudioModeOwner: AudioModeInfo: mMode=MODE_NORMAL, mPid=0, mUid=0
01-06 14:59:54.241  1342  7056 V AS.AudioDeviceBroker: requestedCommunicationDevice: null mAudioModeOwner: AudioModeInfo: mMode=MODE_NORMAL, mPid=0, mUid=0
01-06 14:59:54.242  1342  7056 V AS.AudioDeviceBroker: requestedCommunicationDevice: null mAudioModeOwner: AudioModeInfo: mMode=MODE_NORMAL, mPid=0, mUid=0
01-06 14:59:54.992  1342  1342 D BoardScore:  test  mobile start do!! 
01-06 14:59:54.996  1342  1342 D BoardScore: startTimStamp: 1767691789990, endTimeStamp: 1767691794990; ret.getRxBytes()0; ret.getTxBytes()=0
01-06 14:59:54.996  1342  1342 D BoardScore:  subscriberId =  404490648436018, get mobileBytes = 0 , startTime =  1767691789990,  endTime = 1767691794990
01-06 14:59:54.996  1342  1342 D BoardScore:  getWiFiTotalBytes start do!! 
01-06 14:59:54.999  1342  1342 D BoardScore: startTimStamp: 1767691789996, endTimeStamp: 1767691794996; ret.getRxBytes()51596; ret.getTxBytes()=6614
01-06 14:59:54.999  1342  1342 D BoardScore:  get wifi Bytes = 58210 , startTime =  1767691789996,  endTime = 1767691794996
01-06 14:59:54.999  1342  1342 E BoardScore: mDownLoadThreadRunnable: TotalBytes =58210
01-06 14:59:55.243  1342  7056 V AS.AudioDeviceBroker: requestedCommunicationDevice: null mAudioModeOwner: AudioModeInfo: mMode=MODE_NORMAL, mPid=0, mUid=0
01-06 14:59:55.244  1342  7056 V AS.AudioDeviceBroker: requestedCommunicationDevice: null mAudioModeOwner: AudioModeInfo: mMode=MODE_NORMAL, mPid=0, mUid=0
01-06 14:59:56.201  2069 20743 D TcpSocketTracker/233: data stall suspected, uids: {10153}
01-06 14:59:56.201  1342  7056 D ConnectivityService: Data stall detected with methods: 2
01-06 14:59:56.202  2069 20743 D NetworkMonitor/233: isDataStall: result=2, tcp packets received=0, latest tcp fail rate=90, consecutive dns timeout count=0
01-06 14:59:56.202  2069 20743 D NetworkMonitor/233: Suspecting data stall, reevaluate
01-06 14:59:56.203  1342  7056 D ActivityManager: Skip enqueue broadcast because no receiver with Intent { act=android.intent.action.SIG_STR flg=0x10 (has extras) }
01-06 14:59:56.207 15516 15516 D UniResolvedNetworkType: sub 18: dataNetType not Override 13
01-06 14:59:56.232  2069  9830 D NetworkMonitor/233: PROBE_DNS connectivitycheck.gstatic.com 18ms OK 2404:6800:4007:835::2003,142.251.222.195
01-06 14:59:56.237  2069  9831 D NetworkMonitor/233: PROBE_DNS connectivitycheck.gstatic.com 25ms OK 2404:6800:4007:835::2003,142.251.222.195
01-06 14:59:56.245  1342  7056 V AS.AudioDeviceBroker: requestedCommunicationDevice: null mAudioModeOwner: AudioModeInfo: mMode=MODE_NORMAL, mPid=0, mUid=0
01-06 14:59:56.246  1342  7056 V AS.AudioDeviceBroker: requestedCommunicationDevice: null mAudioModeOwner: AudioModeInfo: mMode=MODE_NORMAL, mPid=0, mUid=0
01-06 14:59:56.253  2069  9832 D NetworkMonitor/233: PROBE_DNS connectivitycheck.unisoc.com 40ms OK 2408:4005:1014::59c3:e6dc,223.4.221.28
01-06 14:59:56.260  2069  9833 D NetworkMonitor/233: PROBE_DNS g.alicdn.com 48ms OK 2406:b400:7::b752:cd1,2406:b400:7::b752:cd2,123.176.32.163,123.176.32.250
01-06 14:59:56.286  2069  9830 D NetworkMonitor/233: PROBE_HTTP http://connectivitycheck.gstatic.com/generate_204 time=48ms ret=204 request={Connection=[close], User-Agent=[Mozilla/5.0 (X11; Linux x86_64) AppleWebKit/537.36 (KHTML, like Gecko) Chrome/60.0.3112.32 Safari/537.36]} headers={null=[HTTP/1.1 204 No Content], Connection=[close], Content-Length=[0], Cross-Origin-Resource-Policy=[cross-origin], Date=[Tue, 06 Jan 2026 09:29:58 GMT], X-Android-Received-Millis=[1767691796285], X-Android-Response-Source=[NETWORK 204], X-Android-Selected-Protocol=[http/1.1], X-Android-Sent-Millis=[1767691796265]}
01-06 14:59:56.288  2069  9831 D NetworkMonitor/233: PROBE_HTTPS http://connectivitycheck.gstatic.com/generate_204 time=49ms ret=204 request={Connection=[close], User-Agent=[Mozilla/5.0 (X11; Linux x86_64) AppleWebKit/537.36 (KHTML, like Gecko) Chrome/60.0.3112.32 Safari/537.36]} headers={null=[HTTP/1.1 204 No Content], Connection=[close], Content-Length=[0], Cross-Origin-Resource-Policy=[cross-origin], Date=[Tue, 06 Jan 2026 09:29:58 GMT], X-Android-Received-Millis=[1767691796288], X-Android-Response-Source=[NETWORK 204], X-Android-Selected-Protocol=[http/1.1], X-Android-Sent-Millis=[1767691796271]}
01-06 14:59:56.290  2069  9829 D NetworkMonitor/233: isCaptivePortal: isSuccessful()=true isPortal()=false RedirectUrl=null isPartialConnectivity()=false Time=83ms
01-06 14:59:56.297  2069  9833 D NetworkMonitor/233: PROBE_HTTPS https://g.alicdn.com/s.gif Probe failed with exception java.io.InterruptedIOException: thread interrupted
01-06 14:59:56.302  1342  1603 D ConnectivityService: [233 WIFI] validation passed
01-06 14:59:56.990  2069  9832 D NetworkMonitor/233: PROBE_HTTPS https://connectivitycheck.unisoc.com/generate_204 Probe failed with exception java.io.InterruptedIOException: thread interrupted
01-06 14:59:57.248  1342  2058 V AS.AudioDeviceBroker: requestedCommunicationDevice: null mAudioModeOwner: AudioModeInfo: mMode=MODE_NORMAL, mPid=0, mUid=0
01-06 14:59:57.248  1342  2058 V AS.AudioDeviceBroker: requestedCommunicationDevice: null mAudioModeOwner: AudioModeInfo: mMode=MODE_NORMAL, mPid=0, mUid=0
01-06 14:59:57.718  1342  1342 V BroadcastQueue: Enqueuing BroadcastRecord{5369777 android.intent.action.BATTERY_CHANGED/u-1} ordered=false from uid 1000 pid 1342 for 2 receivers
01-06 14:59:57.719 15516 15516 D UnisocPowerUI: onReceive health:2 --> 2
01-06 14:59:57.720 15516 15516 D BatteryController: onReceive:mLevel=78,mCharging=true
01-06 14:59:57.720  1342  1342 V BroadcastQueue: Enqueuing BroadcastRecord{76eefe4 android.intent.action.BATTERY_CHANGED/u-1} ordered=false from uid 1000 pid 1342 for 25 receivers
01-06 14:59:57.722 15516 15516 D UnisocBatteryControllerEx: fireChargingSpeedChanged: 0
01-06 14:59:57.722 15516 17244 D PowerUI : can't show warning due to - plugged: true status unknown: false
01-06 14:59:57.722  1342  1342 D BoardScore: Received android.intent.action.BATTERY_CHANGED
01-06 14:59:57.722  1342  1342 D BoardScore: chargePlug 2; status =2
01-06 14:59:57.722  1342  1342 D BatteryServiceERP: action: android.intent.action.BATTERY_CHANGED,level:78,scale:100,status:2,isCharging:true,isSendNotification: false,isForceCharging:false
01-06 14:59:57.722  1342  1342 D BatteryServiceERP: battProtect switch: 0
01-06 14:59:58.250  1342  7056 V AS.AudioDeviceBroker: requestedCommunicationDevice: null mAudioModeOwner: AudioModeInfo: mMode=MODE_NORMAL, mPid=0, mUid=0
01-06 14:59:58.250  1342  7056 V AS.AudioDeviceBroker: requestedCommunicationDevice: null mAudioModeOwner: AudioModeInfo: mMode=MODE_NORMAL, mPid=0, mUid=0
01-06 14:59:59.252  1342  7056 V AS.AudioDeviceBroker: requestedCommunicationDevice: null mAudioModeOwner: AudioModeInfo: mMode=MODE_NORMAL, mPid=0, mUid=0
01-06 14:59:59.253  1342  7056 V AS.AudioDeviceBroker: requestedCommunicationDevice: null mAudioModeOwner: AudioModeInfo: mMode=MODE_NORMAL, mPid=0, mUid=0
01-06 14:59:59.999  1342  1501 D AlarmManager: waitForAlarm result:4currentTime=1767691799999, elapsedRealtime=2176646481
01-06 15:00:00.000  1342  1501 V AlarmManager: Received TIME_TICK alarm; rescheduling
01-06 15:00:00.000  1342  1501 V AlarmManager: set(null) : type=3 listener=com.android.server.alarm.AlarmManagerService$2@99eadcf listenerTag=TIME_TICK workSource=null callingPackage=android callingUid=1000 triggerAtTime=2176706481 win=0 tElapsed=2176706481 maxElapsed=2176706481 interval=0 flags=0x9
01-06 15:00:00.000  1342  1342 V BroadcastQueue: Enqueuing BroadcastRecord{5abcc4d android.intent.action.TIME_TICK/u-1} ordered=false from uid 1000 pid 1342 for 3 receivers
01-06 15:00:00.001  1342  1501 D AlarmManagerService: set alarm to kernel: 2177358470000000, type=2
01-06 15:00:00.001  1342  1501 D AlarmManagerService: set alarm to kernel: 2176706481000000, type=3
01-06 15:00:00.003  1342  1501 D AlarmManager: sending alarm.type = 3, action = null, alarm = Alarm{2f3a302 type 3 origWhen 2176586481 whenElapsed 2176586481 android}, cn = null, operation = null, listener=com.android.server.alarm.AlarmManagerService$2@99eadcf, listenerTag=TIME_TICK, workSource=null
01-06 15:00:00.004  1342  7056 D PowerHALManager: powerhalmanager sendHint!!!
01-06 15:00:00.004  1342  1501 V BroadcastQueue: Enqueuing BroadcastRecord{2f33413 com.android.settings.battery.action.PERIODIC_JOB_UPDATE/u0} ordered=true from uid 1000 pid -1 for 1 receivers
01-06 15:00:00.004   913   913 D PowerHAL: enter VendorPower::sendHint
01-06 15:00:00.004   913   913 D PowerHAL: sendHint enter sendHint if():
01-06 15:00:00.004   913   913 D PowerHAL: sendHint got hintSession:0xb400007793816d40 
01-06 15:00:00.004   913   913 D PowerHAL: PowerHintSession sendHint hintSession and hint=2: mTgid: 15516, mUid: 10187
01-06 15:00:00.004  1342  1501 D AlarmManager: sending alarm.type = 0, action = com.android.settings.battery.action.PERIODIC_JOB_UPDATE, alarm = Alarm{51d2650 type 0 origWhen 1767691800000 whenElapsed 2176646481 com.android.settings}, cn = ComponentInfo{com.android.settings/com.android.settings.fuelgauge.batteryusage.PeriodicJobReceiver}, operation = PendingIntent{cc47cf8: PendingIntentRecord{d8cf5d1 com.android.settings broadcastIntent}}, listener=null, listenerTag=null, workSource=null
01-06 15:00:00.004   913   913 D PowerHAL: enter case CPU_LOAD_RESET, and uclampMin_High=650
01-06 15:00:00.004   913   913 D PowerHAL: sendHint got hintSession:0xb400007793816d40 return ok!
01-06 15:00:00.004  1342  1501 D AlarmManagerService: set alarm to kernel: 2177358470000000, type=2
01-06 15:00:00.004  1342  1501 D AlarmManagerService: set alarm to kernel: 2176706481000000, type=3
01-06 15:00:00.005   916   916 D vendor.sprd.hardware.combined@1.0-service: get_ion_memtrack_memory:start!
01-06 15:00:00.006  1342  1368 V BroadcastQueue: Enqueuing BroadcastRecord{f5e049 android.os.action.POWER_SAVE_TEMP_WHITELIST_CHANGED/u0} ordered=false from uid 1000 pid 1342 for 1 receivers
01-06 15:00:00.017  8791  8791 D PeriodicJobReceiver: refresh periodic job from action=com.android.settings.battery.action.PERIODIC_JOB_UPDATE
01-06 15:00:00.017  8791  9853 D BatteryUsageDataLoader: loadUsageDataSafely() in the AsyncTask
01-06 15:00:00.019  1342  2058 V AlarmManager: set(PendingIntent{47ced4e: PendingIntentRecord{1d2fe6f com.android.settings broadcastIntent}}) : type=0 listener=null listenerTag=null workSource=null callingPackage=com.android.settings callingUid=1000 triggerAtTime=1767695400000 win=0 tElapsed=2180246481 maxElapsed=2180246481 interval=0 flags=0x9
01-06 15:00:00.019  1342  2058 D AlarmManagerService: set alarm to kernel: 2177358470000000, type=2
01-06 15:00:00.019  1342  2058 D AlarmManagerService: set alarm to kernel: 2176706481000000, type=3
01-06 15:00:00.044  1342  7056 W BatteryExternalStatsWorker: error reading Bluetooth stats: 11
01-06 15:00:00.058  1342  1596 D WifiStaIfaceHidlImpl: getCachedScanData is not implemented by HIDL
01-06 15:00:00.085  8791  8791 D PeriodicJobManager: schedule next alarm job at Jan 06, 2026, 16:00:00
01-06 15:00:00.086  1342  3338 W TelephonyManager: requestModemActivityInfo: Received an invalid ModemActivityInfo
01-06 15:00:00.087  1342  3338 W BatteryExternalStatsWorker: error reading modem stats:ERROR_INVALID_INFO_RECEIVED
01-06 15:00:00.089  1342  3338 D BroadcastQueue: Receiver ResolveInfo{936577c com.android.settings/.fuelgauge.batteryusage.PeriodicJobReceiver m=0x0 userHandle=null} finished with BroadcastRecord{2f33413 com.android.settings.battery.action.PERIODIC_JOB_UPDATE/u0} took 84ms
01-06 15:00:00.114  1342  1387 D LowMemDetector: mExtendM: reportMemPressure1
01-06 15:00:00.115  1342  1387 I ExtM    : the number of flushable pages is relatively few
01-06 15:00:00.254  1342  2058 V AS.AudioDeviceBroker: requestedCommunicationDevice: null mAudioModeOwner: AudioModeInfo: mMode=MODE_NORMAL, mPid=0, mUid=0
01-06 15:00:00.255  1342  2058 V AS.AudioDeviceBroker: requestedCommunicationDevice: null mAudioModeOwner: AudioModeInfo: mMode=MODE_NORMAL, mPid=0, mUid=0
01-06 15:00:00.256  8791  9853 W PowerProfile: screen.on is deprecated! Use screen.on.display0 instead.
01-06 15:00:00.256  8791  9853 W PowerProfile: screen.full is deprecated! Use screen.full.display0 instead.
01-06 15:00:00.258  8791  9853 W ModemPowerProfile: getAverageBatteryDrainMaH called with unexpected key: 0x0, drain:SLEEP,RAT:DEFAULT
01-06 15:00:00.258  8791  9853 W ModemPowerProfile: getAverageBatteryDrainMaH called with unexpected key: 0x10000000, drain:IDLE,RAT:DEFAULT
01-06 15:00:00.258  8791  9853 W ModemPowerProfile: getAverageBatteryDrainMaH called with unexpected key: 0x20000000, drain:RX,RAT:DEFAULT
01-06 15:00:00.258  8791  9853 W ModemPowerProfile: getAverageBatteryDrainMaH called with unexpected key: 0x30000000, drain:TX,level:0,RAT:DEFAULT
01-06 15:00:00.258  8791  9853 W ModemPowerProfile: getAverageBatteryDrainMaH called with unexpected key: 0x31000000, drain:TX,level:1,RAT:DEFAULT
01-06 15:00:00.258  8791  9853 W ModemPowerProfile: getAverageBatteryDrainMaH called with unexpected key: 0x32000000, drain:TX,level:2,RAT:DEFAULT
01-06 15:00:00.258  8791  9853 W ModemPowerProfile: getAverageBatteryDrainMaH called with unexpected key: 0x33000000, drain:TX,level:3,RAT:DEFAULT
01-06 15:00:00.258  8791  9853 W ModemPowerProfile: getAverageBatteryDrainMaH called with unexpected key: 0x34000000, drain:TX,level:4,RAT:DEFAULT
01-06 15:00:00.272  1342  1354 I system_server: Background young concurrent mark compact GC freed 20MB AllocSpace bytes, 55(1148KB) LOS objects, 23% free, 63MB/83MB, paused 2.040ms,9.563ms total 117.552ms
01-06 15:00:00.771  8791  9853 D BatteryEntry: PackageManager failed to retrieve ApplicationInfo for: com.google.android.gms.persistent
01-06 15:00:01.135  8791  9853 D BatteryEntry: PackageManager failed to retrieve ApplicationInfo for: android.process.media
01-06 15:00:01.143  8791  9853 D BatteryEntry: PackageManager failed to retrieve ApplicationInfo for: android.process.acore
01-06 15:00:01.143  8791  9853 D BatteryEntry: PackageManager failed to retrieve ApplicationInfo for: mediaserver
01-06 15:00:01.153  8791  9853 D BatteryEntry: PackageManager failed to retrieve ApplicationInfo for: kswapd0
01-06 15:00:01.164  8791  9853 W BatteryEntry: unknown attribute:AUDIO
01-06 15:00:01.165  8791  9853 W BatteryEntry: unknown attribute:VIDEO
01-06 15:00:01.166  8791  9853 W BatteryEntry: unknown attribute:SYSTEM_SERVICES
01-06 15:00:01.167  8791  9853 W BatteryEntry: unknown attribute:SENSORS
01-06 15:00:01.172  8791  9853 W BatteryEntry: unknown attribute:WAKELOCK
01-06 15:00:01.173  8791  9853 W BatteryEntry: unknown attribute:MEMORY
01-06 15:00:01.175  8791  9853 W BatteryEntry: unknown attribute:IDLE
01-06 15:00:01.175  8791  9853 W BatteryEntry: unknown attribute:REATTRIBUTED_TO_OTHER_CONSUMERS
01-06 15:00:01.175  8791  9853 D BatteryUsageDataLoader: getBatteryUsageStats() in 1157/ms
01-06 15:00:01.194  1342  1387 D LowMemDetector: mExtendM: reportMemPressure1
01-06 15:00:01.196  1342  1387 I ExtM    : the number of flushable pages is relatively few
01-06 15:00:01.257  1342  2058 V AS.AudioDeviceBroker: requestedCommunicationDevice: null mAudioModeOwner: AudioModeInfo: mMode=MODE_NORMAL, mPid=0, mUid=0
01-06 15:00:01.257  1342  2058 V AS.AudioDeviceBroker: requestedCommunicationDevice: null mAudioModeOwner: AudioModeInfo: mMode=MODE_NORMAL, mPid=0, mUid=0
01-06 15:00:01.323  1342  2058 D ActivityManager: Skip enqueue broadcast because no receiver with Intent { act=android.intent.action.SIG_STR flg=0x10 (has extras) }
01-06 15:00:01.326 15516 15516 D UniResolvedNetworkType: sub 18: dataNetType not Override 13
01-06 15:00:01.373  8791  9853 D DatabaseUtils: insert() battery states data into database with isFullChargeStart:false
01-06 15:00:01.376  8791  9853 D DatabaseUtils: sendBatteryEntryData() size=72 in 201/ms
01-06 15:00:01.381  8791  9853 D BatteryUsageContentProvider: getQueryUserId from uri: content://com.android.settings.battery.usage.provider/appUsageLatestTimestamp?userid=0
01-06 15:00:01.382  8791  9853 D BatteryUsageContentProvider: getAppUsageLatestTimestamp() for user 0 in 0/ms
01-06 15:00:01.392  8791  9853 D DatabaseUtils: getAppUsageStartTimestampOfUser() userId=0 latestTimestamp=Jan 06, 2026, 13:48:41 in 11/ms
01-06 15:00:01.403  8791  9853 D DataProcessor: getAppUsageEventsForUser(): 0 from 1767687521399 to 1767691801381 in 11/ms
01-06 15:00:01.403  8791  9853 D DataProcessor: getAppUsageEvents() for all unlocked users in 22/ms
01-06 15:00:01.442  8791  9853 W DataProcessor: Read 238 relevant events (601 total) from UsageStatsManager
01-06 15:00:01.442  8791  9853 D BatteryUsageDataLoader: loadAppUsageData() size=238 in 61/ms
01-06 15:00:01.816  1342  1342 V BroadcastQueue: Enqueuing BroadcastRecord{4c83044 android.intent.action.BATTERY_CHANGED/u-1} ordered=false from uid 1000 pid 1342 for 2 receivers
01-06 15:00:01.817  1342  1342 V BroadcastQueue: Enqueuing BroadcastRecord{89752d android.intent.action.BATTERY_CHANGED/u-1} ordered=false from uid 1000 pid 1342 for 25 receivers
01-06 15:00:01.819 15516 15516 D UnisocPowerUI: onReceive health:2 --> 2
01-06 15:00:01.819 15516 15516 D BatteryController: onReceive:mLevel=78,mCharging=true
01-06 15:00:01.820 15516 15516 D UnisocBatteryControllerEx: fireChargingSpeedChanged: 0
01-06 15:00:01.820 15516 16646 D PowerUI : can't show warning due to - plugged: true status unknown: false
01-06 15:00:01.821  1342  1342 D BoardScore: Received android.intent.action.BATTERY_CHANGED
01-06 15:00:01.821  1342  1342 D BoardScore: chargePlug 2; status =2
01-06 15:00:01.821  1342  1342 D BatteryServiceERP: action: android.intent.action.BATTERY_CHANGED,level:78,scale:100,status:2,isCharging:true,isSendNotification: false,isForceCharging:false
01-06 15:00:01.821  1342  1342 D BatteryServiceERP: battProtect switch: 0
01-06 15:00:02.005  8791  9853 D DatabaseUtils: insert() app usage events data into database
01-06 15:00:02.005  8791  9853 D DatabaseUtils: sendAppUsageEventData() size=238 in 563/ms
01-06 15:00:02.006  8791  9853 D BatteryUsageContentProvider: getLastFullChargeTimestamp() in 1/ms
01-06 15:00:02.009  8791  9853 D DatabaseUtils: getLastFullChargeTime() lastFullChargeTime=Jan 05, 2026, 14:08:18 in 4/ms
01-06 15:00:02.009  8791  9853 D DatabaseUtils: getBatteryEvents for timestamp: 1767602298750
01-06 15:00:02.010  8791  9853 D BatteryUsageContentProvider: getQueryBatteryEventTypes from uri: content://com.android.settings.battery.usage.provider/BatteryEvent?timestamp=1767602298750&batteryEventType=3%2C4
01-06 15:00:02.010  8791  9853 D BatteryUsageContentProvider: getQueryTimestamp from uri: content://com.android.settings.battery.usage.provider/BatteryEvent?timestamp=1767602298750&batteryEventType=3%2C4
01-06 15:00:02.011  8791  9853 W BatteryUsageContentProvider: getBatteryEvents() in 1/ms
01-06 15:00:02.012  8791  9853 D DatabaseUtils: getBatteryEvents size=25 in 3/ms
01-06 15:00:02.013  8791  9853 D DataProcessManager: getPeriodBatteryLevelData() startTimestamp=Jan 06, 2026, 14:00:00
01-06 15:00:02.013  8791  9853 D DataProcessManager: execute getBatteryLevelData in 8/ms, batteryLevelRecordEvents.size=25
01-06 15:00:02.013  8791  9853 D BatteryUsageDataLoader: preprocessBatteryUsageSlots() no new battery usage data.
01-06 15:00:02.013  8791  9853 D BatteryUsageDataLoader: loadUsageDataSafely() in 1996/ms
01-06 15:00:02.014  8791  9859 D DatabaseUtils: clearExpiredDataIfNeeded() clearAllBefore earliestTimestamp=1766914202014
01-06 15:00:02.259  1342  2058 V AS.AudioDeviceBroker: requestedCommunicationDevice: null mAudioModeOwner: AudioModeInfo: mMode=MODE_NORMAL, mPid=0, mUid=0
01-06 15:00:02.259  1342  2058 V AS.AudioDeviceBroker: requestedCommunicationDevice: null mAudioModeOwner: AudioModeInfo: mMode=MODE_NORMAL, mPid=0, mUid=0
01-06 15:00:02.524  1342  1373 E UnisocWatchdog: UnisocWatchdogImpl sendMessage:0
01-06 15:00:02.524  1342  1464 E UnisocWatchdog: UNISOCWATCHDOG_MESSAGE_TIMER30 trigger
01-06 15:00:03.261  1342  2058 V AS.AudioDeviceBroker: requestedCommunicationDevice: null mAudioModeOwner: AudioModeInfo: mMode=MODE_NORMAL, mPid=0, mUid=0
01-06 15:00:03.261  1342  2058 V AS.AudioDeviceBroker: requestedCommunicationDevice: null mAudioModeOwner: AudioModeInfo: mMode=MODE_NORMAL, mPid=0, mUid=0
01-06 15:00:04.263  1342  2058 V AS.AudioDeviceBroker: requestedCommunicationDevice: null mAudioModeOwner: AudioModeInfo: mMode=MODE_NORMAL, mPid=0, mUid=0
01-06 15:00:04.263  1342  2058 V AS.AudioDeviceBroker: requestedCommunicationDevice: null mAudioModeOwner: AudioModeInfo: mMode=MODE_NORMAL, mPid=0, mUid=0
01-06 15:00:04.840  1342  1342 V BroadcastQueue: Enqueuing BroadcastRecord{a08ca62 android.intent.action.BATTERY_CHANGED/u-1} ordered=false from uid 1000 pid 1342 for 2 receivers
01-06 15:00:04.840  1342  1342 V BroadcastQueue: Enqueuing BroadcastRecord{d3437f3 android.intent.action.BATTERY_CHANGED/u-1} ordered=false from uid 1000 pid 1342 for 25 receivers
01-06 15:00:04.842 15516 15516 D UnisocPowerUI: onReceive health:2 --> 2
01-06 15:00:04.842 15516 15516 D BatteryController: onReceive:mLevel=78,mCharging=true
01-06 15:00:04.843 15516 15516 D UnisocBatteryControllerEx: fireChargingSpeedChanged: 0
01-06 15:00:04.844 15516 16265 D PowerUI : can't show warning due to - plugged: true status unknown: false
01-06 15:00:04.844  1342  1342 D BoardScore: Received android.intent.action.BATTERY_CHANGED
01-06 15:00:04.844  1342  1342 D BoardScore: chargePlug 2; status =2
01-06 15:00:04.844  1342  1342 D BatteryServiceERP: action: android.intent.action.BATTERY_CHANGED,level:78,scale:100,status:2,isCharging:true,isSendNotification: false,isForceCharging:false
01-06 15:00:04.844  1342  1342 D BatteryServiceERP: battProtect switch: 0
01-06 15:00:05.265  1342  3338 V AS.AudioDeviceBroker: requestedCommunicationDevice: null mAudioModeOwner: AudioModeInfo: mMode=MODE_NORMAL, mPid=0, mUid=0
01-06 15:00:05.266  1342  3338 V AS.AudioDeviceBroker: requestedCommunicationDevice: null mAudioModeOwner: AudioModeInfo: mMode=MODE_NORMAL, mPid=0, mUid=0
01-06 15:00:05.912  1342  1342 V BroadcastQueue: Enqueuing BroadcastRecord{13a0cb0 android.intent.action.BATTERY_CHANGED/u-1} ordered=false from uid 1000 pid 1342 for 2 receivers
01-06 15:00:05.914 15516 15516 D UnisocPowerUI: onReceive health:2 --> 2
01-06 15:00:05.914 15516 15516 D BatteryController: onReceive:mLevel=78,mCharging=true
01-06 15:00:05.914  1342  1342 V BroadcastQueue: Enqueuing BroadcastRecord{5b53729 android.intent.action.BATTERY_CHANGED/u-1} ordered=false from uid 1000 pid 1342 for 25 receivers
01-06 15:00:05.916  1342  1342 D BoardScore: Received android.intent.action.BATTERY_CHANGED
01-06 15:00:05.916 15516 15516 D UnisocBatteryControllerEx: fireChargingSpeedChanged: 0
01-06 15:00:05.916  1342  1342 D BoardScore: chargePlug 2; status =2
01-06 15:00:05.917  1342  1342 D BatteryServiceERP: action: android.intent.action.BATTERY_CHANGED,level:78,scale:100,status:2,isCharging:true,isSendNotification: false,isForceCharging:false
01-06 15:00:05.917 15516 17063 D PowerUI : can't show warning due to - plugged: true status unknown: false
01-06 15:00:05.917  1342  1342 D BatteryServiceERP: battProtect switch: 0
01-06 15:00:06.268  1342  3338 V AS.AudioDeviceBroker: requestedCommunicationDevice: null mAudioModeOwner: AudioModeInfo: mMode=MODE_NORMAL, mPid=0, mUid=0
01-06 15:00:06.268  1342  3338 V AS.AudioDeviceBroker: requestedCommunicationDevice: null mAudioModeOwner: AudioModeInfo: mMode=MODE_NORMAL, mPid=0, mUid=0
01-06 15:00:07.193  1342  1367 D PowerController.Thermal: temperature value = 36.0 , status = 0
01-06 15:00:07.193  1342  1367 D BrightnessThermalClamper: New thermal throttling status = 0
01-06 15:00:07.193  1342  1367 D ActivityManager: get tempetureValue is :36.0
01-06 15:00:07.195  1342  1367 D PowerManagerService: notifyThrottling LCD_TEMP :31375
01-06 15:00:07.270  1342  3338 V AS.AudioDeviceBroker: requestedCommunicationDevice: null mAudioModeOwner: AudioModeInfo: mMode=MODE_NORMAL, mPid=0, mUid=0
01-06 15:00:07.271  1342  3338 V AS.AudioDeviceBroker: requestedCommunicationDevice: null mAudioModeOwner: AudioModeInfo: mMode=MODE_NORMAL, mPid=0, mUid=0
01-06 15:00:07.646  1342  3338 D ActivityManager: Skip enqueue broadcast because no receiver with Intent { act=android.intent.action.SIG_STR flg=0x10 (has extras) }
01-06 15:00:07.650 15516 15516 D UniResolvedNetworkType: sub 2: dataNetType not Override 13
01-06 15:00:07.762  1342  1387 D LowMemDetector: mExtendM: reportMemPressure2
01-06 15:00:07.764  1342  1387 I ExtM    : the number of flushable pages is relatively few
01-06 15:00:07.799  1897  1901 I m.android.phone: Background young concurrent mark compact GC freed 10069KB AllocSpace bytes, 0(0B) LOS objects, 49% free, 10MB/20MB, paused 1.196ms,6.666ms total 149.248ms
01-06 15:00:07.870  1342  1387 D LowMemDetector: mExtendM: reportMemPressure3
01-06 15:00:07.871  1342  1387 I ExtM    : the number of flushable pages is relatively few
01-06 15:00:08.273  1342  3338 V AS.AudioDeviceBroker: requestedCommunicationDevice: null mAudioModeOwner: AudioModeInfo: mMode=MODE_NORMAL, mPid=0, mUid=0
01-06 15:00:08.273  1342  3338 V AS.AudioDeviceBroker: requestedCommunicationDevice: null mAudioModeOwner: AudioModeInfo: mMode=MODE_NORMAL, mPid=0, mUid=0
01-06 15:00:08.649  1342  3338 D ActivityManager: Skip enqueue broadcast because no receiver with Intent { act=android.intent.action.SIG_STR flg=0x10 (has extras) }
01-06 15:00:08.652 15516 15516 D UniResolvedNetworkType: sub 2: dataNetType not Override 13
01-06 15:00:09.275  1342  3338 V AS.AudioDeviceBroker: requestedCommunicationDevice: null mAudioModeOwner: AudioModeInfo: mMode=MODE_NORMAL, mPid=0, mUid=0
01-06 15:00:09.275  1342  3338 V AS.AudioDeviceBroker: requestedCommunicationDevice: null mAudioModeOwner: AudioModeInfo: mMode=MODE_NORMAL, mPid=0, mUid=0
01-06 15:00:09.650  1342  3338 D ActivityManager: Skip enqueue broadcast because no receiver with Intent { act=android.intent.action.SIG_STR flg=0x10 (has extras) }
01-06 15:00:09.654 15516 15516 D UniResolvedNetworkType: sub 18: dataNetType not Override 13
01-06 15:00:10.006  1342  1342 V BroadcastQueue: Enqueuing BroadcastRecord{a96c1c8 android.intent.action.BATTERY_CHANGED/u-1} ordered=false from uid 1000 pid 1342 for 2 receivers
01-06 15:00:10.008 15516 15516 D UnisocPowerUI: onReceive health:2 --> 2
01-06 15:00:10.008 15516 15516 D BatteryController: onReceive:mLevel=78,mCharging=true
01-06 15:00:10.008  1342  1342 V BroadcastQueue: Enqueuing BroadcastRecord{9eba261 android.intent.action.BATTERY_CHANGED/u-1} ordered=false from uid 1000 pid 1342 for 25 receivers
01-06 15:00:10.010 15516 15516 D UnisocBatteryControllerEx: fireChargingSpeedChanged: 0
01-06 15:00:10.010 15516 15897 D PowerUI : can't show warning due to - plugged: true status unknown: false
01-06 15:00:10.010  1342  1342 D BoardScore: Received android.intent.action.BATTERY_CHANGED
01-06 15:00:10.010  1342  1342 D BoardScore: chargePlug 2; status =2
01-06 15:00:10.010  1342  1342 D BatteryServiceERP: action: android.intent.action.BATTERY_CHANGED,level:78,scale:100,status:2,isCharging:true,isSendNotification: false,isForceCharging:false
01-06 15:00:10.010  1342  1342 D BatteryServiceERP: battProtect switch: 0
