01-06 14:58:39.582  1342  1376 W MagnificationConnectionManager: requestConnection duplicated request: connect=false, mConnectionState=DISCONNECTED
01-06 14:58:39.585  1342  1462 D WindowManager: isSupportDynamicNavbar user0, navBarMode = 0, is3buttonModeNavbar = true
01-06 14:58:39.589  1342  1462 D WindowManager: isSupportDynamicNavbar user0, navBarMode = 0, is3buttonModeNavbar = true
01-06 14:58:39.624  1897  1897 I ActivityThread: ApplicationInfo updating for com.android.providers.telephony, new timestamp: 207285984
01-06 14:58:39.624  1897  1897 I ActivityThread: assets removed: [/data/resource-cache/com.android.systemui-neutral-nQ2k.frro, /data/resource-cache/com.android.systemui-accent-SHMn.frro, /data/resource-cache/com.android.systemui-dynamic-WvQV.frro]
01-06 14:58:39.624  1897  1897 I ActivityThread: assets added: [/data/resource-cache/com.android.systemui-neutral-L0S6.frro, /data/resource-cache/com.android.systemui-accent-1DVr.frro, /data/resource-cache/com.android.systemui-dynamic-HSGK.frro]
01-06 14:58:39.624  1897  1897 W Looper  : Slow dispatch took 232ms main h=android.app.ActivityThread$H c=null m=156
01-06 14:58:39.633  1897  1897 W Looper  : Slow delivery took 232ms main h=android.app.ActivityThread$H c=null m=156
01-06 14:58:39.650  1342  1387 D LowMemDetector: mExtendM: reportMemPressure3
01-06 14:58:39.651  1342  1387 I ExtM    : runFlush  interval less than FLUSH_INTERVAL_LIMIT, skip flush
01-06 14:58:39.658 18348 18348 I ActivityThread: ApplicationInfo updating for com.android.providers.media, new timestamp: 207285980
01-06 14:58:39.658 18348 18348 I ActivityThread: assets removed: [/data/resource-cache/com.android.systemui-neutral-nQ2k.frro, /data/resource-cache/com.android.systemui-accent-SHMn.frro, /data/resource-cache/com.android.systemui-dynamic-WvQV.frro]
01-06 14:58:39.658 18348 18348 I ActivityThread: assets added: [/data/resource-cache/com.android.systemui-neutral-L0S6.frro, /data/resource-cache/com.android.systemui-accent-1DVr.frro, /data/resource-cache/com.android.systemui-dynamic-HSGK.frro]
01-06 14:58:39.712 15516 15516 V ActivityThread: getPackageInfo() caused update to cached ApplicationInfo for package in.workindia.hireindia
01-06 14:58:39.730  1342  4465 W AppOpService: Ignored setUidMode call for runtime permission app op: uid = 10148, code = READ_CELL_BROADCASTS, mode = allow, callingUid = 1001, oldMode = allow
01-06 14:58:39.748  1342  4465 W AppOpService: Ignored setUidMode call for runtime permission app op: uid = 1001, code = READ_SMS, mode = allow, callingUid = 1001, oldMode = allow
01-06 14:58:39.749  1342  4465 W AppOpService: Ignored setUidMode call for runtime permission app op: uid = 1001, code = RECEIVE_SMS, mode = allow, callingUid = 1001, oldMode = allow
01-06 14:58:39.750  1342  4465 W AppOpService: Ignored setUidMode call for runtime permission app op: uid = 1001, code = RECEIVE_WAP_PUSH, mode = allow, callingUid = 1001, oldMode = allow
01-06 14:58:39.750  1342  4465 W AppOpService: Ignored setUidMode call for runtime permission app op: uid = 1001, code = SEND_SMS, mode = allow, callingUid = 1001, oldMode = allow
01-06 14:58:39.751  1342  2177 W AppOpService: Ignored setUidMode call for runtime permission app op: uid = 1001, code = READ_CELL_BROADCASTS, mode = allow, callingUid = 1001, oldMode = allow
01-06 14:58:39.830  1342  1359 D WindowManager: isSupportDynamicNavbar user0, navBarMode = 0, is3buttonModeNavbar = true
01-06 14:58:39.870  3260  3260 I ActivityThread: ApplicationInfo updating for com.unisoc.android.wifi, new timestamp: 207285982
01-06 14:58:39.870  3260  3260 I ActivityThread: assets removed: [/data/resource-cache/com.android.systemui-neutral-nQ2k.frro, /data/resource-cache/com.android.systemui-accent-SHMn.frro, /data/resource-cache/com.android.systemui-dynamic-WvQV.frro]
01-06 14:58:39.870  3260  3260 I ActivityThread: assets added: [/data/resource-cache/com.android.systemui-neutral-L0S6.frro, /data/resource-cache/com.android.systemui-accent-1DVr.frro, /data/resource-cache/com.android.systemui-dynamic-HSGK.frro]
01-06 14:58:39.898  1342  1342 V BroadcastQueue: Enqueuing BroadcastRecord{c68d834 android.intent.action.BATTERY_CHANGED/u-1} ordered=false from uid 1000 pid 1342 for 2 receivers
01-06 14:58:39.905  1342  1342 V BroadcastQueue: Enqueuing BroadcastRecord{428bb59 android.intent.action.BATTERY_CHANGED/u-1} ordered=false from uid 1000 pid 1342 for 25 receivers
01-06 14:58:39.913  1897  1897 W Looper  : Drained
01-06 14:58:39.914  1342  1342 D BatteryServiceERP: action: android.intent.action.BATTERY_CHANGED,level:78,scale:100,status:2,isCharging:true,isSendNotification: false,isForceCharging:false
01-06 14:58:39.914  1342  1342 D BatteryServiceERP: battProtect switch: 0
01-06 14:58:40.020  1342  1380 I ActivityManager: Start proc 8968:com.android.vending/u0a152 for broadcast {com.android.vending/com.google.android.finsky.packagemonitor.impl.PackageMonitorReceiverImpl$RegisteredReceiver}
01-06 14:58:40.030  1342  6254 V AlarmManager: set(PendingIntent{13a6de8: PendingIntentRecord{ccdac01 com.google.android.gms/com.google.android.gms.container startService}}) : type=3 listener=null listenerTag=null workSource=null callingPackage=com.google.android.gms callingUid=10153 triggerAtTime=317536566507 win=3600000 tElapsed=317536566507 maxElapsed=317540166507 interval=0 flags=0x0
01-06 14:58:40.078  1342  2177 V BroadcastQueue: Enqueuing BroadcastRecord{bce39ad android.net.conn.CONNECTIVITY_CHANGE/u-1} ordered=false from uid -1 pid -1 for 1 receivers
01-06 14:58:40.095  1342  2177 D WindowManager: isSupportDynamicNavbar user0, navBarMode = 0, is3buttonModeNavbar = true
01-06 14:58:40.099  1342  1371 D WindowManager: isSupportDynamicNavbar user0, navBarMode = 0, is3buttonModeNavbar = true
01-06 14:58:40.170 15516 15516 W Looper  : Slow dispatch took 674ms main h=android.app.ActivityThread$H c=null m=159
01-06 14:58:40.180 15516 15516 W Looper  : Slow delivery took 675ms main h=android.app.ActivityThread$H c=android.app.LoadedApk$ReceiverDispatcher$Args$$ExternalSyntheticLambda0@292ebc3 m=0
01-06 14:58:40.194  1342  5390 D ActivityManager: getHistoricalProcessExitReasons pkg: com.android.vending, pid:  0, userId: 0, callingPid: 8968, callingUid: 10152
01-06 14:58:40.287 15516 15516 W Looper  : Slow dispatch took 102ms main h=android.os.Handler c=com.android.systemui.fragments.FragmentService$FragmentHostState$$ExternalSyntheticLambda0@2e872f9 m=0
01-06 14:58:40.329  1342  1462 D PackageManager: Considering set com.android.vending/com.android.vending.AssetBrowserActivity's state as 1 with userId = 0, callingPackage = com.android.vending:10152
01-06 14:58:40.330  1342  1380 I ActivityManager: Start proc 9021:com.android.vending:background/u0a152 for broadcast {com.android.vending/com.google.android.finsky.packagemonitor.backgroundimpl.BackgroundPackageMonitorReceiverImpl$RegisteredReceiver}
01-06 14:58:40.338  1342  1462 V BroadcastQueue: Enqueuing BroadcastRecord{ac87dae com.google.android.finsky.action.UPDATE_SETTINGS_ACTION/u0} ordered=false from uid 10152 pid 8968 for 1 receivers
01-06 14:58:40.431  1342  5390 V BroadcastQueue: Enqueuing BroadcastRecord{aa42a1a android.intent.action.BATTERY_CHANGED/u-1} ordered=false from uid -1 pid -1 for 1 receivers
01-06 14:58:40.433 15516 15516 W Looper  : Slow dispatch took 145ms main h=android.os.Handler c=com.android.systemui.fragments.FragmentService$FragmentHostState$$ExternalSyntheticLambda0@67c91e6 m=0
01-06 14:58:40.448  1342  1461 D WindowManager: isSupportDynamicNavbar user0, navBarMode = 0, is3buttonModeNavbar = true
01-06 14:58:40.458  1342  2177 D WindowManager: finishDrawingLocked: merge with mWin.mSyncTransaction!!! , mWin=Window{1bd80bf u0 NavigationBar0}, [type=2019, isChildWindow=false]-[Surface(name=*Title#65914)/@0xc068199, shown=false, windowType=2019]
01-06 14:58:40.460  1342  1371 D WindowManager: isSupportDynamicNavbar user0, navBarMode = 0, is3buttonModeNavbar = true
01-06 14:58:40.461  1342  2177 D WindowManager: isSupportDynamicNavbar user0, navBarMode = 0, is3buttonModeNavbar = true
01-06 14:58:40.495  1342  6254 D ActivityManager: getHistoricalProcessExitReasons pkg: com.android.vending, pid:  0, userId: 0, callingPid: 9021, callingUid: 10152
01-06 14:58:40.514  1342  1387 D LowMemDetector: mExtendM: reportMemPressure1
01-06 14:58:40.554  1342  1487 W JobServiceContext: Sending onNetworkChanged for a job that isn't started. JobStatus{cdcc07c androidx.work.systemjobscheduler:u0a177/11265 @androidx.work.systemjobscheduler@com.google.android.youtube/androidx.work.impl.background.systemjob.SystemJobService u=0 s=10177 TIME=-2s687ms:none NET READY}
01-06 14:58:40.560  8878  8878 I ActivityThread: ApplicationInfo updating for com.google.android.youtube, new timestamp: 207285980
01-06 14:58:40.560  8878  8878 I ActivityThread: assets removed: [/data/resource-cache/com.android.systemui-neutral-nQ2k.frro, /data/resource-cache/com.android.systemui-accent-SHMn.frro, /data/resource-cache/com.android.systemui-dynamic-WvQV.frro]
01-06 14:58:40.560  8878  8878 I ActivityThread: assets added: [/data/resource-cache/com.android.systemui-neutral-L0S6.frro, /data/resource-cache/com.android.systemui-accent-1DVr.frro, /data/resource-cache/com.android.systemui-dynamic-HSGK.frro]
01-06 14:58:40.598  1342  1495 D ActivityManager: freezing 8733 com.android.rkpdapp
01-06 14:58:40.602  8878  8878 W ActivityThread: getPackageInfo() called with an older ApplicationInfo than the cached version for package com.google.android.youtube
01-06 14:58:40.622  1342  1387 D LowMemDetector: mExtendM: reportMemPressure2
01-06 14:58:40.622  1342  1387 I ExtM    : runFlush  interval less than FLUSH_INTERVAL_LIMIT, skip flush
01-06 14:58:40.640  1342  1380 I ActivityManager: Start proc 9121:com.google.android.apps.nbu.files/u0a229 for broadcast {com.google.android.apps.nbu.files/com.google.android.apps.nbu.files.documentbrowser.browselanding.rootcontainerlist.receiver.PackageChangeReceiver_Receiver}
01-06 14:58:40.677  1342  1462 D WindowManager: finishDrawingLocked: merge with mWin.mSyncTransaction!!! , mWin=Window{dd2f1bb u0 NotificationShade}, [type=2040, isChildWindow=false]-[Surface(name=*Title#73040)/@0x9b601f, shown=false, windowType=2040]
01-06 14:58:40.679  1342  1371 D WindowManager: isSupportDynamicNavbar user0, navBarMode = 0, is3buttonModeNavbar = true
01-06 14:58:40.680  1342  1371 D WindowManager: isSupportDynamicNavbar user0, navBarMode = 0, is3buttonModeNavbar = true
01-06 14:58:40.685  1342  1461 D WindowManager: isSupportDynamicNavbar user0, navBarMode = 0, is3buttonModeNavbar = true
01-06 14:58:40.691 15516 15516 W Looper  : Slow dispatch took 259ms main h=android.view.Choreographer$FrameHandler c=android.view.Choreographer$FrameDisplayEventReceiver@a797cd6 m=0
01-06 14:58:40.692  1342  6254 D WindowManager: finishDrawingLocked: merge with mWin.mSyncTransaction!!! , mWin=Window{f47e69 u0 StatusBar}, [type=2000, isChildWindow=false]-[Surface(name=*Title#65918)/@0x796efd2, shown=false, windowType=2000]
01-06 14:58:40.693  1342  1371 D WindowManager: isSupportDynamicNavbar user0, navBarMode = 0, is3buttonModeNavbar = true
01-06 14:58:40.700  1342  1638 I MR2ServiceImpl: Updating composite discovery preference | preference: RouteDiscoveryRequest{ preferredFeatures={}, activeScan=false }, active routers: []
01-06 14:58:40.701  1342  1371 D BLASTSyncEngine: finishNow mActiveSyncs.remove: 6381
01-06 14:58:40.702 15516 17056 V WindowManagerShell: onTransitionReady(transaction=5763846401863)
01-06 14:58:40.702 15516 15531 V WindowManagerShell: onTransitionReady (#6381) android.os.BinderProxy@4fcc9dc: {id=6381 t=CHANGE f=0x440 trk=0 r=[0@Point(0, 0)] c=[{WCT{android.window.IWindowContainerToken$Stub$Proxy@6266cb5} m=CHANGE f=SHOW_WALLPAPER|IS_DISPLAY leash=Surface(name=WindowedMagnification:0:31#3)/@0x865179f sb=Rect(0, 0 - 720, 1640) eb=Rect(0, 0 - 720, 1640) d=0}]}
01-06 14:58:40.702 15516 15531 V WindowManagerShell: Playing animation for (#6381) android.os.BinderProxy@4fcc9dc@0
01-06 14:58:40.702 15516 15531 V WindowManagerShell:  try handler com.android.wm.shell.keyguard.KeyguardTransitionHandler@374548a
01-06 14:58:40.703 15516 15531 V WindowManagerShell:  try handler com.android.wm.shell.pip.PipTransition@7063afb
01-06 14:58:40.703 15516 15531 V WindowManagerShell:  try handler com.android.wm.shell.activityembedding.ActivityEmbeddingController@cc1c718
01-06 14:58:40.703 15516 15531 V WindowManagerShell:  try handler com.android.wm.shell.recents.RecentsTransitionHandler@dbb4571
01-06 14:58:40.703 15516 15531 V ShellRecents: RecentsTransitionHandler.startAnimation: no controller found
01-06 14:58:40.703 15516 15531 V WindowManagerShell:  try handler com.android.wm.shell.transition.RemoteTransitionHandler@e4b2f56
01-06 14:58:40.703 15516 15531 V WindowManagerShell:  try handler com.android.wm.shell.transition.DefaultTransitionHandler@f38bd7
01-06 14:58:40.703 15516 15531 V WindowManagerShell: start default transition animation, info = {id=6381 t=CHANGE f=0x440 trk=0 r=[0@Point(0, 0)] c=[{WCT{android.window.IWindowContainerToken$Stub$Proxy@6266cb5} m=CHANGE f=SHOW_WALLPAPER|IS_DISPLAY leash=Surface(name=WindowedMagnification:0:31#3)/@0x865179f sb=Rect(0, 0 - 720, 1640) eb=Rect(0, 0 - 720, 1640) d=0}]}
01-06 14:58:40.705  1342  1367 V WindowManager: Sent Transition (#6381) createdAt=01-06 14:58:39.471 via request=TransitionRequestInfo { type = CHANGE, triggerTask = null, pipTask = null, remoteTransition = null, displayChange = null, flags = 0, debugId = 6381 }
01-06 14:58:40.705  1342  1367 V WindowManager:     startWCT=WindowContainerTransaction { changes = {} hops = [] errorCallbackToken=null taskFragmentOrganizer=null }
01-06 14:58:40.705 15516 15531 V WindowManagerShell: Transition animation finished (aborted=false), notifying core (#6381) android.os.BinderProxy@4fcc9dc@0
01-06 14:58:40.705  1342  1367 V WindowManager:     info={id=6381 t=CHANGE f=0x440 trk=0 r=[0@Point(0, 0)] c=[
01-06 14:58:40.705  1342  1367 V WindowManager:         {WCT{RemoteToken{f989359 Display{#0 state=OFF size=720x1640 ROTATION_0}}} m=CHANGE f=SHOW_WALLPAPER|IS_DISPLAY leash=Surface(name=WindowedMagnification:0:31#3)/@0x674d603 sb=Rect(0, 0 - 720, 1640) eb=Rect(0, 0 - 720, 1640) d=0}
01-06 14:58:40.705  1342  1367 V WindowManager:     ]}
01-06 14:58:40.713  1342  2177 W PackageInstallerSession: Calling uid 10152 does not granted permission android.permission.READ_INSTALLED_SESSION_PATHS
01-06 14:58:40.713  1342  2177 W PackageInstallerSession: Calling uid 10152 does not granted permission android.permission.READ_INSTALLED_SESSION_PATHS
01-06 14:58:40.713  1342  2177 W PackageInstallerSession: Calling uid 10152 does not granted permission android.permission.READ_INSTALLED_SESSION_PATHS
01-06 14:58:40.713  1342  2177 W PackageInstallerSession: Calling uid 10152 does not granted permission android.permission.READ_INSTALLED_SESSION_PATHS
01-06 14:58:40.713  1342  2177 W PackageInstallerSession: Calling uid 10152 does not granted permission android.permission.READ_INSTALLED_SESSION_PATHS
01-06 14:58:40.713  1342  2177 W PackageInstallerSession: Calling uid 10152 does not granted permission android.permission.READ_INSTALLED_SESSION_PATHS
01-06 14:58:40.713  1342  2177 W PackageInstallerSession: Calling uid 10152 does not granted permission android.permission.READ_INSTALLED_SESSION_PATHS
01-06 14:58:40.713  1342  2177 W PackageInstallerSession: Calling uid 10152 does not granted permission android.permission.READ_INSTALLED_SESSION_PATHS
01-06 14:58:40.713  1342  2177 W PackageInstallerSession: Calling uid 10152 does not granted permission android.permission.READ_INSTALLED_SESSION_PATHS
01-06 14:58:40.713  1342  2177 W PackageInstallerSession: Calling uid 10152 does not granted permission android.permission.READ_INSTALLED_SESSION_PATHS
01-06 14:58:40.714  1342  2177 W PackageInstallerSession: Calling uid 10152 does not granted permission android.permission.READ_INSTALLED_SESSION_PATHS
01-06 14:58:40.714  1342  2177 W PackageInstallerSession: Calling uid 10152 does not granted permission android.permission.READ_INSTALLED_SESSION_PATHS
01-06 14:58:40.714  1342  2177 W PackageInstallerSession: Calling uid 10152 does not granted permission android.permission.READ_INSTALLED_SESSION_PATHS
01-06 14:58:40.714  1342  2177 W PackageInstallerSession: Calling uid 10152 does not granted permission android.permission.READ_INSTALLED_SESSION_PATHS
01-06 14:58:40.714  1342  2177 W PackageInstallerSession: Calling uid 10152 does not granted permission android.permission.READ_INSTALLED_SESSION_PATHS
01-06 14:58:40.714  1342  2177 W PackageInstallerSession: Calling uid 10152 does not granted permission android.permission.READ_INSTALLED_SESSION_PATHS
01-06 14:58:40.714  1342  2177 W PackageInstallerSession: Calling uid 10152 does not granted permission android.permission.READ_INSTALLED_SESSION_PATHS
01-06 14:58:40.714  1342  2177 W PackageInstallerSession: Calling uid 10152 does not granted permission android.permission.READ_INSTALLED_SESSION_PATHS
01-06 14:58:40.714  1342  2177 W PackageInstallerSession: Calling uid 10152 does not granted permission android.permission.READ_INSTALLED_SESSION_PATHS
01-06 14:58:40.714  1342  2177 W PackageInstallerSession: Calling uid 10152 does not granted permission android.permission.READ_INSTALLED_SESSION_PATHS
01-06 14:58:40.714  1342  2177 W PackageInstallerSession: Calling uid 10152 does not granted permission android.permission.READ_INSTALLED_SESSION_PATHS
01-06 14:58:40.714  1342  2177 W PackageInstallerSession: Calling uid 10152 does not granted permission android.permission.READ_INSTALLED_SESSION_PATHS
01-06 14:58:40.714  1342  2177 W PackageInstallerSession: Calling uid 10152 does not granted permission android.permission.READ_INSTALLED_SESSION_PATHS
01-06 14:58:40.714  1342  2177 W PackageInstallerSession: Calling uid 10152 does not granted permission android.permission.READ_INSTALLED_SESSION_PATHS
01-06 14:58:40.714  1342  2177 W PackageInstallerSession: Calling uid 10152 does not granted permission android.permission.READ_INSTALLED_SESSION_PATHS
01-06 14:58:40.714  1342  2177 W PackageInstallerSession: Calling uid 10152 does not granted permission android.permission.READ_INSTALLED_SESSION_PATHS
01-06 14:58:40.714  1342  2177 W PackageInstallerSession: Calling uid 10152 does not granted permission android.permission.READ_INSTALLED_SESSION_PATHS
01-06 14:58:40.715  1342  1638 I MR2ServiceImpl: Updating composite discovery preference | preference: RouteDiscoveryRequest{ preferredFeatures={}, activeScan=false }, active routers: []
01-06 14:58:40.715  1342  1367 V WindowManager: Finish Transition (#6381): created at 01-06 14:58:39.471 collect-started=0.074ms request-sent=0.152ms started=7.442ms ready=25.48ms sent=1226.311ms finished=1237.164ms
01-06 14:58:40.718 15516 15531 V WindowManagerShell: Track 0 became idle
01-06 14:58:40.719 15516 15531 V WindowManagerShell: All active transition animations finished
01-06 14:58:40.719 15516 15531 V WindowManagerShell:  animated by com.android.wm.shell.transition.DefaultTransitionHandler@f38bd7
01-06 14:58:40.719 15516 15531 V WindowManagerShell: Track 0 became idle
01-06 14:58:40.719 15516 15531 V WindowManagerShell: All active transition animations finished
01-06 14:58:40.719  1342  8452 D WindowManager: isSupportDynamicNavbar user0, navBarMode = 0, is3buttonModeNavbar = true
01-06 14:58:40.720 15516 16380 D PowerUI : can't show warning due to - plugged: true status unknown: false
01-06 14:58:40.730  1342  1387 D LowMemDetector: mExtendM: reportMemPressure3
01-06 14:58:40.730  1342  1387 I ExtM    : runFlush  interval less than FLUSH_INTERVAL_LIMIT, skip flush
01-06 14:58:40.749 15516 15587 V ActivityThread: getPackageInfo() caused update to cached ApplicationInfo for package com.google.android.gms
01-06 14:58:40.753  1342  6254 W PackageInstallerSession: Calling uid 10152 does not granted permission android.permission.READ_INSTALLED_SESSION_PATHS
01-06 14:58:40.753  1342  6254 W PackageInstallerSession: Calling uid 10152 does not granted permission android.permission.READ_INSTALLED_SESSION_PATHS
01-06 14:58:40.753  1342  6254 W PackageInstallerSession: Calling uid 10152 does not granted permission android.permission.READ_INSTALLED_SESSION_PATHS
01-06 14:58:40.753  1342  6254 W PackageInstallerSession: Calling uid 10152 does not granted permission android.permission.READ_INSTALLED_SESSION_PATHS
01-06 14:58:40.753  1342  6254 W PackageInstallerSession: Calling uid 10152 does not granted permission android.permission.READ_INSTALLED_SESSION_PATHS
01-06 14:58:40.753  1342  6254 W PackageInstallerSession: Calling uid 10152 does not granted permission android.permission.READ_INSTALLED_SESSION_PATHS
01-06 14:58:40.753  1342  6254 W PackageInstallerSession: Calling uid 10152 does not granted permission android.permission.READ_INSTALLED_SESSION_PATHS
01-06 14:58:40.753  1342  6254 W PackageInstallerSession: Calling uid 10152 does not granted permission android.permission.READ_INSTALLED_SESSION_PATHS
01-06 14:58:40.753  1342  6254 W PackageInstallerSession: Calling uid 10152 does not granted permission android.permission.READ_INSTALLED_SESSION_PATHS
01-06 14:58:40.753  1342  6254 W PackageInstallerSession: Calling uid 10152 does not granted permission android.permission.READ_INSTALLED_SESSION_PATHS
01-06 14:58:40.753  1342  6254 W PackageInstallerSession: Calling uid 10152 does not granted permission android.permission.READ_INSTALLED_SESSION_PATHS
01-06 14:58:40.753  1342  6254 W PackageInstallerSession: Calling uid 10152 does not granted permission android.permission.READ_INSTALLED_SESSION_PATHS
01-06 14:58:40.753  1342  6254 W PackageInstallerSession: Calling uid 10152 does not granted permission android.permission.READ_INSTALLED_SESSION_PATHS
01-06 14:58:40.753  1342  6254 W PackageInstallerSession: Calling uid 10152 does not granted permission android.permission.READ_INSTALLED_SESSION_PATHS
01-06 14:58:40.753  1342  6254 W PackageInstallerSession: Calling uid 10152 does not granted permission android.permission.READ_INSTALLED_SESSION_PATHS
01-06 14:58:40.753  1342  6254 W PackageInstallerSession: Calling uid 10152 does not granted permission android.permission.READ_INSTALLED_SESSION_PATHS
01-06 14:58:40.753  1342  6254 W PackageInstallerSession: Calling uid 10152 does not granted permission android.permission.READ_INSTALLED_SESSION_PATHS
01-06 14:58:40.753  1342  6254 W PackageInstallerSession: Calling uid 10152 does not granted permission android.permission.READ_INSTALLED_SESSION_PATHS
01-06 14:58:40.753  1342  6254 W PackageInstallerSession: Calling uid 10152 does not granted permission android.permission.READ_INSTALLED_SESSION_PATHS
01-06 14:58:40.753  1342  6254 W PackageInstallerSession: Calling uid 10152 does not granted permission android.permission.READ_INSTALLED_SESSION_PATHS
01-06 14:58:40.753  1342  6254 W PackageInstallerSession: Calling uid 10152 does not granted permission android.permission.READ_INSTALLED_SESSION_PATHS
01-06 14:58:40.753  1342  6254 W PackageInstallerSession: Calling uid 10152 does not granted permission android.permission.READ_INSTALLED_SESSION_PATHS
01-06 14:58:40.753  1342  6254 W PackageInstallerSession: Calling uid 10152 does not granted permission android.permission.READ_INSTALLED_SESSION_PATHS
01-06 14:58:40.753  1342  6254 W PackageInstallerSession: Calling uid 10152 does not granted permission android.permission.READ_INSTALLED_SESSION_PATHS
01-06 14:58:40.753  1342  6254 W PackageInstallerSession: Calling uid 10152 does not granted permission android.permission.READ_INSTALLED_SESSION_PATHS
01-06 14:58:40.753  1342  6254 W PackageInstallerSession: Calling uid 10152 does not granted permission android.permission.READ_INSTALLED_SESSION_PATHS
01-06 14:58:40.753  1342  6254 W PackageInstallerSession: Calling uid 10152 does not granted permission android.permission.READ_INSTALLED_SESSION_PATHS
01-06 14:58:40.757 15516 15587 V ActivityThread: getPackageInfo() caused update to cached ApplicationInfo for package com.google.android.youtube
01-06 14:58:40.835  1342  6689 D ActivityManager: getHistoricalProcessExitReasons pkg: null, pid:  0, userId: 0, callingPid: 8878, callingUid: 10177
01-06 14:58:40.846  1342  1379 D CompatChangeReporter: Compat change id reported: 151861875; UID 10221; state: ENABLED
01-06 14:58:40.861  1342  1380 I ActivityManager: Start proc 9189:com.indus.appstore/u0a221 for broadcast {com.indus.appstore/com.indus.appstore.download.receiver.InstallBroadcastReceiver}
01-06 14:58:40.869  1342  1371 D WindowManager: isSupportDynamicNavbar user0, navBarMode = 0, is3buttonModeNavbar = true
01-06 14:58:40.882 15516 15516 W Looper  : Slow dispatch took 51ms main h=android.view.Choreographer$FrameHandler c=android.view.Choreographer$FrameDisplayEventReceiver@a797cd6 m=0
01-06 14:58:40.885  1342  1371 D WindowManager: isSupportDynamicNavbar user0, navBarMode = 0, is3buttonModeNavbar = true
01-06 14:58:40.918  1342  1461 I ActivityManager: Killing 8179:com.android.calllogbackup/u0a74 (adj 955): empty #9
01-06 14:58:40.922  1342  1384 D ActivityManager: quick sync unfreeze 8179 for 12
01-06 14:58:40.947  1342  1368 D SSense.NavigationAppRecognizer:  onProcessDied pkgNamesandroid.uid.shared:10074; pid = 8179; uid =10074; ProcessDiedpid =8179
01-06 14:58:41.010  1342  8452 W UserManagerService: Requested status bar icon for non-badged user 0
01-06 14:58:41.021  1342  4465 W JobScheduler: Job didn't exist in JobStore: cdcc07c {androidx.work.systemjobscheduler} #u0a177/11265 @androidx.work.systemjobscheduler@com.google.android.youtube/androidx.work.impl.background.systemjob.SystemJobService
01-06 14:58:41.027  1342  8452 D PackageManager: Considering set com.android.vending/com.google.android.finsky.activities.DebugActivity's state as 2 with userId = 0, callingPackage = com.android.vending:10152
01-06 14:58:41.029  1342  6254 D PackageManager: Considering set com.android.vending/com.google.android.finsky.hibernation.impl.UnhibernateActivity's state as 1 with userId = 0, callingPackage = com.android.vending:10152
01-06 14:58:41.030  1342  4465 D PackageManager: Considering set com.android.vending/com.google.android.finsky.systemupdateactivity.SystemUpdateActivity's state as 1 with userId = 0, callingPackage = com.android.vending:10152
01-06 14:58:41.031  1342  1461 D PackageManager: Considering set com.android.vending/com.google.android.finsky.systemcomponentupdateui.common.SystemComponentUpdateActivity's state as 0 with userId = 0, callingPackage = com.android.vending:10152
01-06 14:58:41.034  1342  4465 W PackageInstallerSession: Calling uid 10152 does not granted permission android.permission.READ_INSTALLED_SESSION_PATHS
01-06 14:58:41.034  1342  4465 W PackageInstallerSession: Calling uid 10152 does not granted permission android.permission.READ_INSTALLED_SESSION_PATHS
01-06 14:58:41.035  1342  4465 W PackageInstallerSession: Calling uid 10152 does not granted permission android.permission.READ_INSTALLED_SESSION_PATHS
01-06 14:58:41.035  1342  4465 W PackageInstallerSession: Calling uid 10152 does not granted permission android.permission.READ_INSTALLED_SESSION_PATHS
01-06 14:58:41.035  1342  4465 W PackageInstallerSession: Calling uid 10152 does not granted permission android.permission.READ_INSTALLED_SESSION_PATHS
01-06 14:58:41.035  1342  4465 W PackageInstallerSession: Calling uid 10152 does not granted permission android.permission.READ_INSTALLED_SESSION_PATHS
01-06 14:58:41.035  1342  4465 W PackageInstallerSession: Calling uid 10152 does not granted permission android.permission.READ_INSTALLED_SESSION_PATHS
01-06 14:58:41.035  1342  4465 W PackageInstallerSession: Calling uid 10152 does not granted permission android.permission.READ_INSTALLED_SESSION_PATHS
01-06 14:58:41.035  1342  4465 W PackageInstallerSession: Calling uid 10152 does not granted permission android.permission.READ_INSTALLED_SESSION_PATHS
01-06 14:58:41.035  1342  4465 W PackageInstallerSession: Calling uid 10152 does not granted permission android.permission.READ_INSTALLED_SESSION_PATHS
01-06 14:58:41.035  1342  4465 W PackageInstallerSession: Calling uid 10152 does not granted permission android.permission.READ_INSTALLED_SESSION_PATHS
01-06 14:58:41.035  1342  4465 W PackageInstallerSession: Calling uid 10152 does not granted permission android.permission.READ_INSTALLED_SESSION_PATHS
01-06 14:58:41.035  1342  4465 W PackageInstallerSession: Calling uid 10152 does not granted permission android.permission.READ_INSTALLED_SESSION_PATHS
01-06 14:58:41.035  1342  4465 W PackageInstallerSession: Calling uid 10152 does not granted permission android.permission.READ_INSTALLED_SESSION_PATHS
01-06 14:58:41.035  1342  4465 W PackageInstallerSession: Calling uid 10152 does not granted permission android.permission.READ_INSTALLED_SESSION_PATHS
01-06 14:58:41.035  1342  4465 W PackageInstallerSession: Calling uid 10152 does not granted permission android.permission.READ_INSTALLED_SESSION_PATHS
01-06 14:58:41.035  1342  4465 W PackageInstallerSession: Calling uid 10152 does not granted permission android.permission.READ_INSTALLED_SESSION_PATHS
01-06 14:58:41.035  1342  4465 W PackageInstallerSession: Calling uid 10152 does not granted permission android.permission.READ_INSTALLED_SESSION_PATHS
01-06 14:58:41.035  1342  4465 W PackageInstallerSession: Calling uid 10152 does not granted permission android.permission.READ_INSTALLED_SESSION_PATHS
01-06 14:58:41.035  1342  4465 W PackageInstallerSession: Calling uid 10152 does not granted permission android.permission.READ_INSTALLED_SESSION_PATHS
01-06 14:58:41.035  1342  4465 W PackageInstallerSession: Calling uid 10152 does not granted permission android.permission.READ_INSTALLED_SESSION_PATHS
01-06 14:58:41.035  1342  4465 W PackageInstallerSession: Calling uid 10152 does not granted permission android.permission.READ_INSTALLED_SESSION_PATHS
01-06 14:58:41.036  1342  4465 W PackageInstallerSession: Calling uid 10152 does not granted permission android.permission.READ_INSTALLED_SESSION_PATHS
01-06 14:58:41.036  1342  4465 W PackageInstallerSession: Calling uid 10152 does not granted permission android.permission.READ_INSTALLED_SESSION_PATHS
01-06 14:58:41.036  1342  4465 W PackageInstallerSession: Calling uid 10152 does not granted permission android.permission.READ_INSTALLED_SESSION_PATHS
01-06 14:58:41.036  1342  4465 W PackageInstallerSession: Calling uid 10152 does not granted permission android.permission.READ_INSTALLED_SESSION_PATHS
01-06 14:58:41.036  1342  4465 W PackageInstallerSession: Calling uid 10152 does not granted permission android.permission.READ_INSTALLED_SESSION_PATHS
01-06 14:58:41.037  1342  1461 W PackageInstallerSession: Calling uid 10152 does not granted permission android.permission.READ_INSTALLED_SESSION_PATHS
01-06 14:58:41.037  1342  1461 W PackageInstallerSession: Calling uid 10152 does not granted permission android.permission.READ_INSTALLED_SESSION_PATHS
01-06 14:58:41.037  1342  1461 W PackageInstallerSession: Calling uid 10152 does not granted permission android.permission.READ_INSTALLED_SESSION_PATHS
01-06 14:58:41.037  1342  1461 W PackageInstallerSession: Calling uid 10152 does not granted permission android.permission.READ_INSTALLED_SESSION_PATHS
01-06 14:58:41.037  1342  1461 W PackageInstallerSession: Calling uid 10152 does not granted permission android.permission.READ_INSTALLED_SESSION_PATHS
01-06 14:58:41.037  1342  1461 W PackageInstallerSession: Calling uid 10152 does not granted permission android.permission.READ_INSTALLED_SESSION_PATHS
01-06 14:58:41.037  1342  1461 W PackageInstallerSession: Calling uid 10152 does not granted permission android.permission.READ_INSTALLED_SESSION_PATHS
01-06 14:58:41.037  1342  1461 W PackageInstallerSession: Calling uid 10152 does not granted permission android.permission.READ_INSTALLED_SESSION_PATHS
01-06 14:58:41.037  1342  1461 W PackageInstallerSession: Calling uid 10152 does not granted permission android.permission.READ_INSTALLED_SESSION_PATHS
01-06 14:58:41.037  1342  1461 W PackageInstallerSession: Calling uid 10152 does not granted permission android.permission.READ_INSTALLED_SESSION_PATHS
01-06 14:58:41.037  1342  1461 W PackageInstallerSession: Calling uid 10152 does not granted permission android.permission.READ_INSTALLED_SESSION_PATHS
01-06 14:58:41.037  1342  1461 W PackageInstallerSession: Calling uid 10152 does not granted permission android.permission.READ_INSTALLED_SESSION_PATHS
01-06 14:58:41.037  1342  1461 W PackageInstallerSession: Calling uid 10152 does not granted permission android.permission.READ_INSTALLED_SESSION_PATHS
01-06 14:58:41.037  1342  1461 W PackageInstallerSession: Calling uid 10152 does not granted permission android.permission.READ_INSTALLED_SESSION_PATHS
01-06 14:58:41.037  1342  1461 W PackageInstallerSession: Calling uid 10152 does not granted permission android.permission.READ_INSTALLED_SESSION_PATHS
01-06 14:58:41.037  1342  1461 W PackageInstallerSession: Calling uid 10152 does not granted permission android.permission.READ_INSTALLED_SESSION_PATHS
01-06 14:58:41.037  1342  1461 W PackageInstallerSession: Calling uid 10152 does not granted permission android.permission.READ_INSTALLED_SESSION_PATHS
01-06 14:58:41.037  1342  1461 W PackageInstallerSession: Calling uid 10152 does not granted permission android.permission.READ_INSTALLED_SESSION_PATHS
01-06 14:58:41.037  1342  1461 W PackageInstallerSession: Calling uid 10152 does not granted permission android.permission.READ_INSTALLED_SESSION_PATHS
01-06 14:58:41.037  1342  1461 W PackageInstallerSession: Calling uid 10152 does not granted permission android.permission.READ_INSTALLED_SESSION_PATHS
01-06 14:58:41.037  1342  1461 W PackageInstallerSession: Calling uid 10152 does not granted permission android.permission.READ_INSTALLED_SESSION_PATHS
01-06 14:58:41.037  1342  1461 W PackageInstallerSession: Calling uid 10152 does not granted permission android.permission.READ_INSTALLED_SESSION_PATHS
01-06 14:58:41.037  1342  1461 W PackageInstallerSession: Calling uid 10152 does not granted permission android.permission.READ_INSTALLED_SESSION_PATHS
01-06 14:58:41.037  1342  1461 W PackageInstallerSession: Calling uid 10152 does not granted permission android.permission.READ_INSTALLED_SESSION_PATHS
01-06 14:58:41.037  1342  1461 W PackageInstallerSession: Calling uid 10152 does not granted permission android.permission.READ_INSTALLED_SESSION_PATHS
01-06 14:58:41.037  1342  1461 W PackageInstallerSession: Calling uid 10152 does not granted permission android.permission.READ_INSTALLED_SESSION_PATHS
01-06 14:58:41.037  1342  1461 W PackageInstallerSession: Calling uid 10152 does not granted permission android.permission.READ_INSTALLED_SESSION_PATHS
01-06 14:58:41.040  1342  1461 W PackageInstallerSession: Calling uid 10152 does not granted permission android.permission.READ_INSTALLED_SESSION_PATHS
01-06 14:58:41.040  1342  1461 W PackageInstallerSession: Calling uid 10152 does not granted permission android.permission.READ_INSTALLED_SESSION_PATHS
01-06 14:58:41.041  1342  1461 W PackageInstallerSession: Calling uid 10152 does not granted permission android.permission.READ_INSTALLED_SESSION_PATHS
01-06 14:58:41.041  1342  1461 W PackageInstallerSession: Calling uid 10152 does not granted permission android.permission.READ_INSTALLED_SESSION_PATHS
01-06 14:58:41.041  1342  1461 W PackageInstallerSession: Calling uid 10152 does not granted permission android.permission.READ_INSTALLED_SESSION_PATHS
01-06 14:58:41.042  1342  1461 W PackageInstallerSession: Calling uid 10152 does not granted permission android.permission.READ_INSTALLED_SESSION_PATHS
01-06 14:58:41.042  1342  1461 W PackageInstallerSession: Calling uid 10152 does not granted permission android.permission.READ_INSTALLED_SESSION_PATHS
01-06 14:58:41.042  1342  1461 W PackageInstallerSession: Calling uid 10152 does not granted permission android.permission.READ_INSTALLED_SESSION_PATHS
01-06 14:58:41.042  1342  1461 W PackageInstallerSession: Calling uid 10152 does not granted permission android.permission.READ_INSTALLED_SESSION_PATHS
01-06 14:58:41.042  1342  1461 W PackageInstallerSession: Calling uid 10152 does not granted permission android.permission.READ_INSTALLED_SESSION_PATHS
01-06 14:58:41.042  1342  1461 W PackageInstallerSession: Calling uid 10152 does not granted permission android.permission.READ_INSTALLED_SESSION_PATHS
01-06 14:58:41.042  1342  1461 W PackageInstallerSession: Calling uid 10152 does not granted permission android.permission.READ_INSTALLED_SESSION_PATHS
01-06 14:58:41.042  1342  1461 W PackageInstallerSession: Calling uid 10152 does not granted permission android.permission.READ_INSTALLED_SESSION_PATHS
01-06 14:58:41.042  1342  1461 W PackageInstallerSession: Calling uid 10152 does not granted permission android.permission.READ_INSTALLED_SESSION_PATHS
01-06 14:58:41.042  1342  1461 W PackageInstallerSession: Calling uid 10152 does not granted permission android.permission.READ_INSTALLED_SESSION_PATHS
01-06 14:58:41.042  1342  1461 W PackageInstallerSession: Calling uid 10152 does not granted permission android.permission.READ_INSTALLED_SESSION_PATHS
01-06 14:58:41.042  1342  1461 W PackageInstallerSession: Calling uid 10152 does not granted permission android.permission.READ_INSTALLED_SESSION_PATHS
01-06 14:58:41.042  1342  1461 W PackageInstallerSession: Calling uid 10152 does not granted permission android.permission.READ_INSTALLED_SESSION_PATHS
01-06 14:58:41.042  1342  1461 W PackageInstallerSession: Calling uid 10152 does not granted permission android.permission.READ_INSTALLED_SESSION_PATHS
01-06 14:58:41.042  1342  1461 W PackageInstallerSession: Calling uid 10152 does not granted permission android.permission.READ_INSTALLED_SESSION_PATHS
01-06 14:58:41.043  1342  1461 W PackageInstallerSession: Calling uid 10152 does not granted permission android.permission.READ_INSTALLED_SESSION_PATHS
01-06 14:58:41.043  1342  1461 W PackageInstallerSession: Calling uid 10152 does not granted permission android.permission.READ_INSTALLED_SESSION_PATHS
01-06 14:58:41.043  1342  1461 W PackageInstallerSession: Calling uid 10152 does not granted permission android.permission.READ_INSTALLED_SESSION_PATHS
01-06 14:58:41.043  1342  1461 W PackageInstallerSession: Calling uid 10152 does not granted permission android.permission.READ_INSTALLED_SESSION_PATHS
01-06 14:58:41.043  1342  1461 W PackageInstallerSession: Calling uid 10152 does not granted permission android.permission.READ_INSTALLED_SESSION_PATHS
01-06 14:58:41.043  1342  1461 W PackageInstallerSession: Calling uid 10152 does not granted permission android.permission.READ_INSTALLED_SESSION_PATHS
01-06 14:58:41.043  1342  1461 W PackageInstallerSession: Calling uid 10152 does not granted permission android.permission.READ_INSTALLED_SESSION_PATHS
01-06 14:58:41.056  1342  4465 D ActivityManager: getHistoricalProcessExitReasons pkg: null, pid:  0, userId: 0, callingPid: 9021, callingUid: 10152
01-06 14:58:41.056  1342  6254 I ActivityManager: Killing 7905:com.android.incallui/u0a88 (adj 945): empty #9
01-06 14:58:41.060  1342  1384 D ActivityManager: quick sync unfreeze 7905 for 12
01-06 14:58:41.088 15516 15516 W Looper  : Drained
01-06 14:58:41.102  1342  4465 V BroadcastQueue: Enqueuing BroadcastRecord{cda71a6 android.net.conn.CONNECTIVITY_CHANGE/u-1} ordered=false from uid -1 pid -1 for 1 receivers
01-06 14:58:41.110  1342  4465 D SystemServerTiming: getUserSwitchability-0
01-06 14:58:41.110  1342  4465 D SystemServerTiming: TM.isInCall
01-06 14:58:41.110  1342  4465 D SystemServerTiming: hasUserRestriction-DISALLOW_USER_SWITCH
01-06 14:58:41.110  1342  4465 D SystemServerTiming: getInt-ALLOW_USER_SWITCHING_WHEN_SYSTEM_USER_LOCKED
01-06 14:58:41.110  1342  4465 D SystemServerTiming: isUserUnlocked-USER_SYSTEM
01-06 14:58:41.114  1342  6254 D SystemServerTiming: getUserSwitchability-0
01-06 14:58:41.114  1342  6254 D SystemServerTiming: TM.isInCall
01-06 14:58:41.115  1342  6254 D SystemServerTiming: hasUserRestriction-DISALLOW_USER_SWITCH
01-06 14:58:41.115  1342  6254 D SystemServerTiming: getInt-ALLOW_USER_SWITCHING_WHEN_SYSTEM_USER_LOCKED
01-06 14:58:41.115  1342  6254 D SystemServerTiming: isUserUnlocked-USER_SYSTEM
01-06 14:58:41.130  1342  1368 D SSense.NavigationAppRecognizer:  onProcessDied pkgNamescom.android.incallui; pid = 7905; uid =10088; ProcessDiedpid =7905
01-06 14:58:41.132  1342  1368 D DisplayManagerService: Drop pending events for gone uid 10088
01-06 14:58:41.213  1342  2938 V BroadcastQueue: Enqueuing BroadcastRecord{18bb7fb android.intent.action.BATTERY_CHANGED/u-1} ordered=false from uid -1 pid -1 for 1 receivers
01-06 14:58:41.219  1342  2938 D ActivityManager: getHistoricalProcessExitReasons pkg: com.google.android.youtube, pid:  0, userId: 0, callingPid: 8878, callingUid: 10177
01-06 14:58:41.602  1342  1387 D LowMemDetector: mExtendM: reportMemPressure1
01-06 14:58:41.710  1342  1387 D LowMemDetector: mExtendM: reportMemPressure2
01-06 14:58:41.710  1342  1387 I ExtM    : runFlush  interval less than FLUSH_INTERVAL_LIMIT, skip flush
01-06 14:58:41.818  1342  1387 D LowMemDetector: mExtendM: reportMemPressure3
01-06 14:58:41.818  1342  1387 I ExtM    : runFlush  interval less than FLUSH_INTERVAL_LIMIT, skip flush
01-06 14:58:42.123  1342  2121 D ActivityManager: getHistoricalProcessExitReasons pkg: null, pid:  0, userId: 0, callingPid: 9189, callingUid: 10221
01-06 14:58:42.393  1342  2351 V AlarmManager: set(PendingIntent{5a1542e: PendingIntentRecord{4bfb12c com.indus.appstore broadcastIntent}}) : type=0 listener=null listenerTag=null workSource=null callingPackage=com.indus.appstore callingUid=10221 triggerAtTime=0 win=5400000 tElapsed=2176573875 maxElapsed=2181973875 interval=7200000 flags=0x0
01-06 14:58:42.493  1342  2121 D CompatChangeReporter: Compat change id reported: 151861875; UID 10130; state: ENABLED
01-06 14:58:42.510  1342  1380 I ActivityManager: Start proc 9332:com.xiaomi.mipicks/u0a130 for service {com.xiaomi.mipicks/com.xiaomi.mipicks.openstore.core.process.OpenProcessService}
01-06 14:58:42.682  1342  1387 D LowMemDetector: mExtendM: reportMemPressure1
01-06 14:58:42.690  1342  5219 I ActivityManager: Killing 7834:android.process.acore/u0a74 (adj 935): empty #9
01-06 14:58:42.692  1342  1384 D ActivityManager: quick sync unfreeze 7834 for 12
01-06 14:58:42.735  1342  1368 D SSense.NavigationAppRecognizer:  onProcessDied pkgNamesandroid.uid.shared:10074; pid = 7834; uid =10074; ProcessDiedpid =7834
01-06 14:58:42.737  1342  1368 D DisplayManagerService: Drop pending events for gone uid 10074
01-06 14:58:42.787  1342  2351 D ActivityManager: getHistoricalProcessExitReasons pkg: null, pid:  0, userId: 0, callingPid: 9189, callingUid: 10221
01-06 14:58:42.791  1342  1387 D LowMemDetector: mExtendM: reportMemPressure2
01-06 14:58:42.791  1342  1387 I ExtM    : runFlush  interval less than FLUSH_INTERVAL_LIMIT, skip flush
01-06 14:58:42.898  1342  1387 D LowMemDetector: mExtendM: reportMemPressure3
01-06 14:58:42.898  1342  1387 I ExtM    : runFlush  interval less than FLUSH_INTERVAL_LIMIT, skip flush
01-06 14:58:42.952  1342  1380 W ActivityManager: Slow operation: 52ms so far, now at startProcess: returned from zygote!
01-06 14:58:42.952  1342  1380 W ActivityManager: Slow operation: 53ms so far, now at startProcess: done updating battery stats
01-06 14:58:42.952  1342  1380 W ActivityManager: Slow operation: 53ms so far, now at startProcess: building log message
01-06 14:58:42.952  1342  1380 I ActivityManager: Start proc 9405:com.android.chrome/u0a159 for service {com.android.chrome/org.chromium.chrome.browser.customtabs.CustomTabsConnectionService}
01-06 14:58:42.952  1342  1380 W ActivityManager: Slow operation: 53ms so far, now at startProcess: starting to update pids map
01-06 14:58:42.953  1342  1380 W ActivityManager: Slow operation: 53ms so far, now at startProcess: done updating pids map
01-06 14:58:43.209  1342  2351 V BroadcastQueue: Enqueuing BroadcastRecord{7ec6a05 android.net.conn.CONNECTIVITY_CHANGE/u-1} ordered=false from uid -1 pid -1 for 1 receivers
01-06 14:58:43.219  1342  5219 V BroadcastQueue: Enqueuing BroadcastRecord{4c88e0a android.net.conn.CONNECTIVITY_CHANGE/u-1} ordered=false from uid -1 pid -1 for 1 receivers
01-06 14:58:43.236  1342  5219 D ShortcutService: rescanPackageIfNeeded 0@com.xiaomi.mipicks, forceRescan=false , isNewApp=false
01-06 14:58:43.245  1342  2351 D ActivityManager: Skip enqueue broadcast because no receiver with Intent { act=android.intent.action.SIG_STR flg=0x10 (has extras) }
01-06 14:58:43.257  1342  1461 V BroadcastQueue: Enqueuing BroadcastRecord{8cf346b android.net.conn.CONNECTIVITY_CHANGE/u-1} ordered=false from uid -1 pid -1 for 1 receivers
01-06 14:58:43.262  1342  5219 I ActivityManager: Killing 8040:com.google.android.cellbroadcastreceiver/u0a205 (adj 925): empty #9
01-06 14:58:43.264  1342  1384 D ActivityManager: quick sync unfreeze 8040 for 12
01-06 14:58:43.277  1342  6689 V BroadcastQueue: Enqueuing BroadcastRecord{3dbc5e3 android.net.conn.CONNECTIVITY_CHANGE/u-1} ordered=false from uid -1 pid -1 for 1 receivers
01-06 14:58:43.308  1342  6689 D CompatChangeReporter: Compat change id reported: 319212206; UID 10130; state: ENABLED
01-06 14:58:43.320  1342  6689 W ActivityManager: Unable to start service Intent { cmp=com.xiaomi.mipicks:guard/com.xiaomi.mipicks.openstore.core.process.OpenProcessProxyService (has extras) } U=0: not found
01-06 14:58:43.323  1342  1368 D SSense.NavigationAppRecognizer:  onProcessDied pkgNamescom.google.android.cellbroadcastreceiver; pid = 8040; uid =10205; ProcessDiedpid =8040
01-06 14:58:43.324  1342  1368 D DisplayManagerService: Drop pending events for gone uid 10205
01-06 14:58:43.415  1342  2351 D CompatChangeReporter: Compat change id reported: 319471980; UID 10130; state: ENABLED
01-06 14:58:43.421  1342  2351 D PackageManager: Considering set com.xiaomi.mipicks/androidx.work.impl.background.systemjob.SystemJobService's state as 1 with userId = 0, callingPackage = com.xiaomi.mipicks:10130
01-06 14:58:43.435  1342  2351 V BroadcastQueue: Enqueuing BroadcastRecord{4ba067d android.net.conn.CONNECTIVITY_CHANGE/u-1} ordered=false from uid -1 pid -1 for 1 receivers
01-06 14:58:43.496  1342  2351 D ActivityManager: getHistoricalProcessExitReasons pkg: null, pid:  0, userId: 0, callingPid: 9332, callingUid: 10130
01-06 14:58:43.532  1342  2351 D ActivityManager: getHistoricalProcessExitReasons pkg: null, pid:  0, userId: 0, callingPid: 9332, callingUid: 10130
01-06 14:58:43.762  1342  1387 D LowMemDetector: mExtendM: reportMemPressure1
01-06 14:58:43.874  1342  1387 D LowMemDetector: mExtendM: reportMemPressure2
01-06 14:58:43.874  1342  1387 I ExtM    : runFlush  interval less than FLUSH_INTERVAL_LIMIT, skip flush
01-06 14:58:43.982  1342  1387 D LowMemDetector: mExtendM: reportMemPressure3
01-06 14:58:43.982  1342  1387 I ExtM    : runFlush  interval less than FLUSH_INTERVAL_LIMIT, skip flush
01-06 14:58:43.993  1342  1342 V BroadcastQueue: Enqueuing BroadcastRecord{8ed088 android.intent.action.BATTERY_CHANGED/u-1} ordered=false from uid 1000 pid 1342 for 2 receivers
01-06 14:58:43.994  1342  1342 V BroadcastQueue: Enqueuing BroadcastRecord{1886a21 android.intent.action.BATTERY_CHANGED/u-1} ordered=false from uid 1000 pid 1342 for 25 receivers
01-06 14:58:43.999 15516 17244 D PowerUI : can't show warning due to - plugged: true status unknown: false
--------- beginning of main
01-06 14:58:43.999  1342  1342 D BoardScore: Received android.intent.action.BATTERY_CHANGED
01-06 14:58:43.999  1342  1342 D BoardScore: chargePlug 2; status =2
01-06 14:58:43.999  1342  1342 D BatteryServiceERP: action: android.intent.action.BATTERY_CHANGED,level:78,scale:100,status:2,isCharging:true,isSendNotification: false,isForceCharging:false
01-06 14:58:43.999  1342  1342 D BatteryServiceERP: battProtect switch: 0
01-06 14:58:44.085  1342  6689 V AS.AudioDeviceBroker: requestedCommunicationDevice: null mAudioModeOwner: AudioModeInfo: mMode=MODE_NORMAL, mPid=0, mUid=0
01-06 14:58:44.085  1342  6689 V AS.AudioDeviceBroker: requestedCommunicationDevice: null mAudioModeOwner: AudioModeInfo: mMode=MODE_NORMAL, mPid=0, mUid=0
01-06 14:58:44.149  8816  9547 D ProfileInstaller: Installing profile for com.miui.android.fashiongallery
01-06 14:58:44.225 13117 13138 W ServiceBindIntentUtils: Dynamic lookup for intent failed for action: com.google.android.gms.presencemanager.service.START
01-06 14:58:44.227  1342  6689 W ActivityManager: Unable to start service Intent { act=com.google.android.gms.presencemanager.service.START pkg=com.google.android.gms } U=0: not found
01-06 14:58:44.228  1342  2351 W ActivityManager: Unbind failed: could not find connection for android.os.BinderProxy@7e0875d
01-06 14:58:44.228 13117 13138 W GmsClient: unable to connect to service: com.google.android.gms.presencemanager.service.START on com.google.android.gms
01-06 14:58:44.230 13117 13138 W ServiceBindIntentUtils: Dynamic lookup for intent failed for action: com.google.android.gms.presencemanager.service.INTERNAL_IDENTITY
01-06 14:58:44.232  1342  6689 W ActivityManager: Unable to start service Intent { act=com.google.android.gms.presencemanager.service.INTERNAL_IDENTITY pkg=com.google.android.gms } U=0: not found
01-06 14:58:44.233  1342  6689 W ActivityManager: Unbind failed: could not find connection for android.os.BinderProxy@2c628d2
01-06 14:58:44.233 13117 13138 W GmsClient: unable to connect to service: com.google.android.gms.presencemanager.service.INTERNAL_IDENTITY on com.google.android.gms
01-06 14:58:44.234  9405  9405 W .android.chrome: Failed to find entry 'classes.dex': Entry not found
01-06 14:58:44.244 19788  8770 I NetworkScheduler: (REDACTED) Error inserting %s
01-06 14:58:44.245 13117  8330 E FA-SVC  : Too many unique user properties are set. Ignoring user property: channel, ias
