01-06 14:58:35.252  1342  2121 I ActivityTaskManager: remove task id:1120, callingUid:10090, callingPid:2189
01-06 14:58:35.252  1342  1486 W UsageStatsService: Unexpected activity event reported! (com.android.vending/com.google.android.finsky.activities.MainActivity event : 23 instanceId : 102827631)
01-06 14:58:35.256  1342  1370 I ActivityManager: Killing 8506:com.android.vending/u0a152 (adj 915): remove task
01-06 14:58:35.258  1342  1370 I ActivityManager: Killing 8622:com.android.vending:background/u0a152 (adj 925): remove task
01-06 14:58:35.300  1342  5588 W ActivityManager: Scheduling restart of crashed service com.android.vending/com.google.frameworks.client.data.android.server.play.BackgroundProcessEndpointService in 1000ms for connection
01-06 14:58:35.300  1342  1368 D SSense.NavigationAppRecognizer:  onProcessDied pkgNamescom.android.vending; pid = 8622; uid =10152; ProcessDiedpid =8622
01-06 14:58:35.308  1342  1368 D SSense.NavigationAppRecognizer:  onProcessDied pkgNamescom.android.vending; pid = 8506; uid =10152; ProcessDiedpid =8506
01-06 14:58:35.309  1342  1368 D DisplayManagerService: Drop pending events for gone uid 10152
01-06 14:58:35.551  8791  8791 W Looper  : Slow delivery took 230ms main h=android.app.ActivityThread$H c=null m=164
01-06 14:58:35.560  8791  8791 W Looper  : Drained
01-06 14:58:35.798  1342  1342 V BroadcastQueue: Enqueuing BroadcastRecord{74ff914 android.intent.action.BATTERY_CHANGED/u-1} ordered=false from uid 1000 pid 1342 for 2 receivers
01-06 14:58:35.799  1342  1342 V BroadcastQueue: Enqueuing BroadcastRecord{46955bd android.intent.action.BATTERY_CHANGED/u-1} ordered=false from uid 1000 pid 1342 for 24 receivers
01-06 14:58:35.802  1342  1342 D BatteryServiceERP: action: android.intent.action.BATTERY_CHANGED,level:78,scale:100,status:2,isCharging:true,isSendNotification: false,isForceCharging:false
01-06 14:58:35.802  1342  1342 D BatteryServiceERP: battProtect switch: 0
01-06 14:58:35.803 15516 15597 D PowerUI : can't show warning due to - plugged: true status unknown: false
01-06 14:58:36.100  1342  1368 W ActivityTaskManager: getAssistContextExtras failed: timeout retrieving from ActivityRecord{643cc14 u0 com.google.android.apps.subscriptions.red/.LauncherActivity t-1 d0 f}}
01-06 14:58:36.604  1342  1510 D UnisocGestureLauncherService:  isOkToCall  allowSOS=false
01-06 14:58:36.605  1342  1510 D WindowManager: Receive Power Key, Action Down
01-06 14:58:36.767  1342  1462 D ActivityManager: Skip enqueue broadcast because no receiver with Intent { act=android.intent.action.SIG_STR flg=0x10 (has extras) }
01-06 14:58:36.955  1342  1510 D WindowManager: Receive Power Key, Action Up
01-06 14:58:36.955  1342  1368 D WindowManager: powerPress: eventTime=207283199 interactive=true count=1 mShortPressOnPowerBehavior=1
01-06 14:58:36.960  1342  1368 I PowerGroup: Powering off display group due to power_button (groupId= 0, uid= 1000, millisSinceLastUserActivity=1941, lastUserActivityEvent=touch)...
01-06 14:58:36.960  1342  1368 I PowerManagerService: Going to sleep due to power_button (uid 1000, screenOffTimeout=60000, activityTimeoutWM=-1, maxDimRatio=0.20000005, maxDimDur=7000)...
01-06 14:58:36.962  1342  1402 D DisplayPowerState: setColorFadeLevel: level=0.0,mScreenState is 2,mColorFadePrepared is false
01-06 14:58:36.962  1342  1402 I DisplayPowerController2[0]: Blocking screen off
01-06 14:58:36.963  1342  1402 I DisplayPowerController2[0]: Unblocked screen off after 0 ms
01-06 14:58:36.979  1342  1402 D ActivityTaskManager: Top Process State changed to PROCESS_STATE_TOP_SLEEPING
01-06 14:58:36.985  1342  1390 D KernelCpuUidUserSysTimeReader: Removing uids 90001-90001
01-06 14:58:36.985  1342  1390 D KernelCpuUidUserSysTimeReader: Removing uids 99237-99237
01-06 14:58:36.986  1342  1390 D KernelCpuUidUserSysTimeReader: Removing uids 10243-10243
01-06 14:58:36.986  1342  1390 D KernelCpuUidUserSysTimeReader: Removing uids 99238-99238
01-06 14:58:36.989  1342  1402 I DisplayBrightnessStrategySelector: Changing the DisplayBrightnessStrategy from InvalidBrightnessStrategy to ScreenOffBrightnessStrategy for display 0
01-06 14:58:36.991  1342  2086 D SSense.CameraAppRecognizer: CameraAppScene for uid:10090 pkg name:com.gogo.launcher sceneId:0 changed:false mCurrentCameraAppName:null
01-06 14:58:36.991  1342  2086 D SSense.GalleryAppSceneRecognizer: GalleryAppScene for uid:10090 pkg name:com.gogo.launcher sceneId:0 changed:false mCurrentFlingAppName:null
01-06 14:58:36.992  1342  2177 D BiometricUtils: isEncrypted: false isLockdown: false
01-06 14:58:36.993  1342  1402 V DisplayPowerController2[0]: Brightness [0.0] reason changing to: 'screen_off', previous reason: 'automatic'.
01-06 14:58:36.994  1342  1402 I DisplayPowerController2[0]: BrightnessEvent: disp=0, physDisp=local:4619827259835644672, displayState=OFF, displayPolicy=OFF, brt=0.0, initBrt=0.20975763, rcmdBrt=NaN, preBrt=NaN, lux=0.0, preLux=0.0, hbmMax=1.0, hbmMode=off, rbcStrength=50, thrmMax=1.0, powerFactor=0.7, wasShortTermModelActive=false, flags=, reason=screen_off, autoBrightness=true, strategy=ScreenOffBrightnessStrategy, autoBrightnessMode=default
01-06 14:58:36.994  1342  1393 D AppOps  : evalModeInternal: uid = 10153, code = 27, uidState = 500, uidCapability = 56, opCapability = 4
01-06 14:58:36.995  1342  1393 D AppOps  : evalModeInternal: uid = 10153, code = 27, uidState = 500, uidCapability = 56, opCapability = 4
01-06 14:58:36.996  1342  1393 D AppOps  : evalModeInternal: uid = 10153, code = 27, uidState = 500, uidCapability = 56, opCapability = 4
01-06 14:58:36.996  1342  1662 W LightsService: isBright false,brightness = -1.0
01-06 14:58:36.996  1342  1393 D AppOps  : evalModeInternal: uid = 10153, code = 27, uidState = 500, uidCapability = 56, opCapability = 4
01-06 14:58:36.997  1342  1393 D AppOps  : evalModeInternal: uid = 10153, code = 26, uidState = 500, uidCapability = 56, opCapability = 2
01-06 14:58:36.997  1342  1370 I DisplayDeviceRepository: Display device changed state: "Built-in Screen", OFF
01-06 14:58:36.999  1342  1393 D AppOps  : evalModeInternal: uid = 10153, code = 26, uidState = 500, uidCapability = 56, opCapability = 2
01-06 14:58:37.001  1342  1393 D AppOps  : evalModeInternal: uid = 10153, code = 26, uidState = 500, uidCapability = 56, opCapability = 2
01-06 14:58:37.001  1342  1393 D AppOps  : evalModeInternal: uid = 10153, code = 26, uidState = 500, uidCapability = 56, opCapability = 2
01-06 14:58:37.002  1342  1639 D BiometricScheduler: [Added] {[2621] com.android.server.biometrics.sensors.fingerprint.aidl.FingerprintAuthenticationClient, proto=3, owner=com.android.systemui, cookie=0, requestId=1895, userId=0}, new queue size: 1
01-06 14:58:37.003  1342  1639 D BiometricScheduler: [Polled] {[2621] com.android.server.biometrics.sensors.fingerprint.aidl.FingerprintAuthenticationClient, proto=3, owner=com.android.systemui, cookie=0, requestId=1895, userId=0}, State: 0
01-06 14:58:37.003  1342  1639 D GestureAvailabilityTracker: Notifying gesture availability, active=false
01-06 14:58:37.003  1342  1639 D BiometricScheduler: [Started] {[2621] com.android.server.biometrics.sensors.fingerprint.aidl.FingerprintAuthenticationClient, proto=3, owner=com.android.systemui, cookie=0, requestId=1895, userId=0}
01-06 14:58:37.003  1342  1639 D BiometricStateCallback: State updated from 0 to 2, client {[2621] com.android.server.biometrics.sensors.fingerprint.aidl.FingerprintAuthenticationClient, proto=3, owner=com.android.systemui, cookie=0, requestId=1895, userId=0}
01-06 14:58:37.004  1342  2177 I DisplayDevice: [0] Layerstack set to -1 for local:4619827259835644672
01-06 14:58:37.004  1342  1639 D Biometrics/AuthenticationClient: Requesting auth for com.android.systemui
01-06 14:58:37.042 15516 15516 W Looper  : Slow delivery took 67ms main h=com.android.systemui.keyguard.KeyguardLifecyclesDispatcher$KeyguardLifecycleHandler c=null m=2
01-06 14:58:37.058  1342  1387 D LowMemDetector: mExtendM: reportMemPressure1
01-06 14:58:37.112  1342  1639 V BiometricSchedulerOperation: started: {[2621] com.android.server.biometrics.sensors.fingerprint.aidl.FingerprintAuthenticationClient, proto=3, owner=com.android.systemui, cookie=0, requestId=1895, userId=0}, State: 2
01-06 14:58:37.119  1342  5210 V WallpaperManagerService: updateWallpaperBitmapLocked() : id=7003 name= file=wallpaper_lock_orig
01-06 14:58:37.127  1342  5588 D UnisocSensorImpl: onAcquiredtoWakeupScreen
01-06 14:58:37.128  1342  5588 D UnisocSensorImpl: onAcquiredtoWakeupScreen: ,vendorCode 21,mWakeupEarly true
01-06 14:58:37.128  1342  5588 D AidlResponseHandler: onAcquiredtoWakeupScreen
01-06 14:58:37.128  1342  1639 W FingerprintManager: Invalid acquired message: 6, 21
01-06 14:58:37.129  1342  1639 V Biometrics/AcquisitionClient: Acquired: 6 21, shouldSend: true
01-06 14:58:37.129 15516 15542 D FingerprintManager: onAcquired vendorCode:21
01-06 14:58:37.166  1342  1387 D LowMemDetector: mExtendM: reportMemPressure2
01-06 14:58:37.166  1342  1387 I ExtM    : runFlush  interval less than FLUSH_INTERVAL_LIMIT, skip flush
01-06 14:58:37.188  1342  1394 V BroadcastQueue: Enqueuing BroadcastRecord{6a95aba android.intent.action.WALLPAPER_CHANGED/u0} ordered=false from uid 1000 pid 1342 for 2 receivers
01-06 14:58:37.189  1342  1394 D WallpaperCropper: WPMS.generateCrop
01-06 14:58:37.190  1342  1394 V WallpaperCropper: crop: w=360 h=800
01-06 14:58:37.190  1342  1394 V WallpaperCropper: defaultCrops: {0=Rect(0, 0 - 360, 800), 1=Rect(0, 321 - 360, 480)}
01-06 14:58:37.190  1342  1394 V WallpaperCropper: meas: w=360 h=800
01-06 14:58:37.190  1342  1394 V WallpaperCropper: crop?=false scale?=false
01-06 14:58:37.194  1342  1394 V WallpaperManagerService: bindWallpaperComponentLocked: componentName=ComponentInfo{com.android.systemui/com.android.systemui.wallpapers.ImageWallpaper}
01-06 14:58:37.195  1342  1394 D WallpaperManagerService: WPMS.bindWallpaperComponentLocked-ComponentInfo{com.android.systemui/com.android.systemui.wallpapers.ImageWallpaper}
01-06 14:58:37.198  1342 10374 D WallpaperManagerService: WPMS.onServiceConnected-ComponentInfo{com.android.systemui/com.android.systemui.wallpapers.ImageWallpaper}
01-06 14:58:37.198  1342  1394 D WallpaperManagerService: WPMS.saveSettingsLocked-0
01-06 14:58:37.199  1342  5210 D WallpaperManagerService: isSwitchLiveWallpaper: false
01-06 14:58:37.201  1342  1394 D WallpaperManagerService: WPMS.saveSettingsLocked-0
01-06 14:58:37.202  1342  2086 D SSense.CameraAppRecognizer: CameraAppScene for uid:10090 pkg name:com.gogo.launcher sceneId:0 changed:false mCurrentCameraAppName:null
01-06 14:58:37.202  1342  2086 D SSense.GalleryAppSceneRecognizer: GalleryAppScene for uid:10090 pkg name:com.gogo.launcher sceneId:0 changed:false mCurrentFlingAppName:null
01-06 14:58:37.203  1342  5210 D WallpaperManagerService: isSwitchLiveWallpaper: false
01-06 14:58:37.203  1342 10374 D WallpaperManagerService: WPMS.attachServiceLocked
01-06 14:58:37.203  1342 10374 D WallpaperManagerService: WPMS.connectLocked-ComponentInfo{com.android.systemui/com.android.systemui.wallpapers.ImageWallpaper}
01-06 14:58:37.205  1342 10374 D WallpaperManagerService: WPMS.saveSettingsLocked-0
01-06 14:58:37.228  1342  2086 D SSense.CameraAppRecognizer: CameraAppScene for uid:10090 pkg name:com.gogo.launcher sceneId:0 changed:false mCurrentCameraAppName:null
01-06 14:58:37.229  1342  2086 D SSense.GalleryAppSceneRecognizer: GalleryAppScene for uid:10090 pkg name:com.gogo.launcher sceneId:0 changed:false mCurrentFlingAppName:null
01-06 14:58:37.247  1342  5210 D WallpaperManagerService: WPMS.mReply.sendResult
01-06 14:58:37.248 15516 15516 W Looper  : Slow dispatch took 175ms main h=com.android.keyguard.magazine.LockScreenMagazineController$5 c=null m=4
01-06 14:58:37.250  1342  1394 D WallpaperManagerService: WPMS.saveSettingsLocked-0
01-06 14:58:37.251 15516 15516 W FingerprintManager: Invalid acquired message: 6, 21
01-06 14:58:37.258 15516 15516 W Looper  : Drained
01-06 14:58:37.363  1342  1370 D DisplayManagerService: Ignore redundant display event 0/2 to 10088/7905
01-06 14:58:37.367  1342  2084 D PowerController.BgClean: new VisibleActivities:com.gogo.launcher
01-06 14:58:37.367  1342  2084 D PowerController.BgClean: updateVisibleActivities done
01-06 14:58:37.368  1342  1402 I PowerGroup: Sleeping power group (groupId=0, uid=1000, reason=timeout)...
01-06 14:58:37.368  1342  1402 I PowerManagerService: Sleeping (uid 1000)...
01-06 14:58:37.368  1342  2084 D SSense.GalleryAppSceneRecognizer: mScreenOn:true
01-06 14:58:37.370  1342  2086 D SSense.CameraAppRecognizer: CameraAppScene for uid:10090 pkg name:com.gogo.launcher sceneId:0 changed:false mCurrentCameraAppName:null
01-06 14:58:37.371  1342  2086 D SSense.GalleryAppSceneRecognizer: GalleryAppScene for uid:10090 pkg name:com.gogo.launcher sceneId:0 changed:false mCurrentFlingAppName:null
01-06 14:58:37.372  1342  1342 V BroadcastQueue: Enqueuing BroadcastRecord{3a284c5 android.intent.action.SCREEN_OFF/u-1} ordered=false from uid 1000 pid 1342 for 50 receivers
01-06 14:58:37.375  1342  1379 D BroadcastQueue: Skip update running list, mRunnableHead=null Max running broadcast queue size is 3 current is 2 usedExtra is 1
01-06 14:58:37.376  1342  1379 D BroadcastQueue: Skip update running list, mRunnableHead=null Max running broadcast queue size is 3 current is 2 usedExtra is 1
01-06 14:58:37.377  1342  1379 D BroadcastQueue: Skip update running list, mRunnableHead=null Max running broadcast queue size is 3 current is 2 usedExtra is 1
01-06 14:58:37.383  1342  1342 D BiometricService: Sensor ID(8), oemStrength: 4095, updatedStrength: 4095, modality 8, state: 0, cookie: 0, sensorId 8, hasEnrollments: false cannot participate in Keystore operations
01-06 14:58:37.395   394 27698 I keystore2: system/security/keystore2/src/authorization.rs:155 - on_device_locked(user_id=0, unlocking_sids=[3009057924494701664], weak_unlock_enabled=false)
01-06 14:58:37.412   394 27698 I keystore2: system/security/keystore2/src/super_key.rs:976 - UnlockedDeviceRequired super keys for user 0 are biometric-encrypted.
01-06 14:58:37.415  1342  1370 I StorageManagerService: Cmd send onSecureKeyguardStateChanged isShowing = true mSecureKeyguardShowing = true
01-06 14:58:37.415  1342  1342 I PowerManagerService: onFlip(): Face up.
01-06 14:58:37.416  1342  6254 W UserManagerService: Requested status bar icon for non-badged user 0
01-06 14:58:37.416  1342  1342 V AlarmManager: set(null) : type=2 listener=android.app.AlarmManager$ListenerWrapper@604be1a listenerTag=LockSettingsPrimaryAuth.nonStrongBiometricIdleTimeoutForUser workSource=null callingPackage=android callingUid=1000 triggerAtTime=2190963897 win=0 tElapsed=2190963897 maxElapsed=2190963897 interval=0 flags=0x9
01-06 14:58:37.422  1342  1379 D BroadcastQueue: Skip update running list, mRunnableHead=BroadcastProcessQueue{ecf56a5 15516:com.android.systemui/u0a187} Max running broadcast queue size is 3 current is 2 usedExtra is 1
01-06 14:58:37.423  1342  1342 D UnisocDeviceStorageMonitorServiceImpl: DISCARD_IDEL_INTERVAL change to 0
01-06 14:58:37.423  1342  1379 D BroadcastQueue: Skip update running list, mRunnableHead=BroadcastProcessQueue{ecf56a5 15516:com.android.systemui/u0a187} Max running broadcast queue size is 3 current is 2 usedExtra is 1
01-06 14:58:37.424  1342  1487 V AlarmManager: set(null) : type=2 listener=android.app.AlarmManager$ListenerWrapper@e9d3327 listenerTag=JS idleness workSource=null callingPackage=android callingUid=1000 triggerAtTime=2178423905 win=300000 tElapsed=2178423905 maxElapsed=2178723905 interval=0 flags=0x8
01-06 14:58:37.424  1342  1379 D BroadcastQueue: Skip update running list, mRunnableHead=BroadcastProcessQueue{ecf56a5 15516:com.android.systemui/u0a187} Max running broadcast queue size is 3 current is 2 usedExtra is 1
01-06 14:58:37.425  1342  1379 D BroadcastQueue: Skip update running list, mRunnableHead=BroadcastProcessQueue{ecf56a5 15516:com.android.systemui/u0a187} Max running broadcast queue size is 3 current is 2 usedExtra is 1
01-06 14:58:37.425  1342  1379 D BroadcastQueue: Skip update running list, mRunnableHead=BroadcastProcessQueue{ecf56a5 15516:com.android.systemui/u0a187} Max running broadcast queue size is 3 current is 2 usedExtra is 1
01-06 14:58:37.427  1342  1638 I MR2ServiceImpl: Updating composite discovery preference | preference: RouteDiscoveryRequest{ preferredFeatures={}, activeScan=false }, active routers: []
01-06 14:58:37.435  1342  1379 D BroadcastQueue: Skip update running list, mRunnableHead=BroadcastProcessQueue{70073c5 19788:com.google.android.gms.persistent/u0a153} Max running broadcast queue size is 3 current is 2 usedExtra is 1
01-06 14:58:37.435  1342  1379 D BroadcastQueue: Skip update running list, mRunnableHead=BroadcastProcessQueue{70073c5 19788:com.google.android.gms.persistent/u0a153} Max running broadcast queue size is 3 current is 2 usedExtra is 1
01-06 14:58:37.436  1342  1379 D BroadcastQueue: Skip update running list, mRunnableHead=BroadcastProcessQueue{70073c5 19788:com.google.android.gms.persistent/u0a153} Max running broadcast queue size is 3 current is 2 usedExtra is 1
01-06 14:58:37.437  1342  1379 D BroadcastQueue: Skip update running list, mRunnableHead=BroadcastProcessQueue{70073c5 19788:com.google.android.gms.persistent/u0a153} Max running broadcast queue size is 3 current is 2 usedExtra is 1
01-06 14:58:37.437  1342  1342 I ExtM    : mark: already wait 1m flush: already wait 6m
01-06 14:58:37.438  1342  1379 D BroadcastQueue: Skip update running list, mRunnableHead=BroadcastProcessQueue{70073c5 19788:com.google.android.gms.persistent/u0a153} Max running broadcast queue size is 3 current is 2 usedExtra is 1
01-06 14:58:37.442  1342  1379 D BroadcastQueue: Skip update running list, mRunnableHead=BroadcastProcessQueue{28bc395 2189:com.gogo.launcher/u0a90} Max running broadcast queue size is 3 current is 2 usedExtra is 1
01-06 14:58:37.456  1342  1379 D BroadcastQueue: Skip update running list, mRunnableHead=BroadcastProcessQueue{28bc395 2189:com.gogo.launcher/u0a90} Max running broadcast queue size is 3 current is 2 usedExtra is 1
01-06 14:58:37.458  1342  1379 D BroadcastQueue: Skip update running list, mRunnableHead=BroadcastProcessQueue{28bc395 2189:com.gogo.launcher/u0a90} Max running broadcast queue size is 3 current is 2 usedExtra is 1
01-06 14:58:37.459  1342  1379 D BroadcastQueue: Skip update running list, mRunnableHead=BroadcastProcessQueue{28bc395 2189:com.gogo.launcher/u0a90} Max running broadcast queue size is 3 current is 2 usedExtra is 1
01-06 14:58:37.460  1342  1379 D BroadcastQueue: Skip update running list, mRunnableHead=BroadcastProcessQueue{28bc395 2189:com.gogo.launcher/u0a90} Max running broadcast queue size is 3 current is 2 usedExtra is 1
01-06 14:58:37.462  1342  1368 D SSense.NavigationAppRecognizer:  onForegroundActivitiesChanged pkgNamescom.gogo.launcher; pid = 2189; uid =10090; foregroundActivities =false; ForegroundActivitiespid =2189
01-06 14:58:37.463  1342  1368 D SSense.NavigationAppRecognizer:  onForegroundActivitiesChanged pkgNamescom.gogo.launcher; pid = 2189; uid =10090; foregroundActivities =true; ForegroundActivitiespid =2189
01-06 14:58:37.490  1342  1387 D LowMemDetector: mExtendM: reportMemPressure3
01-06 14:58:37.490  1342  1387 I ExtM    : runFlush  interval less than FLUSH_INTERVAL_LIMIT, skip flush
01-06 14:58:37.492  1342  5588 V AlarmManager: set(PendingIntent{fec1e79: PendingIntentRecord{36807be com.google.android.gms/com.google.android.gms.scheduler broadcastIntent}}) : type=3 listener=null listenerTag=null workSource=WorkSource{10153 com.google.android.gms} callingPackage=com.google.android.gms callingUid=10153 triggerAtTime=2177463973 win=674999 tElapsed=2177463973 maxElapsed=2178138972 interval=0 flags=0x0
01-06 14:58:37.503  1342  5588 D WindowManager: isSupportDynamicNavbar user0, navBarMode = 0, is3buttonModeNavbar = true
01-06 14:58:37.508  1342  1371 D WindowManager: isSupportDynamicNavbar user0, navBarMode = 0, is3buttonModeNavbar = true
01-06 14:58:37.508  1342  1370 D WindowManager: isSupportDynamicNavbar user0, navBarMode = 0, is3buttonModeNavbar = true
01-06 14:58:37.510  1342  1371 D WindowManager: isSupportDynamicNavbar user0, navBarMode = 0, is3buttonModeNavbar = true
01-06 14:58:37.559  1342  5588 D WindowManager: isSupportDynamicNavbar user0, navBarMode = 0, is3buttonModeNavbar = true
01-06 14:58:37.577  1342  5588 D WindowManager: isSupportDynamicNavbar user0, navBarMode = 0, is3buttonModeNavbar = true
01-06 14:58:37.601 15516 15516 W Looper  : Slow dispatch took 188ms main h=android.view.Choreographer$FrameHandler c=android.view.Choreographer$FrameDisplayEventReceiver@a797cd6 m=0
01-06 14:58:37.601 15516 15516 W Looper  : Slow delivery took 221ms main h=android.app.ActivityThread$H c=android.hardware.camera2.CameraManager$CameraManagerGlobal$$ExternalSyntheticLambda0@f9977b1 m=0
01-06 14:58:37.602  1342  1371 D WindowManager: isSupportDynamicNavbar user0, navBarMode = 0, is3buttonModeNavbar = true
01-06 14:58:37.603  1342  1371 D WindowManager: isSupportDynamicNavbar user0, navBarMode = 0, is3buttonModeNavbar = true
01-06 14:58:37.618  1342  5588 D SystemServerTiming: getUserSwitchability-0
01-06 14:58:37.618  1342  5588 D SystemServerTiming: TM.isInCall
01-06 14:58:37.619  1342  5588 D SystemServerTiming: hasUserRestriction-DISALLOW_USER_SWITCH
01-06 14:58:37.619  1342  5588 D SystemServerTiming: getInt-ALLOW_USER_SWITCHING_WHEN_SYSTEM_USER_LOCKED
01-06 14:58:37.619  1342  5588 D SystemServerTiming: isUserUnlocked-USER_SYSTEM
01-06 14:58:37.619 15516 15516 W Looper  : Drained
01-06 14:58:37.629  1342  5588 D WindowManager: isSupportDynamicNavbar user0, navBarMode = 0, is3buttonModeNavbar = true
01-06 14:58:37.651  1342  1371 D WindowManager: isSupportDynamicNavbar user0, navBarMode = 0, is3buttonModeNavbar = true
01-06 14:58:37.654  1342  1462 D SystemServerTiming: getUserSwitchability-0
01-06 14:58:37.654  1342  1462 D SystemServerTiming: TM.isInCall
01-06 14:58:37.655  1342  5588 D SystemServerTiming: getUserSwitchability-0
01-06 14:58:37.655  1342  5588 D SystemServerTiming: TM.isInCall
01-06 14:58:37.655  1342  1462 D SystemServerTiming: hasUserRestriction-DISALLOW_USER_SWITCH
01-06 14:58:37.655  1342  1462 D SystemServerTiming: getInt-ALLOW_USER_SWITCHING_WHEN_SYSTEM_USER_LOCKED
01-06 14:58:37.655  1342  5588 D SystemServerTiming: hasUserRestriction-DISALLOW_USER_SWITCH
01-06 14:58:37.655  1342  5588 D SystemServerTiming: getInt-ALLOW_USER_SWITCHING_WHEN_SYSTEM_USER_LOCKED
01-06 14:58:37.655  1342  1462 D SystemServerTiming: isUserUnlocked-USER_SYSTEM
01-06 14:58:37.655  1342  5588 D SystemServerTiming: isUserUnlocked-USER_SYSTEM
01-06 14:58:37.980  1342  1370 D BLASTSyncEngine: SyncGroup 6380-Transition-SLEEP started
01-06 14:58:37.981 15516 15531 V WindowManagerShell: Transition requested (#6380): android.os.BinderProxy@1a6db20 TransitionRequestInfo { type = SLEEP, triggerTask = null, pipTask = null, remoteTransition = null, displayChange = null, flags = 0, debugId = 6380 }
01-06 14:58:37.981  1342  1370 D BLASTSyncEngine: finishNow mActiveSyncs.remove: 6380
01-06 14:58:37.981  1342  6254 W Transition: Transition already started id=6380 state=2
01-06 14:58:37.981 15516 15542 V WindowManagerShell: onTransitionReady(transaction=5763846401833)
01-06 14:58:37.981  1342  1367 V WindowManager: Sent Transition (#6380) createdAt=01-06 14:58:37.980 via request=TransitionRequestInfo { type = SLEEP, triggerTask = null, pipTask = null, remoteTransition = null, displayChange = null, flags = 0, debugId = 6380 }
01-06 14:58:37.981  1342  1367 V WindowManager:     startWCT=WindowContainerTransaction { changes = {} hops = [] errorCallbackToken=null taskFragmentOrganizer=null }
01-06 14:58:37.981  1342  1367 V WindowManager:     info={id=6380 t=SLEEP f=0x40 trk=0 r=[] c=[]}
01-06 14:58:37.981 15516 15531 V WindowManagerShell: onTransitionReady (#6380) android.os.BinderProxy@1a6db20: {id=6380 t=SLEEP f=0x40 trk=0 r=[] c=[]}
01-06 14:58:37.981 15516 15531 V WindowManagerShell: No transition roots in (#6380) android.os.BinderProxy@1a6db20@0 so abort
01-06 14:58:37.981  1342  1371 D WindowManager: isSupportDynamicNavbar user0, navBarMode = 0, is3buttonModeNavbar = true
01-06 14:58:37.982 15516 15531 V WindowManagerShell: Transition animation finished (aborted=true), notifying core (#6380) android.os.BinderProxy@1a6db20@0
01-06 14:58:37.983  1342  5588 W UserManagerService: Requested status bar icon for non-badged user 0
01-06 14:58:37.983  1342  1367 V WindowManager: Finish Transition (#6380): created at 01-06 14:58:37.980 collect-started=0.136ms request-sent=0.206ms started=0.491ms ready=0.489ms sent=0.677ms finished=2.763ms
01-06 14:58:37.983 15516 15531 V WindowManagerShell: Track 0 became idle
01-06 14:58:37.983 15516 15531 V WindowManagerShell: All active transition animations finished
01-06 14:58:38.070  1342  6254 D CompatChangeReporter: Compat change id reported: 151861875; UID 10218; state: ENABLED
01-06 14:58:38.081  1342  1380 I ActivityManager: Start proc 8816:com.miui.android.fashiongallery/u0a218 for content provider {com.miui.android.fashiongallery/com.miui.android.fashiongallery.LockScreenMagazineProvider}
01-06 14:58:38.109  1342  6254 D ActivityManager: add com.miui.android.fashiongallery to ColdStartingAppList
01-06 14:58:38.138  1342  1387 D LowMemDetector: mExtendM: reportMemPressure1
01-06 14:58:38.354  1342  1387 D LowMemDetector: mExtendM: reportMemPressure2
01-06 14:58:38.354  1342  1387 I ExtM    : runFlush  interval less than FLUSH_INTERVAL_LIMIT, skip flush
01-06 14:58:38.559  1342  5588 V BroadcastQueue: Enqueuing BroadcastRecord{8b59ff android.net.conn.CONNECTIVITY_CHANGE/u-1} ordered=false from uid -1 pid -1 for 1 receivers
01-06 14:58:38.597  1342  5588 D ActivityManager: getHistoricalProcessExitReasons pkg: null, pid:  0, userId: 0, callingPid: 8816, callingUid: 10218
01-06 14:58:38.628  1342  1462 V BroadcastQueue: Enqueuing BroadcastRecord{6883ec9 android.net.conn.CONNECTIVITY_CHANGE/u-1} ordered=false from uid -1 pid -1 for 1 receivers
01-06 14:58:38.672  1342  5588 D PackageManager: Considering set com.miui.android.fashiongallery/androidx.work.impl.background.systemjob.SystemJobService's state as 1 with userId = 0, callingPackage = com.miui.android.fashiongallery:10218
01-06 14:58:38.824  1342  1462 D ActivityManager: getHistoricalProcessExitReasons pkg: null, pid:  0, userId: 0, callingPid: 8816, callingUid: 10218
01-06 14:58:38.835  8816  8851 W ResourcesManager: Found a null ResourcesImpl, skipped.
01-06 14:58:38.841  1342  6254 D CompatChangeReporter: Compat change id reported: 311402873; UID 10218; state: ENABLED
01-06 14:58:38.842  1342  6254 D CompatChangeReporter: Compat change id reported: 323349338; UID 10218; state: ENABLED
01-06 14:58:38.843  8816  8851 V ResourcesManager: The following library key has been added: ResourcesKey{ mHash=6b44f291 mResDir=null mSplitDirs=[] mOverlayDirs=[/data/resource-cache/com.android.systemui-neutral-nQ2k.frro,/data/resource-cache/com.android.systemui-accent-SHMn.frro,/data/resource-cache/com.android.systemui-dynamic-WvQV.frro] mLibDirs=[/data/app/~~CapCtyebivHygQNvJLVpmw==/com.google.android.webview-XQumlkdSki8BdU4lJhS2gw==/base.apk,/system/framework/android.test.base.jar] mDisplayId=0 mOverrideConfig=v35 mCompatInfo={320dpi always-compat mTimeFlag = 65568} mLoaders=[]}
01-06 14:58:38.843  1342  6254 V AlarmManager: set(null) : type=3 listener=android.app.AlarmManager$ListenerWrapper@2781741 listenerTag=*job.delay* workSource=WorkSource{10244 com.whatsapp.w4b} callingPackage=android callingUid=1000 triggerAtTime=2176711287 win=109471 tElapsed=2176711287 maxElapsed=2176820758 interval=0 flags=0x0
01-06 14:58:38.861  1342  1380 I ActivityManager: Start proc 8878:com.google.android.youtube/u0a177 for service {com.google.android.youtube/androidx.work.impl.background.systemjob.SystemJobService}
01-06 14:58:38.966  1342  1638 I MR2ServiceImpl: Updating composite discovery preference | preference: RouteDiscoveryRequest{ preferredFeatures={}, activeScan=false }, active routers: []
01-06 14:58:38.974  1342  1462 V BroadcastQueue: Enqueuing BroadcastRecord{6f9048d android.intent.action.BATTERY_CHANGED/u-1} ordered=false from uid -1 pid -1 for 1 receivers
01-06 14:58:39.017  1342  1462 V BroadcastQueue: Enqueuing BroadcastRecord{5f62b9a android.net.conn.CONNECTIVITY_CHANGE/u-1} ordered=false from uid -1 pid -1 for 1 receivers
01-06 14:58:39.021  1342  1462 V BroadcastQueue: Enqueuing BroadcastRecord{1812afd android.net.conn.CONNECTIVITY_CHANGE/u-1} ordered=false from uid -1 pid -1 for 1 receivers
01-06 14:58:39.085  1342  5210 V WallpaperManagerService: updateWallpaperBitmapLocked() : id=7004 name= file=wallpaper_lock_orig
01-06 14:58:39.165  1342  1394 V BroadcastQueue: Enqueuing BroadcastRecord{29fbcb5 android.intent.action.WALLPAPER_CHANGED/u0} ordered=false from uid 1000 pid 1342 for 2 receivers
01-06 14:58:39.165  1342  1394 D WallpaperCropper: WPMS.generateCrop
01-06 14:58:39.165  1342  1394 V WallpaperCropper: crop: w=360 h=800
01-06 14:58:39.165  1342  1394 V WallpaperCropper: defaultCrops: {0=Rect(0, 0 - 360, 800), 1=Rect(0, 321 - 360, 480)}
01-06 14:58:39.165  1342  1394 V WallpaperCropper: meas: w=360 h=800
01-06 14:58:39.165  1342  1394 V WallpaperCropper: crop?=false scale?=false
01-06 14:58:39.169  1342  1394 V WallpaperManagerService: bindWallpaperComponentLocked: componentName=ComponentInfo{com.android.systemui/com.android.systemui.wallpapers.ImageWallpaper}
01-06 14:58:39.169  1342  1394 D WallpaperManagerService: WPMS.bindWallpaperComponentLocked-ComponentInfo{com.android.systemui/com.android.systemui.wallpapers.ImageWallpaper}
01-06 14:58:39.170  1342 10374 D WallpaperManagerService: WPMS.onServiceConnected-ComponentInfo{com.android.systemui/com.android.systemui.wallpapers.ImageWallpaper}
01-06 14:58:39.170  1342  1394 D WindowManager: isSupportDynamicNavbar user0, navBarMode = 0, is3buttonModeNavbar = true
01-06 14:58:39.170  1342  1394 D WallpaperManagerService: WPMS.saveSettingsLocked-0
01-06 14:58:39.171  1342  1462 D WallpaperManagerService: isSwitchLiveWallpaper: false
01-06 14:58:39.173  1342  6254 D WindowManager: isSupportDynamicNavbar user0, navBarMode = 0, is3buttonModeNavbar = true
01-06 14:58:39.173  1342  1394 D WallpaperManagerService: WPMS.saveSettingsLocked-0
01-06 14:58:39.174  1342  2086 D SSense.CameraAppRecognizer: CameraAppScene for uid:10090 pkg name:com.gogo.launcher sceneId:0 changed:false mCurrentCameraAppName:null
01-06 14:58:39.174  1342  2086 D SSense.GalleryAppSceneRecognizer: GalleryAppScene for uid:10090 pkg name:com.gogo.launcher sceneId:0 changed:false mCurrentFlingAppName:null
01-06 14:58:39.175  1342 10374 D WallpaperManagerService: WPMS.attachServiceLocked
01-06 14:58:39.175  1342 10374 D WallpaperManagerService: WPMS.connectLocked-ComponentInfo{com.android.systemui/com.android.systemui.wallpapers.ImageWallpaper}
01-06 14:58:39.175  1342  6254 D WallpaperManagerService: isSwitchLiveWallpaper: false
01-06 14:58:39.177  1342  1371 D WindowManager: isSupportDynamicNavbar user0, navBarMode = 0, is3buttonModeNavbar = true
01-06 14:58:39.178  1342 10374 D WallpaperManagerService: WPMS.saveSettingsLocked-0
01-06 14:58:39.192  1342  6254 D WindowManager: isSupportDynamicNavbar user0, navBarMode = 0, is3buttonModeNavbar = true
01-06 14:58:39.193  1342  6254 D WindowManager: isSupportDynamicNavbar user0, navBarMode = 0, is3buttonModeNavbar = true
01-06 14:58:39.194  1342  1371 D WindowManager: isSupportDynamicNavbar user0, navBarMode = 0, is3buttonModeNavbar = true
01-06 14:58:39.198  1342  1371 D WindowManager: isSupportDynamicNavbar user0, navBarMode = 0, is3buttonModeNavbar = true
01-06 14:58:39.199  1342  1462 D WindowManager: isSupportDynamicNavbar user0, navBarMode = 0, is3buttonModeNavbar = true
01-06 14:58:39.211  1342  1394 D WallpaperManagerService: WPMS.saveSettingsLocked-0
01-06 14:58:39.213  1342  5210 D WallpaperManagerService: WPMS.mReply.sendResult
01-06 14:58:39.214 15516 15516 W Looper  : Slow dispatch took 132ms main h=android.os.AsyncTask$InternalHandler c=null m=1
01-06 14:58:39.368  1342  5588 D ActivityManager: ThemeHomeDelay: Home launch is not delayable, ignoring setThemeOverlayReady() call
01-06 14:58:39.384  8791  8791 I ActivityThread: ApplicationInfo updating for com.android.settings, new timestamp: 207285981
01-06 14:58:39.384  8791  8791 I ActivityThread: assets removed: [/data/resource-cache/com.android.systemui-neutral-fshZ.frro, /data/resource-cache/com.android.systemui-accent-5myQ.frro, /data/resource-cache/com.android.systemui-dynamic-lW54.frro]
01-06 14:58:39.384  8791  8791 I ActivityThread: assets added: [/data/resource-cache/com.android.systemui-neutral-L0S6.frro, /data/resource-cache/com.android.systemui-accent-1DVr.frro, /data/resource-cache/com.android.systemui-dynamic-HSGK.frro]
01-06 14:58:39.388  8816  8816 I ActivityThread: ApplicationInfo updating for com.miui.android.fashiongallery, new timestamp: 207285980
01-06 14:58:39.388  8816  8816 I ActivityThread: assets removed: []
01-06 14:58:39.388  8816  8816 I ActivityThread: assets added: [/data/resource-cache/com.android.systemui-neutral-L0S6.frro, /data/resource-cache/com.android.systemui-accent-1DVr.frro, /data/resource-cache/com.android.systemui-dynamic-HSGK.frro]
01-06 14:58:39.389  8733  8733 I ActivityThread: ApplicationInfo updating for com.android.rkpdapp, new timestamp: 207285983
01-06 14:58:39.389  8733  8733 I ActivityThread: assets removed: [/data/resource-cache/com.android.systemui-neutral-nQ2k.frro, /data/resource-cache/com.android.systemui-accent-SHMn.frro, /data/resource-cache/com.android.systemui-dynamic-WvQV.frro]
01-06 14:58:39.389  8733  8733 I ActivityThread: assets added: [/data/resource-cache/com.android.systemui-neutral-L0S6.frro, /data/resource-cache/com.android.systemui-accent-1DVr.frro, /data/resource-cache/com.android.systemui-dynamic-HSGK.frro]
01-06 14:58:39.391  1342  1367 I ActivityTaskManager: Config changes=80000000{CONFIG_ASSETS_PATHS} {1.0 404mcc49mnc [en_IN] ldltr sw360dp w360dp h820dp 320dpi nrml long port night finger -keyb/v/h -nav/h winConfig={ mBounds=Rect(0, 0 - 720, 1640) mAppBounds=Rect(0, 0 - 720, 1640) mMaxBounds=Rect(0, 0 - 720, 1640) mDisplayRotation=ROTATION_0 mWindowingMode=fullscreen mActivityType=undefined mAlwaysOnTop=undefined mRotation=ROTATION_0} as.1077 s.31150 fontWeightAdjustment=0}
01-06 14:58:39.396  8613  8613 I ActivityThread: ApplicationInfo updating for com.google.android.gms, new timestamp: 207285982
01-06 14:58:39.396  8613  8613 I ActivityThread: assets removed: [/data/resource-cache/com.android.systemui-neutral-nQ2k.frro, /data/resource-cache/com.android.systemui-accent-SHMn.frro, /data/resource-cache/com.android.systemui-dynamic-WvQV.frro]
01-06 14:58:39.396  8613  8613 I ActivityThread: assets added: [/data/app/~~nQBWp4eh6Arp-cXyX-bCSw==/com.google.android.gms-D715DuIs2lbPY91ikyV4hg==/split_AdsDynamite_installtime.apk, /data/app/~~nQBWp4eh6Arp-cXyX-bCSw==/com.google.android.gms-D715DuIs2lbPY91ikyV4hg==/split_CronetDynamite_installtime.apk, /data/app/~~nQBWp4eh6Arp-cXyX-bCSw==/com.google.android.gms-D715DuIs2lbPY91ikyV4hg==/split_DynamiteLoader_installtime.apk, /data/app/~~nQBWp4eh6Arp-cXyX-bCSw==/com.google.android.gms-D715DuIs2lbPY91ikyV4hg==/split_DynamiteModulesA_installtime.apk, /data/app/~~nQBWp4eh6Arp-cXyX-bCSw==/com.google.android.gms-D715DuIs2lbPY91ikyV4hg==/split_DynamiteModulesC_installtime.apk, /data/app/~~nQBWp4eh6Arp-cXyX-bCSw==/com.google.android.gms-D715DuIs2lbPY91ikyV4hg==/split_GoogleCertificates_installtime.apk, /data/app/~~nQBWp4eh6Arp-cXyX-bCSw==/com.google.android.gms-D715DuIs2lbPY91ikyV4hg==/split_MapsDynamite_installtime.apk, /data/app/~~nQBWp4eh6Arp-cXyX-bCSw==/com.google.android.gms-D715DuIs2lbPY91ikyV4hg==/split_MeasurementDynamite_installtime.apk, /data/resource-cache/com.android.systemui-neutral-L0S6.frro, /data/resource-cache/com.android.systemui-accent-1DVr.frro, /data/resource-cache/com.android.systemui-dynamic-HSGK.frro]
01-06 14:58:39.397  3406  3406 I ActivityThread: ApplicationInfo updating for com.gogo.launcher, new timestamp: 207285981
01-06 14:58:39.397  3406  3406 I ActivityThread: assets removed: [/data/resource-cache/com.android.systemui-neutral-nQ2k.frro, /data/resource-cache/com.android.systemui-accent-SHMn.frro, /data/resource-cache/com.android.systemui-dynamic-WvQV.frro]
01-06 14:58:39.397  3406  3406 I ActivityThread: assets added: [/data/resource-cache/com.android.systemui-neutral-L0S6.frro, /data/resource-cache/com.android.systemui-accent-1DVr.frro, /data/resource-cache/com.android.systemui-dynamic-HSGK.frro]
01-06 14:58:39.404  2189  2189 I ActivityThread: ApplicationInfo updating for com.gogo.launcher, new timestamp: 207285981
01-06 14:58:39.404  2189  2189 I ActivityThread: assets removed: [/data/resource-cache/com.android.systemui-neutral-nQ2k.frro, /data/resource-cache/com.android.systemui-accent-SHMn.frro, /data/resource-cache/com.android.systemui-dynamic-WvQV.frro]
01-06 14:58:39.404  2189  2189 I ActivityThread: assets added: [/data/resource-cache/com.android.systemui-neutral-L0S6.frro, /data/resource-cache/com.android.systemui-accent-1DVr.frro, /data/resource-cache/com.android.systemui-dynamic-HSGK.frro]
01-06 14:58:39.432  2644  2644 I ActivityThread: ApplicationInfo updating for com.google.android.ext.services, new timestamp: 207285982
01-06 14:58:39.432  2644  2644 I ActivityThread: assets removed: [/data/resource-cache/com.android.systemui-neutral-nQ2k.frro, /data/resource-cache/com.android.systemui-accent-SHMn.frro, /data/resource-cache/com.android.systemui-dynamic-WvQV.frro]
01-06 14:58:39.432  2644  2644 I ActivityThread: assets added: [/data/resource-cache/com.android.systemui-neutral-L0S6.frro, /data/resource-cache/com.android.systemui-accent-1DVr.frro, /data/resource-cache/com.android.systemui-dynamic-HSGK.frro]
01-06 14:58:39.432  2273  2273 I ActivityThread: ApplicationInfo updating for com.spreadtrum.ims, new timestamp: 207285981
01-06 14:58:39.432  2273  2273 I ActivityThread: assets removed: [/data/resource-cache/com.android.systemui-neutral-nQ2k.frro, /data/resource-cache/com.android.systemui-accent-SHMn.frro, /data/resource-cache/com.android.systemui-dynamic-WvQV.frro]
01-06 14:58:39.432  2273  2273 I ActivityThread: assets added: [/data/resource-cache/com.android.systemui-neutral-L0S6.frro, /data/resource-cache/com.android.systemui-accent-1DVr.frro, /data/resource-cache/com.android.systemui-dynamic-HSGK.frro]
01-06 14:58:39.435  4411  4411 I ActivityThread: ApplicationInfo updating for com.google.android.permissioncontroller, new timestamp: 207285981
01-06 14:58:39.435  4411  4411 I ActivityThread: assets removed: [/data/resource-cache/com.android.systemui-neutral-nQ2k.frro, /data/resource-cache/com.android.systemui-accent-SHMn.frro, /data/resource-cache/com.android.systemui-dynamic-WvQV.frro]
01-06 14:58:39.435  4411  4411 I ActivityThread: assets added: [/data/resource-cache/com.android.systemui-neutral-L0S6.frro, /data/resource-cache/com.android.systemui-accent-1DVr.frro, /data/resource-cache/com.android.systemui-dynamic-HSGK.frro]
01-06 14:58:39.435  3236  3236 I ActivityThread: ApplicationInfo updating for com.google.android.providers.media.module, new timestamp: 207285980
01-06 14:58:39.435  3236  3236 I ActivityThread: assets removed: [/data/resource-cache/com.android.systemui-neutral-nQ2k.frro, /data/resource-cache/com.android.systemui-accent-SHMn.frro, /data/resource-cache/com.android.systemui-dynamic-WvQV.frro]
01-06 14:58:39.435  3236  3236 I ActivityThread: assets added: [/data/resource-cache/com.android.systemui-neutral-L0S6.frro, /data/resource-cache/com.android.systemui-accent-1DVr.frro, /data/resource-cache/com.android.systemui-dynamic-HSGK.frro]
01-06 14:58:39.436 13117 13117 I ActivityThread: ApplicationInfo updating for com.google.android.gms, new timestamp: 207285982
01-06 14:58:39.436 13117 13117 I ActivityThread: assets removed: [/data/resource-cache/com.android.systemui-neutral-nQ2k.frro, /data/resource-cache/com.android.systemui-accent-SHMn.frro, /data/resource-cache/com.android.systemui-dynamic-WvQV.frro]
01-06 14:58:39.436 13117 13117 I ActivityThread: assets added: [/data/resource-cache/com.android.systemui-neutral-L0S6.frro, /data/resource-cache/com.android.systemui-accent-1DVr.frro, /data/resource-cache/com.android.systemui-dynamic-HSGK.frro]
01-06 14:58:39.437  1342  1387 D LowMemDetector: mExtendM: reportMemPressure1
01-06 14:58:39.441 18266 18266 I ActivityThread: ApplicationInfo updating for com.google.android.inputmethod.latin, new timestamp: 207285980
01-06 14:58:39.441 18266 18266 I ActivityThread: assets removed: [/data/resource-cache/com.android.systemui-neutral-nQ2k.frro, /data/resource-cache/com.android.systemui-accent-SHMn.frro, /data/resource-cache/com.android.systemui-dynamic-WvQV.frro]
01-06 14:58:39.441 18266 18266 I ActivityThread: assets added: [/data/resource-cache/com.android.systemui-neutral-L0S6.frro, /data/resource-cache/com.android.systemui-accent-1DVr.frro, /data/resource-cache/com.android.systemui-dynamic-HSGK.frro]
01-06 14:58:39.464  8180  8180 I ActivityThread: ApplicationInfo updating for com.android.bluetooth, new timestamp: 207285982
01-06 14:58:39.464  8180  8180 I ActivityThread: assets removed: [/data/resource-cache/com.android.systemui-neutral-nQ2k.frro, /data/resource-cache/com.android.systemui-accent-SHMn.frro, /data/resource-cache/com.android.systemui-dynamic-WvQV.frro]
01-06 14:58:39.464  8180  8180 I ActivityThread: assets added: [/data/resource-cache/com.android.systemui-neutral-L0S6.frro, /data/resource-cache/com.android.systemui-accent-1DVr.frro, /data/resource-cache/com.android.systemui-dynamic-HSGK.frro]
01-06 14:58:39.466  1342  1367 D CompatChangeReporter: Compat change id reported: 151861875; UID 10074; state: ENABLED
01-06 14:58:39.468  1342  1367 D CompatChangeReporter: Compat change id reported: 151861875; UID 1000; state: ENABLED
01-06 14:58:39.471  1342  1367 I WindowManager: Override config changes=80000000 {1.0 404mcc49mnc [en_IN] ldltr sw360dp w360dp h820dp 320dpi nrml long port night finger -keyb/v/h -nav/h winConfig={ mBounds=Rect(0, 0 - 720, 1640) mAppBounds=Rect(0, 0 - 720, 1640) mMaxBounds=Rect(0, 0 - 720, 1640) mDisplayRotation=ROTATION_0 mWindowingMode=fullscreen mActivityType=undefined mAlwaysOnTop=undefined mRotation=ROTATION_0} as.1077 s.31150 fontWeightAdjustment=0} for displayId=0
01-06 14:58:39.471  1342  1367 D BLASTSyncEngine: SyncGroup 6381-Transition-CHANGE started
01-06 14:58:39.472 15516 15531 V WindowManagerShell: Transition requested (#6381): android.os.BinderProxy@4fcc9dc TransitionRequestInfo { type = CHANGE, triggerTask = null, pipTask = null, remoteTransition = null, displayChange = null, flags = 0, debugId = 6381 }
01-06 14:58:39.476  1342  1367 D WindowManager: isSupportDynamicNavbar user0, navBarMode = 0, is3buttonModeNavbar = true
01-06 14:58:39.477  3258  3258 I ActivityThread: ApplicationInfo updating for com.huaqin.sarcontroller, new timestamp: 207285983
01-06 14:58:39.477  3258  3258 I ActivityThread: assets removed: [/data/resource-cache/com.android.systemui-neutral-nQ2k.frro, /data/resource-cache/com.android.systemui-accent-SHMn.frro, /data/resource-cache/com.android.systemui-dynamic-WvQV.frro]
01-06 14:58:39.477  3258  3258 I ActivityThread: assets added: [/data/resource-cache/com.android.systemui-neutral-L0S6.frro, /data/resource-cache/com.android.systemui-accent-1DVr.frro, /data/resource-cache/com.android.systemui-dynamic-HSGK.frro]
01-06 14:58:39.480  2069  2069 I ActivityThread: ApplicationInfo updating for com.google.android.networkstack.tethering, new timestamp: 207285983
01-06 14:58:39.480  2069  2069 I ActivityThread: assets removed: [/data/resource-cache/com.android.systemui-neutral-nQ2k.frro, /data/resource-cache/com.android.systemui-accent-SHMn.frro, /data/resource-cache/com.android.systemui-dynamic-WvQV.frro]
01-06 14:58:39.480  2069  2069 I ActivityThread: assets added: [/data/resource-cache/com.android.systemui-neutral-L0S6.frro, /data/resource-cache/com.android.systemui-accent-1DVr.frro, /data/resource-cache/com.android.systemui-dynamic-HSGK.frro]
01-06 14:58:39.488  1342  1370 V BroadcastQueue: Enqueuing BroadcastRecord{a6253c2 android.intent.action.CONFIGURATION_CHANGED/u-1} ordered=false from uid 1000 pid 1342 for 10 receivers
01-06 14:58:39.488  1342  1367 V BroadcastQueue: Enqueuing BroadcastRecord{b6ef5d3 android.intent.action.OVERLAY_CHANGED/u0} ordered=false from uid 1000 pid 1342 for 6 receivers
01-06 14:58:39.489  1342  1367 W Looper  : Slow dispatch took 122ms android.fg h=android.os.Handler c=com.android.server.om.OverlayManagerService$$ExternalSyntheticLambda4@1572510 m=0
01-06 14:58:39.495 15516 15516 I ActivityThread: ApplicationInfo updating for com.android.systemui, new timestamp: 207285981
01-06 14:58:39.495 15516 15516 I ActivityThread: assets removed: [/data/resource-cache/com.android.systemui-neutral-nQ2k.frro, /data/resource-cache/com.android.systemui-accent-SHMn.frro, /data/resource-cache/com.android.systemui-dynamic-WvQV.frro]
01-06 14:58:39.495 15516 15516 I ActivityThread: assets added: [/data/resource-cache/com.android.systemui-neutral-L0S6.frro, /data/resource-cache/com.android.systemui-accent-1DVr.frro, /data/resource-cache/com.android.systemui-dynamic-HSGK.frro]
01-06 14:58:39.495 15516 15516 W Looper  : Slow dispatch took 102ms main h=android.app.ActivityThread$H c=null m=156
01-06 14:58:39.495  1342  1370 I DisplayDeviceRepository: Display device changed: DisplayDeviceInfo{"Built-in Screen": uniqueId="local:4619827259835644672", 720 x 1640, modeId 1, renderFrameRate 60.0, defaultModeId 2, userPreferredModeId -1, supportedModes [{id=1, width=720, height=1640, fps=60.0, vsync=60.0, synthetic=false, alternativeRefreshRates=[90.0, 120.00001], supportedHdrTypes=[]}, {id=2, width=720, height=1640, fps=120.00001, vsync=120.00001, synthetic=false, alternativeRefreshRates=[60.0, 90.0], supportedHdrTypes=[]}, {id=3, width=720, height=1640, fps=90.0, vsync=90.0, synthetic=false, alternativeRefreshRates=[60.0, 120.00001], supportedHdrTypes=[]}], colorMode 0, supportedColorModes [0], hdrCapabilities HdrCapabilities{mSupportedHdrTypes=[], mMaxLuminance=500.0, mMaxAverageLuminance=500.0, mMinLuminance=0.0}, allmSupported false, gameContentTypeSupported false, density 320, 261.257 x 260.35 dpi, appVsyncOff 1000000, presDeadline 16666667, cutout DisplayCutout{insets=Rect(0, 68 - 0, 0) waterfall=Insets{left=0, top=0, right=0, bottom=0} boundingRect={Bounds=[Rect(0, 0 - 0, 0), Rect(309, 0 - 411, 68), Rect(0, 0 - 0, 0), Rect(0, 0 - 0, 0)]} cutoutPathParserInfo={CutoutPathParserInfo{displayWidth=720 displayHeight=1640 physicalDisplayWidth=720 physicalDisplayHeight=1640 density={2.0} cutoutSpec={M 0,0 H -51 V 68 H 51 V 0 H 0 Z} rotation={0} scale={1.0} physicalPixelDisplaySizeRatio={1.0}}} sideOverrides={}}, touch INTERNAL, rotation 0, type INTERNAL, address {port=0, model=0x401cec6a7a2b7b}, deviceProductInfo DeviceProductInfo{name=EMU_display_0, manufacturerPnpId=GGL, productId=1, modelYear=null, manufactureDate=ManufactureDate{week=27, year=2006}, connectionToSinkType=0}, state OFF, committedState OFF, frameRateOverride , brightnessMinimum 0.0, brightnessMaximum 1.0, brightnessDefault 0.14956012, hdrSdrRatio NaN, FLAG_ALLOWED_TO_BE_DEFAULT_DISPLAY, FLAG_ROTATES_WITH_CONTENT, FLAG_SECURE, FLAG_SUPPORTS_PROTECTED_BUFFERS, FLAG_TRUSTED, installOrientation 0, displayShape DisplayShape{ spec=-1643623731 displayWidth=720 displayHeight=1640 physicalPixelDisplaySizeRatio=1.0 rotation=0 offsetX=0 offsetY=0 scale=1.0}}
01-06 14:58:39.497  1342  1409 V BroadcastQueue: Enqueuing BroadcastRecord{105ea0e android.intent.action.PACKAGE_CHANGED/u0} ordered=false from uid 1000 pid 1342 for 51 receivers
01-06 14:58:39.498  1342  1370 D WindowManager: setNavBarProp mCurrentUserId = 0, mBootHasNavbar=true, mNavBarOverlay = true
01-06 14:58:39.501  1342  1371 D WindowManager: isSupportDynamicNavbar user0, navBarMode = 0, is3buttonModeNavbar = true
01-06 14:58:39.508  1342  1643 D ShortcutService: received package broadcast intent: Intent { act=android.intent.action.PACKAGE_CHANGED dat=package: flg=0x5000010 (has extras) }
01-06 14:58:39.508  1342  1643 D ShortcutService: changing package: android userId0
01-06 14:58:39.508  1342  1643 D ShortcutService: handlePackageChanged: android user=0
01-06 14:58:39.508  1342  1643 D ShortcutService: rescanPackageIfNeeded 0@android, forceRescan=true , isNewApp=true
01-06 14:58:39.508  1342  1643 D ShortcutService: Package android has 0 manifest shortcut(s), and 0 share target(s)
01-06 14:58:39.516 19788 19788 I ActivityThread: ApplicationInfo updating for com.google.android.gms, new timestamp: 207285982
01-06 14:58:39.516 19788 19788 I ActivityThread: assets removed: [/data/resource-cache/com.android.systemui-neutral-nQ2k.frro, /data/resource-cache/com.android.systemui-accent-SHMn.frro, /data/resource-cache/com.android.systemui-dynamic-WvQV.frro]
01-06 14:58:39.516 19788 19788 I ActivityThread: assets added: [/data/resource-cache/com.android.systemui-neutral-L0S6.frro, /data/resource-cache/com.android.systemui-accent-1DVr.frro, /data/resource-cache/com.android.systemui-dynamic-HSGK.frro]
01-06 14:58:39.518 15516 15531 V ShellDragAndDrop: Display changed: 0
01-06 14:58:39.519  1342  5588 D ShortcutService: Getting shortcuts for launcher= com.gogo.launcheruser=0 pkg=android
01-06 14:58:39.542  1342  1387 D LowMemDetector: mExtendM: reportMemPressure2
01-06 14:58:39.542  1342  1387 I ExtM    : runFlush  interval less than FLUSH_INTERVAL_LIMIT, skip flush
01-06 14:58:39.547  1342  5210 D WindowManager: isSupportDynamicNavbar user0, navBarMode = 0, is3buttonModeNavbar = true
01-06 14:58:39.551  1342  1371 D WindowManager: isSupportDynamicNavbar user0, navBarMode = 0, is3buttonModeNavbar = true
