01-06 14:58:47.380 19788 31292 I FontLog : (REDACTED) Received query %s, URI %s
01-06 14:58:47.380 19788 31292 I FontLog : (REDACTED) Query [%s] resolved to %s
01-06 14:58:47.382 19788 31292 I FontLog : (REDACTED) Fetch %s end status %s
01-06 14:58:47.385 19788 31292 I FontLog : (REDACTED) Pulling font file for id = %d, cache size = %d
01-06 14:58:47.386  8968  9691 I Finsky  : [100] Created new item store.
01-06 14:58:47.389 19788 31292 I FontLog : (REDACTED) Received query %s, URI %s
01-06 14:58:47.389 19788 31292 I FontLog : (REDACTED) Query [%s] resolved to %s
01-06 14:58:47.391 19788 31292 I FontLog : (REDACTED) Font PFD returned from cache for %s
01-06 14:58:47.391 19788 31292 I FontLog : (REDACTED) Fetch %s end status %s
01-06 14:58:47.394 19788 31292 I FontLog : (REDACTED) Pulling font file for id = %d, cache size = %d
01-06 14:58:47.395  8968  8987 I Finsky  : [33] Setup::DSE: original default browser com.android.chrome,  isPixel false, isEeav2Device false, isDseChoiceScreenDevice true, inSamprasCountries false, inDmaCountries false, inDseChoiceScreenCountries true, isDefaultBrowserChanged false, inOsakaCountries false, cohortId 0
01-06 14:58:47.398 19788 31292 I FontLog : (REDACTED) Received query %s, URI %s
01-06 14:58:47.398 19788 31292 I FontLog : (REDACTED) Query [%s] resolved to %s
01-06 14:58:47.400 19788 31292 I FontLog : (REDACTED) Font PFD returned from cache for %s
01-06 14:58:47.400 19788 31292 I FontLog : (REDACTED) Fetch %s end status %s
01-06 14:58:47.403 19788 31292 I FontLog : (REDACTED) Pulling font file for id = %d, cache size = %d
01-06 14:58:47.405 19788  8770 I SQLiteConnectionPool: The connection pool for /data/user/0/com.google.android.gms/databases/metadata.db has been closed but there are still 1 connections in use.  They will be closed as they are released back to the pool.
01-06 14:58:47.410 19788 31292 I FontLog : (REDACTED) Received query %s, URI %s
01-06 14:58:47.410 19788 31292 I FontLog : (REDACTED) Query [%s] resolved to %s
01-06 14:58:47.412 19788 31292 I FontLog : (REDACTED) Font PFD returned from cache for %s
01-06 14:58:47.412 19788 31292 I FontLog : (REDACTED) Fetch %s end status %s
01-06 14:58:47.414 19788 31292 I FontLog : (REDACTED) Pulling font file for id = %d, cache size = %d
01-06 14:58:47.421 19788  8771 W FontLog : Error updating last accessed time for {Google Sans, wdth 100.0, wght 400, ital 0.0, bestEffort false}, isVf false}. [CONTEXT service_id=132 ]
01-06 14:58:47.421 19788  8771 W FontLog : java.lang.IllegalStateException: Cannot perform this operation because the connection pool has been closed.
01-06 14:58:47.421 19788  8771 W FontLog : 	at android.database.sqlite.SQLiteConnectionPool.throwIfClosedLocked(SQLiteConnectionPool.java:1103)
01-06 14:58:47.421 19788  8771 W FontLog : 	at android.database.sqlite.SQLiteConnectionPool.waitForConnection(SQLiteConnectionPool.java:794)
01-06 14:58:47.421 19788  8771 W FontLog : 	at android.database.sqlite.SQLiteConnectionPool.acquireConnection(SQLiteConnectionPool.java:399)
01-06 14:58:47.421 19788  8771 W FontLog : 	at android.database.sqlite.SQLiteSession.acquireConnection(SQLiteSession.java:920)
01-06 14:58:47.421 19788  8771 W FontLog : 	at android.database.sqlite.SQLiteSession.executeForChangedRowCount(SQLiteSession.java:778)
01-06 14:58:47.421 19788  8771 W FontLog : 	at android.database.sqlite.SQLiteStatement.executeUpdateDelete(SQLiteStatement.java:67)
01-06 14:58:47.421 19788  8771 W FontLog : 	at android.database.sqlite.SQLiteDatabase.executeSql(SQLiteDatabase.java:2207)
01-06 14:58:47.421 19788  8771 W FontLog : 	at android.database.sqlite.SQLiteDatabase.execSQL(SQLiteDatabase.java:2183)
01-06 14:58:47.421 19788  8771 W FontLog : 	at blhz.run(:com.google.android.gms@254761062@25.47.61 (200400-839048624):57)
01-06 14:58:47.421 19788  8771 W FontLog : 	at axli.c(:com.google.android.gms@254761062@25.47.61 (200400-839048624):50)
01-06 14:58:47.421 19788  8771 W FontLog : 	at axli.run(:com.google.android.gms@254761062@25.47.61 (200400-839048624):73)
01-06 14:58:47.421 19788  8771 W FontLog : 	at java.util.concurrent.ThreadPoolExecutor.runWorker(ThreadPoolExecutor.java:1156)
01-06 14:58:47.421 19788  8771 W FontLog : 	at java.util.concurrent.ThreadPoolExecutor$Worker.run(ThreadPoolExecutor.java:651)
01-06 14:58:47.421 19788  8771 W FontLog : 	at axqw.run(:com.google.android.gms@254761062@25.47.61 (200400-839048624):8)
01-06 14:58:47.421 19788  8771 W FontLog : 	at java.lang.Thread.run(Thread.java:1119)
01-06 14:58:47.431  8968  8987 I Finsky  : [33] DSE: Set Settings.Secure.play_determined_dma_eligibility to: 0 (success=true)
01-06 14:58:47.432  8968  8987 I Finsky  : [33] DSE: Set Settings.Secure.play_determined_choice_program to: 3 (success=true)
01-06 14:58:47.465  1060  1157 I ThermalCvtGovernor: board(screen-off) calTemp: 40120 tripTemp: 37000
01-06 14:58:47.465  1060  1157 I ThermalCvtGovernor: board(screen-off) setLevel: 1, setTrip: 0
01-06 14:58:47.465  1060  1060 I ThermalManager: received EVENT_TRIP, sensor=board(screen-off)
01-06 14:58:47.465  1060  1060 I ThermalActionCommon: do,===>charge,NULL, wArg:2700000, mFileNode:/sys/class/power_supply/battery/charger.0/thermal_limit_current
01-06 14:58:47.519  9405  9560 I PlayCore: UID: [10159]  PID: [9405] OnRequestInstallCallback : onRequestInfo
01-06 14:58:47.519  9405  9582 I PlayCore: UID: [10159]  PID: [9405] AppUpdateService : Unbind from service.
01-06 14:58:47.523  8968  8968 I Finsky  : [2] Memory trim requested to level 40
01-06 14:58:47.524  8968  8968 I Finsky  : [2] Flushing in-memory image cache
01-06 14:58:47.524  9021  9021 I Finsky:background: [2] Memory trim requested to level 40
01-06 14:58:47.525 19788  4039 I NearbyPresence: (REDACTED) %s verified [==] new request %s equals to the old request
01-06 14:58:47.536  9584  9695 W AudioCapabilities: Unsupported mime audio/ima-adpcm
01-06 14:58:47.574  9584  9695 W AudioCapabilities: Unsupported mime audio/mpeg-L1
01-06 14:58:47.575  9584  9695 W AudioCapabilities: Unsupported mime audio/mpeg-L2
01-06 14:58:47.597  9584  9695 W VideoCapabilities: Unsupported mime video/jpeg
01-06 14:58:47.597  9584  9695 W VideoCapabilities: Unsupported mime video/jpeg
01-06 14:58:47.632  9584  9590 W System  : A resource failed to call close. 
01-06 14:58:47.663 19788  3400 W GetConfigSnapshotOp: Succeeded but not registered: com.google.android.libraries.performance.primes#com.android.vending [CONTEXT service_id=51 ]
01-06 14:58:47.672  9021  9697 I Finsky:background: [77] playLoggingServerUrl: https://play.googleapis.com/play/log
01-06 14:58:47.673  9021  9697 I Finsky:background: [77] playLoggingServerTimestampUrl: https://play.googleapis.com/play/log/timestamp
01-06 14:58:47.673  1342  6689 D ActivityManager: getHistoricalProcessExitReasons pkg: com.google.android.youtube, pid:  0, userId: 0, callingPid: 8878, callingUid: 10177
01-06 14:58:47.697  1342  1603 D InetDiagMessage: Destroyed 0 sockets, proto=IPPROTO_TCP, family=AF_INET, states=14
01-06 14:58:47.698  1342  1603 D InetDiagMessage: Destroyed 0 sockets, proto=IPPROTO_TCP, family=AF_INET6, states=14
01-06 14:58:47.699  1342  1603 D InetDiagMessage: Destroyed live tcp sockets for uids={10221} in 3ms
01-06 14:58:47.700  1342  1603 D InetDiagMessage: Destroyed 0 sockets, proto=IPPROTO_TCP, family=AF_INET, states=14
01-06 14:58:47.701  1342  1603 D InetDiagMessage: Destroyed 0 sockets, proto=IPPROTO_TCP, family=AF_INET6, states=14
01-06 14:58:47.701  1342  1603 D InetDiagMessage: Destroyed live tcp sockets for uids={20221} in 2ms
01-06 14:58:47.762  9405  9571 W chromium: [WARNING:net/cert/ev_root_ca_metadata.cc:117] Not implemented
01-06 14:58:48.081  1342  1603 D InetDiagMessage: Destroyed 4 sockets, proto=IPPROTO_TCP, family=AF_INET, states=14
01-06 14:58:48.082  1342  1603 D InetDiagMessage: Destroyed 0 sockets, proto=IPPROTO_TCP, family=AF_INET6, states=14
01-06 14:58:48.082  1342  1603 D InetDiagMessage: Destroyed live tcp sockets for uids={10177} in 4ms
01-06 14:58:48.083  1342  1603 D InetDiagMessage: Destroyed 0 sockets, proto=IPPROTO_TCP, family=AF_INET, states=14
01-06 14:58:48.084  1342  1603 D InetDiagMessage: Destroyed 0 sockets, proto=IPPROTO_TCP, family=AF_INET6, states=14
01-06 14:58:48.084  1342  1603 D InetDiagMessage: Destroyed live tcp sockets for uids={20177} in 3ms
01-06 14:58:48.087  1342  1342 V BroadcastQueue: Enqueuing BroadcastRecord{f2b3de9 android.intent.action.BATTERY_CHANGED/u-1} ordered=false from uid 1000 pid 1342 for 2 receivers
01-06 14:58:48.089 15516 15516 D UnisocPowerUI: onReceive health:2 --> 2
01-06 14:58:48.089 15516 15516 D BatteryController: onReceive:mLevel=78,mCharging=true
01-06 14:58:48.089  1342  1342 V BroadcastQueue: Enqueuing BroadcastRecord{d7c8a6e android.intent.action.BATTERY_CHANGED/u-1} ordered=false from uid 1000 pid 1342 for 26 receivers
01-06 14:58:48.092 15516 15516 D UnisocBatteryControllerEx: fireChargingSpeedChanged: 0
01-06 14:58:48.092  1342  1342 D BoardScore: Received android.intent.action.BATTERY_CHANGED
01-06 14:58:48.092  1342  1342 D BoardScore: chargePlug 2; status =2
01-06 14:58:48.092 15516 16646 D PowerUI : can't show warning due to - plugged: true status unknown: false
01-06 14:58:48.092  1342  1342 D BatteryServiceERP: action: android.intent.action.BATTERY_CHANGED,level:78,scale:100,status:2,isCharging:true,isSendNotification: false,isForceCharging:false
01-06 14:58:48.092  1342  1342 D BatteryServiceERP: battProtect switch: 0
01-06 14:58:48.094  1342  1387 D LowMemDetector: mExtendM: reportMemPressure1
01-06 14:58:48.095  1342  6689 V AS.AudioDeviceBroker: requestedCommunicationDevice: null mAudioModeOwner: AudioModeInfo: mMode=MODE_NORMAL, mPid=0, mUid=0
01-06 14:58:48.096  1342  6689 V AS.AudioDeviceBroker: requestedCommunicationDevice: null mAudioModeOwner: AudioModeInfo: mMode=MODE_NORMAL, mPid=0, mUid=0
01-06 14:58:48.142 19788 20112 I cn_CronetUrlRequestContext: destroyNativeStreamLocked org.chromium.net.impl.CronetBidirectionalStream@31b8dea
01-06 14:58:48.202  1342  1387 D LowMemDetector: mExtendM: reportMemPressure2
01-06 14:58:48.202  1342  1387 I ExtM    : runFlush  interval less than FLUSH_INTERVAL_LIMIT, skip flush
01-06 14:58:48.259  1342  6587 D ActivityManager: Skip enqueue broadcast because no receiver with Intent { act=android.intent.action.SIG_STR flg=0x10 (has extras) }
01-06 14:58:48.263 15516 15516 D UniResolvedNetworkType: sub 2: dataNetType not Override 13
01-06 14:58:48.318 19788  7870 I CCTUploader: Failed to get auth token for log sources [[ANDROID_GROWTH]] because the account doesn't exist on the device.
01-06 14:58:48.379  9332  9467 D MsgCenterRemoteCallbackListManager: MsgCenterRemoteCallbackListManagerconnecting  app:com.xiaomi.mipicks:guard
01-06 14:58:48.406  1342  1354 I system_server: Background young concurrent mark compact GC freed 18MB AllocSpace bytes, 108(2244KB) LOS objects, 24% free, 62MB/83MB, paused 2.022ms,10.095ms total 147.059ms
01-06 14:58:48.466  1342  1603 D InetDiagMessage: Destroyed 0 sockets, proto=IPPROTO_TCP, family=AF_INET, states=14
01-06 14:58:48.467  1342  1603 D InetDiagMessage: Destroyed 1 sockets, proto=IPPROTO_TCP, family=AF_INET6, states=14
01-06 14:58:48.467  1342  1603 D InetDiagMessage: Destroyed live tcp sockets for uids={10130} in 2ms
01-06 14:58:48.468  1342  1603 D InetDiagMessage: Destroyed 0 sockets, proto=IPPROTO_TCP, family=AF_INET, states=14
01-06 14:58:48.469  1342  1603 D InetDiagMessage: Destroyed 0 sockets, proto=IPPROTO_TCP, family=AF_INET6, states=14
01-06 14:58:48.469  1342  1603 D InetDiagMessage: Destroyed live tcp sockets for uids={20130} in 3ms
01-06 14:58:49.036  9332  9704 D ProfileInstaller: Installing profile for com.xiaomi.mipicks
01-06 14:58:49.086 19788  8770 I NetworkScheduler.Stats: (REDACTED) Task %s/%s finished executing. cause:%s result: %s elapsed_millis: %s uptime_millis: %s exec_start_elapsed_seconds: %s
01-06 14:58:49.097  1342  6587 V AS.AudioDeviceBroker: requestedCommunicationDevice: null mAudioModeOwner: AudioModeInfo: mMode=MODE_NORMAL, mPid=0, mUid=0
01-06 14:58:49.098  1342  6587 V AS.AudioDeviceBroker: requestedCommunicationDevice: null mAudioModeOwner: AudioModeInfo: mMode=MODE_NORMAL, mPid=0, mUid=0
01-06 14:58:49.196 19788 19788 D BoundBrokerSvc: onUnbind: Intent { act=com.google.android.gms.common.telemetry.service.START dat=chimera-action:/... cmp=com.google.android.gms/.chimera.PersistentApiService }
01-06 14:58:49.261  1342  6587 D ActivityManager: Skip enqueue broadcast because no receiver with Intent { act=android.intent.action.SIG_STR flg=0x10 (has extras) }
01-06 14:58:49.263  1342  5219 D ActivityManager: Skip enqueue broadcast because no receiver with Intent { act=android.intent.action.SIG_STR flg=0x10 (has extras) }
01-06 14:58:49.265 15516 15516 D UniResolvedNetworkType: sub 18: dataNetType not Override 13
01-06 14:58:49.268 15516 15516 D UniResolvedNetworkType: sub 2: dataNetType not Override 13
01-06 14:58:49.368  1342  5219 W OverlayManager: service 'idmap' died
01-06 14:58:50.100  1342  5219 V AS.AudioDeviceBroker: requestedCommunicationDevice: null mAudioModeOwner: AudioModeInfo: mMode=MODE_NORMAL, mPid=0, mUid=0
01-06 14:58:50.100  1342  5219 V AS.AudioDeviceBroker: requestedCommunicationDevice: null mAudioModeOwner: AudioModeInfo: mMode=MODE_NORMAL, mPid=0, mUid=0
01-06 14:58:50.104  1342  5219 D ConnectivityService: Returning BLOCKED NetworkInfo to uid=10177
01-06 14:58:50.265  1342  5219 D ActivityManager: Skip enqueue broadcast because no receiver with Intent { act=android.intent.action.SIG_STR flg=0x10 (has extras) }
01-06 14:58:50.267  1342  6587 D ActivityManager: Skip enqueue broadcast because no receiver with Intent { act=android.intent.action.SIG_STR flg=0x10 (has extras) }
01-06 14:58:50.269 15516 15516 D UniResolvedNetworkType: sub 18: dataNetType not Override 13
01-06 14:58:50.273 15516 15516 D UniResolvedNetworkType: sub 2: dataNetType not Override 13
01-06 14:58:50.279  1342  6587 D ConnectivityService: Returning BLOCKED NetworkInfo to uid=10130
01-06 14:58:50.359  8968  9022 I Finsky  : [59] Initializing the instant apps module.
01-06 14:58:50.362  1342  1387 D LowMemDetector: mExtendM: reportMemPressure1
01-06 14:58:50.376  8968  9004 I Finsky  : [42] Triggered update for experiment package com.google.android.finsky.stable.
01-06 14:58:50.466  1342  5219 D PackageManager: Considering set com.android.vending/com.google.android.finsky.wearsupport.WearSupportService's state as 2 with userId = 0, callingPackage = com.android.vending:10152
01-06 14:58:50.466  8968  9022 I Finsky  : [59] Component class com.google.android.finsky.wearsupport.WearSupportService disabled via PackageManager.
01-06 14:58:50.467  1342  5219 D PackageManager: Considering set com.android.vending/com.google.android.finsky.wearsupport.WearChangeListenerService's state as 2 with userId = 0, callingPackage = com.android.vending:10152
01-06 14:58:50.467  8968  9022 I Finsky  : [59] Component class com.google.android.finsky.wearsupport.WearChangeListenerService disabled via PackageManager.
01-06 14:58:50.470  1342  1387 D LowMemDetector: mExtendM: reportMemPressure2
01-06 14:58:50.470  1342  1387 I ExtM    : runFlush  interval less than FLUSH_INTERVAL_LIMIT, skip flush
01-06 14:58:50.536  8968  9004 I Finsky  : [42] Already at the latest configurations for experiment package com.google.android.finsky.stable.
01-06 14:58:50.536  8968  9004 I Finsky  : [42] Triggered update for experiment package com.google.android.finsky.regular.
01-06 14:58:50.540  8968  9024 W Finsky  : [58] PreloadClasses: Unable to load [kotlinx.coroutines.internal.ThreadContextKt$countAll$1, kotlinx.coroutines.internal.ThreadContextKt$findOne$1, kotlinx.coroutines.internal.ThreadContextKt$updateState$1, androidx.compose.runtime.snapshots.SnapshotKt$emptyLambda$1, androidx.compose.runtime.Recomposer$broadcastFrameClock$1, androidx.compose.runtime.Recomposer$recompositionRunner$2$unregisterApplyObserver$1, androidx.compose.ui.platform.AndroidComposeView$keyInputModifier$1, androidx.compose.runtime.ComposerImpl, androidx.compose.runtime.ComposableSingletons$CompositionKt$lambda-1$1, androidx.compose.runtime.ComposableSingletons$CompositionKt$lambda-2$1, androidx.compose.ui.platform.ComposableSingletons$Wrapper_androidKt$lambda-1$1, androidx.compose.runtime.Recomposer$readObserverOf$1, androidx.compose.runtime.Recomposer$writeObserverOf$1, androidx.compose.ui.platform.AndroidCompositionLocals_androidKt$LocalSavedStateRegistryOwner$1, androidx.compose.runtime.saveable.SaveableStateRegistryKt$LocalSaveableStateRegistry$1, androidx.compose.material3.TypographyKt$LocalTypography$1, androidx.compose.material.ColorsKt$LocalColors$1, androidx.compose.material.ShapesKt$LocalShapes$1, androidx.compose.material.ContentAlphaKt$LocalContentAlpha$1, androidx.compose.foundation.IndicationKt$LocalIndication$1, androidx.compose.material.ripple.RippleThemeKt$LocalRippleTheme$1, androidx.compose.foundation.text.selection.TextSelectionColorsKt$LocalTextSelectionColors$1, androidx.compose.material.MaterialThemeKt$MaterialTheme$1, androidx.compose.material.TextKt$LocalTextStyle$1, androidx.compose.animation.core.InfiniteTransition$run$2, androidx.compose.animation.core.VectorConvertersKt$FloatToVector$1, androidx.compose.animation.core.VectorConvertersKt$FloatToVector$2, androidx.compose.animation.core.VectorConvertersKt$IntToVector$2, androidx.compose.animation.core.VectorConvertersKt$DpToVector$1, androidx.compose.animation.core.VectorConvertersKt$DpToVector$2, androidx.compose.material.ProgressIndicatorKt$CircularProgressIndicator$endAngle$2, androidx.compose.material.ProgressIndicatorKt$CircularProgressIndicator$startAngle$2, androidx.compose.foundation.ProgressSemanticsKt$progressSemantics$2, androidx.compose.material.MaterialThemeKt$MaterialTheme$2, androidx.compose.ui.platform.AndroidCompositionLocals_androidKt$ProvideAndroidCompositionLocals$4, androidx.compose.foundation.IndicationKt$indication$2, androidx.compose.foundation.text.selection.SelectionRegistrarKt$LocalSelectionRegistrar$1, androidx.compose.runtime.saveable.SaverKt$AutoSaver$1, androidx.compose.runtime.saveable.SaverKt$AutoSaver$2, androidx.compose.runtime.snapshots.SnapshotStateList$StateListStateRecord, androidx.compose.material.ButtonKt$Button$2, androidx.compose.material.ElevationOverlayKt$LocalElevationOverlay$1, androidx.compose.material.ElevationOverlayKt$LocalAbsoluteElevation$1, androidx.compose.material.SurfaceKt$Surface$1, androidx.compose.material.TextKt$Text$4, androidx.compose.material.TextKt$ProvideTextStyle$1, androidx.compose.material.SurfaceKt$Surface$2, androidx.compose.material.ButtonKt$Button$3, androidx.compose.foundation.gestures.ScrollableStateKt$rememberScrollableState$1$1, androidx.compose.material.TextKt$Text$3, androidx.compose.material3.TextKt$Text$3, androidx.compose.foundation.layout.BoxWithConstraintsKt$BoxWithConstraints$1$1, androidx.compose.runtime.ComposerImpl$CompositionContextHolder, androidx.compose.runtime.ComposerImpl$CompositionContextImpl, androidx.compose.runtime.Updater$init$1, androidx.compose.runtime.internal.ComposableLambdaImpl$invoke$2, androidx.compose.ui.text.MultiParagraphIntrinsics$minIntrinsicWidth$2, androidx.compose.ui.text.MultiParagraphIntrinsics$maxIntrinsicWidth$2, androidx.compose.ui.text.platform.extensions.SpannableExtensions_androidKt$setFontAttributes$1, androidx.compose.foundation.layout.PaddingValuesModifier$measure$2, androidx.compose.foundation.layout.BoxWithConstraintsKt$BoxWithConstraints$1$1$measurables$1, androidx.compose.ui.layout.ComposableSingletons$Subcompo
01-06 14:58:50.556  8968  9004 I Finsky  : [42] Already at the latest configurations for experiment package com.google.android.finsky.regular.
01-06 14:58:50.556  8968  9004 I Finsky  : [42] Triggered update for experiment package com.google.android.finsky.regular.
01-06 14:58:50.575  8968  9004 I Finsky  : [42] Already at the latest configurations for experiment package com.google.android.finsky.regular.
01-06 14:58:50.660  1342  1603 D InetDiagMessage: Destroyed 4 sockets, proto=IPPROTO_TCP, family=AF_INET, states=14
01-06 14:58:50.661  1342  1603 D InetDiagMessage: Destroyed 0 sockets, proto=IPPROTO_TCP, family=AF_INET6, states=14
01-06 14:58:50.661  1342  1603 D InetDiagMessage: Destroyed live tcp sockets for uids={10159} in 3ms
01-06 14:58:50.662  1342  1603 D InetDiagMessage: Destroyed 0 sockets, proto=IPPROTO_TCP, family=AF_INET, states=14
01-06 14:58:50.663  1342  1603 D InetDiagMessage: Destroyed 0 sockets, proto=IPPROTO_TCP, family=AF_INET6, states=14
01-06 14:58:50.664  1342  1603 D InetDiagMessage: Destroyed live tcp sockets for uids={20159} in 3ms
01-06 14:58:50.769  8968  8968 I Finsky  : [2] setup::RES: shouldRecoverRestoredPackages: versionCodeSystem 84502130
01-06 14:58:50.771  8968  8968 I Finsky  : [2] Detected restoreservicev2://recovery not needed, will not run
01-06 14:58:50.852  8968  9689 I Finsky  : [98] registerListener
01-06 14:58:50.854  8968  9689 I Finsky  : [98] DSC: reviveDownloads()
01-06 14:58:50.855  8968  9689 I Finsky  : [98] Initialized AssetModuleDownloader.
01-06 14:58:50.866  9021  9133 I Finsky:background: [51] DS: reviveDownloads()
01-06 14:58:50.892  1342  5219 D ConnectivityService: requestNetwork for uid/pid:10152/9021 activeRequest: null callbackRequest: 28831 [NetworkRequest [ REQUEST id=28832, [ Capabilities: INTERNET&NOT_RESTRICTED&TRUSTED&NOT_VCN_MANAGED&NOT_BANDWIDTH_CONSTRAINED Uid: 10152 RequestorUid: 10152 RequestorPkg: com.android.vending UnderlyingNetworks: Null] ]] callback flags: 0 order: 2147483647 isUidTracked: false declaredMethods: AVAIL|LOST
01-06 14:58:50.894  1342  1596 D OemPaidWifiNetworkFactory: got request NetworkRequest [ REQUEST id=28832, [ Capabilities: INTERNET&NOT_RESTRICTED&TRUSTED&NOT_VCN_MANAGED&NOT_BANDWIDTH_CONSTRAINED Uid: 10152 RequestorUid: 10152 RequestorPkg: com.android.vending UnderlyingNetworks: Null] ]
01-06 14:58:50.894  1342  1596 D MultiInternetWifiNetworkFactory: got request NetworkRequest [ REQUEST id=28832, [ Capabilities: INTERNET&NOT_RESTRICTED&TRUSTED&NOT_VCN_MANAGED&NOT_BANDWIDTH_CONSTRAINED Uid: 10152 RequestorUid: 10152 RequestorPkg: com.android.vending UnderlyingNetworks: Null] ]
01-06 14:58:50.894  1342  1596 D WifiNetworkFactory: got request NetworkRequest [ REQUEST id=28832, [ Capabilities: INTERNET&NOT_RESTRICTED&TRUSTED&NOT_VCN_MANAGED&NOT_BANDWIDTH_CONSTRAINED Uid: 10152 RequestorUid: 10152 RequestorPkg: com.android.vending UnderlyingNetworks: Null] ]
01-06 14:58:50.894  1342  1596 D UntrustedWifiNetworkFactory: got request NetworkRequest [ REQUEST id=28832, [ Capabilities: INTERNET&NOT_RESTRICTED&TRUSTED&NOT_VCN_MANAGED&NOT_BANDWIDTH_CONSTRAINED Uid: 10152 RequestorUid: 10152 RequestorPkg: com.android.vending UnderlyingNetworks: Null] ]
01-06 14:58:50.895  1342  1603 D ConnectivityService: NetReassign [28832 : null  233] [c 0] [a 1] [i 1]
01-06 14:58:50.895  9021  9157 I Finsky:background: [58] DS: Network is available [NetworkState{connected=true, wifi=true, metered=false, roaming=false}].
01-06 14:58:50.896  9021  9157 I Finsky:background: [58] DS: Updating downloads for network change
01-06 14:58:50.897  9021  9712 I Finsky:background: [82] DS::IDC: updateWith: <109:SUCCEEDED>
01-06 14:58:50.898  9021  9712 I Finsky:background: [82] DS::IDC: All invisible downloads are finished.
01-06 14:58:50.898  9021  9712 I Finsky:background: [82] DS::ISM: Stopping invisible download job
01-06 14:58:50.901  9021  9712 I Finsky:background: [82] DS::IDC: updateWith: <3596:SUCCEEDED>
01-06 14:58:50.901  9021  9712 I Finsky:background: [82] DS::IDC: All invisible downloads are finished.
01-06 14:58:50.901  9021  9712 I Finsky:background: [82] DS::ISM: Stopping invisible download job
01-06 14:58:50.901  9021  9712 I Finsky:background: [82] DS::IDC: updateWith: <3597:SUCCEEDED>
01-06 14:58:50.901  9021  9712 I Finsky:background: [82] DS::IDC: All invisible downloads are finished.
01-06 14:58:50.901  9021  9712 I Finsky:background: [82] DS::ISM: Stopping invisible download job
01-06 14:58:50.902  9021  9712 I Finsky:background: [82] DS::IDC: updateWith: <3598:SUCCEEDED>
01-06 14:58:50.902  9021  9712 I Finsky:background: [82] DS::IDC: All invisible downloads are finished.
01-06 14:58:50.902  9021  9712 I Finsky:background: [82] DS::ISM: Stopping invisible download job
01-06 14:58:50.902  9021  9712 I Finsky:background: [82] DS::IDC: updateWith: <3599:SUCCEEDED>
01-06 14:58:50.902  9021  9712 I Finsky:background: [82] DS::IDC: All invisible downloads are finished.
01-06 14:58:50.902  9021  9712 I Finsky:background: [82] DS::ISM: Stopping invisible download job
01-06 14:58:50.902  9021  9712 I Finsky:background: [82] DS::IDC: updateWith: <3600:SUCCEEDED>
01-06 14:58:50.902  9021  9712 I Finsky:background: [82] DS::IDC: All invisible downloads are finished.
01-06 14:58:50.902  9021  9712 I Finsky:background: [82] DS::ISM: Stopping invisible download job
01-06 14:58:51.102  1342  5219 V AS.AudioDeviceBroker: requestedCommunicationDevice: null mAudioModeOwner: AudioModeInfo: mMode=MODE_NORMAL, mPid=0, mUid=0
01-06 14:58:51.103  1342  5219 V AS.AudioDeviceBroker: requestedCommunicationDevice: null mAudioModeOwner: AudioModeInfo: mMode=MODE_NORMAL, mPid=0, mUid=0
01-06 14:58:51.269  1342  5219 D ActivityManager: Skip enqueue broadcast because no receiver with Intent { act=android.intent.action.SIG_STR flg=0x10 (has extras) }
01-06 14:58:51.271  1342  6587 D ActivityManager: Skip enqueue broadcast because no receiver with Intent { act=android.intent.action.SIG_STR flg=0x10 (has extras) }
01-06 14:58:51.273 15516 15516 D UniResolvedNetworkType: sub 18: dataNetType not Override 13
01-06 14:58:51.276 15516 15516 D UniResolvedNetworkType: sub 2: dataNetType not Override 13
01-06 14:58:52.104  1342  6587 V AS.AudioDeviceBroker: requestedCommunicationDevice: null mAudioModeOwner: AudioModeInfo: mMode=MODE_NORMAL, mPid=0, mUid=0
01-06 14:58:52.105  1342  6587 V AS.AudioDeviceBroker: requestedCommunicationDevice: null mAudioModeOwner: AudioModeInfo: mMode=MODE_NORMAL, mPid=0, mUid=0
01-06 14:58:52.168  1342  1367 D PowerController.Thermal: temperature value = 40.0 , status = 0
01-06 14:58:52.169  1342  1367 D BrightnessThermalClamper: New thermal throttling status = 0
01-06 14:58:52.169  1342  1367 D ActivityManager: get tempetureValue is :40.0
01-06 14:58:52.172  1342  1367 D PowerManagerService: notifyThrottling LCD_TEMP :32142
01-06 14:58:52.182  1342  1342 V BroadcastQueue: Enqueuing BroadcastRecord{bd66b1e android.intent.action.BATTERY_CHANGED/u-1} ordered=false from uid 1000 pid 1342 for 2 receivers
01-06 14:58:52.183  1342  1342 V BroadcastQueue: Enqueuing BroadcastRecord{622efff android.intent.action.BATTERY_CHANGED/u-1} ordered=false from uid 1000 pid 1342 for 26 receivers
01-06 14:58:52.184 15516 15516 D UnisocPowerUI: onReceive health:2 --> 2
01-06 14:58:52.184 15516 15516 D BatteryController: onReceive:mLevel=78,mCharging=true
01-06 14:58:52.185  1342  1342 D BoardScore: Received android.intent.action.BATTERY_CHANGED
01-06 14:58:52.185  1342  1342 D BoardScore: chargePlug 2; status =2
01-06 14:58:52.185  1342  1342 D BatteryServiceERP: action: android.intent.action.BATTERY_CHANGED,level:78,scale:100,status:2,isCharging:true,isSendNotification: false,isForceCharging:false
01-06 14:58:52.185  1342  1342 D BatteryServiceERP: battProtect switch: 0
01-06 14:58:52.187 15516 15516 D UnisocBatteryControllerEx: fireChargingSpeedChanged: 0
01-06 14:58:52.187 15516 16265 D PowerUI : can't show warning due to - plugged: true status unknown: false
01-06 14:58:52.429  1342  1603 D InetDiagMessage: Destroyed 0 sockets, proto=IPPROTO_TCP, family=AF_INET, states=14
01-06 14:58:52.430  1342  1603 D InetDiagMessage: Destroyed 1 sockets, proto=IPPROTO_TCP, family=AF_INET6, states=14
01-06 14:58:52.430  1342  1603 D InetDiagMessage: Destroyed live tcp sockets for uids={10218} in 3ms
01-06 14:58:52.432  1342  1603 D InetDiagMessage: Destroyed 0 sockets, proto=IPPROTO_TCP, family=AF_INET, states=14
01-06 14:58:52.433  1342  1603 D InetDiagMessage: Destroyed 0 sockets, proto=IPPROTO_TCP, family=AF_INET6, states=14
01-06 14:58:52.433  1342  1603 D InetDiagMessage: Destroyed live tcp sockets for uids={20218} in 2ms
01-06 14:58:52.571  9189  9350 E GoogleApiManager: Failed to get service from broker. 
01-06 14:58:52.571  9189  9350 E GoogleApiManager: java.lang.SecurityException: Unknown calling package name 'com.google.android.gms'.
01-06 14:58:52.571  9189  9350 E GoogleApiManager: 	at android.os.Parcel.createExceptionOrNull(Parcel.java:3242)
01-06 14:58:52.571  9189  9350 E GoogleApiManager: 	at android.os.Parcel.createException(Parcel.java:3226)
01-06 14:58:52.571  9189  9350 E GoogleApiManager: 	at android.os.Parcel.readException(Parcel.java:3209)
01-06 14:58:52.571  9189  9350 E GoogleApiManager: 	at android.os.Parcel.readException(Parcel.java:3151)
01-06 14:58:52.571  9189  9350 E GoogleApiManager: 	at awrs.a(:com.google.android.gms@254761062@25.47.61 (200400-839048624):36)
01-06 14:58:52.571  9189  9350 E GoogleApiManager: 	at awpt.z(:com.google.android.gms@254761062@25.47.61 (200400-839048624):143)
01-06 14:58:52.571  9189  9350 E GoogleApiManager: 	at avvy.run(:com.google.android.gms@254761062@25.47.61 (200400-839048624):42)
01-06 14:58:52.571  9189  9350 E GoogleApiManager: 	at android.os.Handler.handleCallback(Handler.java:959)
01-06 14:58:52.571  9189  9350 E GoogleApiManager: 	at android.os.Handler.dispatchMessage(Handler.java:100)
01-06 14:58:52.571  9189  9350 E GoogleApiManager: 	at cbro.lD(:com.google.android.gms@254761062@25.47.61 (200400-839048624):1)
01-06 14:58:52.571  9189  9350 E GoogleApiManager: 	at cbro.dispatchMessage(:com.google.android.gms@254761062@25.47.61 (200400-839048624):5)
01-06 14:58:52.571  9189  9350 E GoogleApiManager: 	at android.os.Looper.loopOnce(Looper.java:232)
01-06 14:58:52.571  9189  9350 E GoogleApiManager: 	at android.os.Looper.loop(Looper.java:317)
01-06 14:58:52.571  9189  9350 E GoogleApiManager: 	at android.os.HandlerThread.run(HandlerThread.java:85)
01-06 14:58:52.571  9189  9350 W GoogleApiManager: Not showing notification since connectionResult is not user-facing: ConnectionResult{statusCode=DEVELOPER_ERROR, resolution=null, message=null, clientMethodKey=null}
01-06 14:58:52.700  1342  1495 D ActivityManager: freezing 9189 com.indus.appstore
01-06 14:58:52.704  1342  1603 D InetDiagMessage: Destroyed 0 sockets, proto=IPPROTO_TCP, family=AF_INET, states=14
01-06 14:58:52.705  1342  1603 D InetDiagMessage: Destroyed 0 sockets, proto=IPPROTO_TCP, family=AF_INET6, states=14
01-06 14:58:52.705  1342  1603 D InetDiagMessage: Destroyed live tcp sockets for uids={10221} in 2ms
01-06 14:58:52.987   394  8732 I keystore2: system/security/keystore2/watchdog/src/lib.rs:319 - Watchdog thread idle -> terminating. Have a great day.
01-06 14:58:53.106  1342  6587 V AS.AudioDeviceBroker: requestedCommunicationDevice: null mAudioModeOwner: AudioModeInfo: mMode=MODE_NORMAL, mPid=0, mUid=0
01-06 14:58:53.107  1342  6587 V AS.AudioDeviceBroker: requestedCommunicationDevice: null mAudioModeOwner: AudioModeInfo: mMode=MODE_NORMAL, mPid=0, mUid=0
01-06 14:58:53.211  1342  1495 D ActivityManager: freezing 8878 com.google.android.youtube
01-06 14:58:53.216  1342  1603 D InetDiagMessage: Destroyed 4 sockets, proto=IPPROTO_TCP, family=AF_INET, states=14
01-06 14:58:53.217  1342  1603 D InetDiagMessage: Destroyed 4 sockets, proto=IPPROTO_TCP, family=AF_INET6, states=14
01-06 14:58:53.217  1342  1603 D InetDiagMessage: Destroyed live tcp sockets for uids={10177} in 3ms
01-06 14:58:53.687  1342  1495 D ActivityManager: freezing 9332 com.xiaomi.mipicks
01-06 14:58:53.691  1342  1603 D InetDiagMessage: Destroyed 0 sockets, proto=IPPROTO_TCP, family=AF_INET, states=14
01-06 14:58:53.691  1342  6587 D AlarmManagerService: set alarm to kernel: 2176646481000000, type=2
01-06 14:58:53.691  1342  6587 D AlarmManagerService: set alarm to kernel: 2176586481000000, type=3
01-06 14:58:53.692  1342  1603 D InetDiagMessage: Destroyed 1 sockets, proto=IPPROTO_TCP, family=AF_INET6, states=14
01-06 14:58:53.692  1342  1603 D InetDiagMessage: Destroyed live tcp sockets for uids={10130} in 2ms
01-06 14:58:53.693  1342  6587 I ActivityManager: Killing 9189:com.indus.appstore/u0a221 (adj 905): empty #9
01-06 14:58:53.695  1342  1384 D ActivityManager: quick sync unfreeze 9189 for 12
01-06 14:58:53.764   879   879 I Zygote  : Process 9189 exited due to signal 9 (Killed)
01-06 14:58:53.764  1342  1603 D ConnectivityService: releasing NetworkRequest [ REQUEST id=28826, [ Capabilities: INTERNET&NOT_RESTRICTED&TRUSTED&NOT_VCN_MANAGED&NOT_BANDWIDTH_CONSTRAINED Uid: 10221 RequestorUid: 10221 RequestorPkg: com.indus.appstore UnderlyingNetworks: Null] ] (release request)
01-06 14:58:53.764  1342  1381 I libprocessgroup: Removed cgroup /sys/fs/cgroup/uid_10221/pid_9189
01-06 14:58:53.767  1342  5219 D ActivityManager: sync unfroze 9332 com.xiaomi.mipicks for 5
01-06 14:58:53.769  1342  5219 D CompatChangeReporter: Compat change id reported: 311208629; UID 10130; state: ENABLED
01-06 14:58:53.770  1342  5219 D CompatChangeReporter: Compat change id reported: 311208629; UID 10221; state: ENABLED
01-06 14:58:53.771  1342  1368 D SSense.NavigationAppRecognizer:  onProcessDied pkgNamescom.indus.appstore; pid = 9189; uid =10221; ProcessDiedpid =9189
01-06 14:58:53.771  8791  8937 D onProcessDied: pid: 9189 uid: 10221
01-06 14:58:53.773  1342  1368 D DisplayManagerService: Drop pending events for gone uid 10221
01-06 14:58:53.822  1342  1387 D LowMemDetector: mExtendM: reportMemPressure1
01-06 14:58:53.871  9332  9359 D MsgCenterRemoteCallbackListManager: MsgCenterRemoteCallbackListManageronCallbackDied com.indus.appstore
01-06 14:58:53.879  9332  9359 D MsgCenterRemoteCallbackListManager: MsgCenterRemoteCallbackListManageronCallbackDiedsuccess com.indus.appstore
01-06 14:58:53.965  9332  9359 W ProcessServiceImpl: MPMsgCenteronDisConnected com.indus.appstore
01-06 14:58:53.984  1342  5219 W ActivityManager: Background start not allowed: service Intent { pkg=com.xiaomi.mipicks cmp=com.xiaomi.mipicks/com.xiaomi.market.service.HandleTaskService (has extras) } to com.xiaomi.mipicks/com.xiaomi.market.service.HandleTaskService from pid=9332 uid=10130 pkg=com.xiaomi.mipicks startFg?=false
01-06 14:58:53.989  9332  9332 E Indus-ServiceUtils: android.app.BackgroundServiceStartNotAllowedException: Not allowed to start service Intent { pkg=com.xiaomi.mipicks cmp=com.xiaomi.mipicks/com.xiaomi.market.service.HandleTaskService (has extras) }: app is in background uid UidRecord{5c08d1b u0a130 CEM  bg:+11s405ms idle change:cached|procstate|procadj procs:0 seq(1152400,1152400)} caps=-------
01-06 14:58:53.991  1342  5219 D ConnectivityService: Returning UNBLOCKED NetworkInfo to uid=10130
01-06 14:58:54.038  1342  1387 D LowMemDetector: mExtendM: reportMemPressure2
01-06 14:58:54.038  1342  1387 I ExtM    : runFlush  interval less than FLUSH_INTERVAL_LIMIT, skip flush
01-06 14:58:54.108  1342  5219 V AS.AudioDeviceBroker: requestedCommunicationDevice: null mAudioModeOwner: AudioModeInfo: mMode=MODE_NORMAL, mPid=0, mUid=0
01-06 14:58:54.109  1342  5219 V AS.AudioDeviceBroker: requestedCommunicationDevice: null mAudioModeOwner: AudioModeInfo: mMode=MODE_NORMAL, mPid=0, mUid=0
01-06 14:58:54.146  1342  1387 D LowMemDetector: mExtendM: reportMemPressure3
01-06 14:58:54.146  1342  1387 I ExtM    : runFlush  interval less than FLUSH_INTERVAL_LIMIT, skip flush
01-06 14:58:54.231 13117 13125 W gle.android.gms: ApkAssets: Deleting an ApkAssets object '/data/resource-cache/com.android.systemui-neutral-nQ2k.frro' with 3 weak references
01-06 14:58:54.232 13117 13125 W gle.android.gms: ApkAssets: Deleting an ApkAssets object '/data/resource-cache/com.android.systemui-accent-SHMn.frro' with 3 weak references
01-06 14:58:54.232 13117 13125 W gle.android.gms: ApkAssets: Deleting an ApkAssets object '/data/resource-cache/com.android.systemui-dynamic-WvQV.frro' with 3 weak references
01-06 14:58:54.644 13117 13117 D BoundBrokerSvc: onUnbind: Intent { act=com.google.android.gms.measurement.START pkg=com.google.android.gms }
01-06 14:58:54.819  1342  1495 D ActivityManager: freezing 9405 com.android.chrome
01-06 14:58:54.954  1342  1342 D BoardScore:  test  mobile start do!! 
01-06 14:58:54.959  1342  1342 D BoardScore: startTimStamp: 1767691729953, endTimeStamp: 1767691734953; ret.getRxBytes()0; ret.getTxBytes()=0
01-06 14:58:54.959  1342  1342 D BoardScore:  subscriberId =  404490648436018, get mobileBytes = 0 , startTime =  1767691729953,  endTime = 1767691734953
01-06 14:58:54.959  1342  1342 D BoardScore:  getWiFiTotalBytes start do!! 
01-06 14:58:54.962  1342  1342 D BoardScore: startTimStamp: 1767691729959, endTimeStamp: 1767691734959; ret.getRxBytes()53379; ret.getTxBytes()=6842
01-06 14:58:54.962  1342  1342 D BoardScore:  get wifi Bytes = 60221 , startTime =  1767691729959,  endTime = 1767691734959
01-06 14:58:54.962  1342  1342 E BoardScore: mDownLoadThreadRunnable: TotalBytes =60221
01-06 14:58:55.010  1342  1387 D LowMemDetector: mExtendM: reportMemPressure1
01-06 14:58:55.111  1342  4308 V AS.AudioDeviceBroker: requestedCommunicationDevice: null mAudioModeOwner: AudioModeInfo: mMode=MODE_NORMAL, mPid=0, mUid=0
01-06 14:58:55.111  1342  4308 V AS.AudioDeviceBroker: requestedCommunicationDevice: null mAudioModeOwner: AudioModeInfo: mMode=MODE_NORMAL, mPid=0, mUid=0
01-06 14:58:55.158  1342  4308 D AlarmManagerService: set alarm to kernel: 2176646481000000, type=2
01-06 14:58:55.158  1342  4308 D AlarmManagerService: set alarm to kernel: 2176586481000000, type=3
01-06 14:58:55.345  8968  9017 E Finsky  : [54] GMS compliance query failed.
01-06 14:58:55.345  8968  9017 E Finsky  : com.google.common.util.concurrent.TimeoutFuture$TimeoutFutureException: Timed out: bizj@b557cce[status=PENDING, setFuture=[jfl@4c117ef[status=PENDING, info=[tag=[bbmm@d5c32fc]]]]]
01-06 14:58:55.548 13117 13117 D BoundBrokerSvc: onUnbind: Intent { act=com.google.android.gms.safetynet.service.START pkg=com.google.android.gms }
01-06 14:58:55.654  1342  1495 D ActivityManager: freezing 9584 com.android.chrome:privileged_process0
01-06 14:58:55.657  1342  1603 D InetDiagMessage: Destroyed 0 sockets, proto=IPPROTO_TCP, family=AF_INET, states=14
01-06 14:58:55.658  1342  1603 D InetDiagMessage: Destroyed 0 sockets, proto=IPPROTO_TCP, family=AF_INET6, states=14
01-06 14:58:55.658  1342  1603 D InetDiagMessage: Destroyed live tcp sockets for uids={10159} in 3ms
01-06 14:58:56.113  1342  4308 V AS.AudioDeviceBroker: requestedCommunicationDevice: null mAudioModeOwner: AudioModeInfo: mMode=MODE_NORMAL, mPid=0, mUid=0
01-06 14:58:56.113  1342  4308 V AS.AudioDeviceBroker: requestedCommunicationDevice: null mAudioModeOwner: AudioModeInfo: mMode=MODE_NORMAL, mPid=0, mUid=0
01-06 14:58:56.663  1342  1495 D ActivityManager: freezing 9654 com.android.chrome:sandboxed_process0:org.chromium.content.app.SandboxedProcessService0:0
01-06 14:58:56.665  1342  1603 D InetDiagMessage: Destroyed 0 sockets, proto=IPPROTO_TCP, family=AF_INET, states=14
01-06 14:58:56.666  1342  1603 D InetDiagMessage: Destroyed 0 sockets, proto=IPPROTO_TCP, family=AF_INET6, states=14
01-06 14:58:56.667  1342  1603 D InetDiagMessage: Destroyed live tcp sockets for uids={90000} in 2ms
01-06 14:58:57.115  1342  4308 V AS.AudioDeviceBroker: requestedCommunicationDevice: null mAudioModeOwner: AudioModeInfo: mMode=MODE_NORMAL, mPid=0, mUid=0
01-06 14:58:57.116  1342  4308 V AS.AudioDeviceBroker: requestedCommunicationDevice: null mAudioModeOwner: AudioModeInfo: mMode=MODE_NORMAL, mPid=0, mUid=0
01-06 14:58:57.324  1342  4308 D ActivityManager: Skip enqueue broadcast because no receiver with Intent { act=android.intent.action.SIG_STR flg=0x10 (has extras) }
01-06 14:58:57.327 15516 15516 D UniResolvedNetworkType: sub 18: dataNetType not Override 13
01-06 14:58:57.471  1060  1157 I ThermalCvtGovernor: board(screen-off) calTemp: 40000 tripTemp: 39000
01-06 14:58:57.471  1060  1157 I ThermalCvtGovernor: board(screen-off) setLevel: 2, setTrip: 0
01-06 14:58:57.471  1060  1060 I ThermalManager: received EVENT_TRIP, sensor=board(screen-off)
01-06 14:58:57.471  1060  1060 I ThermalActionCommon: do,===>charge,NULL, wArg:2500000, mFileNode:/sys/class/power_supply/battery/charger.0/thermal_limit_current
01-06 14:58:57.526  1342  1495 D ActivityManager: freezing 8968 com.android.vending
01-06 14:58:57.529  1342  1495 D ActivityManager: freezing 9021 com.android.vending:background
01-06 14:58:57.915  1342  1603 D InetDiagMessage: Destroyed 2 sockets, proto=IPPROTO_TCP, family=AF_INET, states=14
01-06 14:58:57.916  1342  1603 D InetDiagMessage: Destroyed 1 sockets, proto=IPPROTO_TCP, family=AF_INET6, states=14
01-06 14:58:57.916  1342  1603 D InetDiagMessage: Destroyed live tcp sockets for uids={10152} in 3ms
01-06 14:58:58.117  1342  4308 V AS.AudioDeviceBroker: requestedCommunicationDevice: null mAudioModeOwner: AudioModeInfo: mMode=MODE_NORMAL, mPid=0, mUid=0
01-06 14:58:58.118  1342  4308 V AS.AudioDeviceBroker: requestedCommunicationDevice: null mAudioModeOwner: AudioModeInfo: mMode=MODE_NORMAL, mPid=0, mUid=0
01-06 14:58:58.950  1342  1603 D InetDiagMessage: Destroyed 0 sockets, proto=IPPROTO_TCP, family=AF_INET, states=14
01-06 14:58:58.951  1342  1603 D InetDiagMessage: Destroyed 1 sockets, proto=IPPROTO_TCP, family=AF_INET6, states=14
01-06 14:58:58.951  1342  1603 D InetDiagMessage: Destroyed live tcp sockets for uids={10130} in 3ms
01-06 14:58:58.952  1342  1603 D InetDiagMessage: Destroyed 0 sockets, proto=IPPROTO_TCP, family=AF_INET, states=14
01-06 14:58:58.954  1342  1603 D InetDiagMessage: Destroyed 0 sockets, proto=IPPROTO_TCP, family=AF_INET6, states=14
01-06 14:58:58.954  1342  1603 D InetDiagMessage: Destroyed live tcp sockets for uids={20130} in 2ms
01-06 14:58:59.120  1342  4308 V AS.AudioDeviceBroker: requestedCommunicationDevice: null mAudioModeOwner: AudioModeInfo: mMode=MODE_NORMAL, mPid=0, mUid=0
01-06 14:58:59.120  1342  4308 V AS.AudioDeviceBroker: requestedCommunicationDevice: null mAudioModeOwner: AudioModeInfo: mMode=MODE_NORMAL, mPid=0, mUid=0
01-06 14:59:00.000  1342  1501 D AlarmManager: waitForAlarm result:8currentTime=1767691739999, elapsedRealtime=2176586481
01-06 14:59:00.000  1342  1501 D AlarmManagerService: set alarm to kernel: 2176646481000000, type=2
01-06 14:59:00.000  1342  1501 D AlarmManagerService: set alarm to kernel: 2176627919000000, type=3
01-06 14:59:00.122  1342  4308 V AS.AudioDeviceBroker: requestedCommunicationDevice: null mAudioModeOwner: AudioModeInfo: mMode=MODE_NORMAL, mPid=0, mUid=0
01-06 14:59:00.122  1342  4308 V AS.AudioDeviceBroker: requestedCommunicationDevice: null mAudioModeOwner: AudioModeInfo: mMode=MODE_NORMAL, mPid=0, mUid=0
01-06 14:59:00.374  1342  1342 V BroadcastQueue: Enqueuing BroadcastRecord{bdc7eb8 android.intent.action.BATTERY_CHANGED/u-1} ordered=false from uid 1000 pid 1342 for 2 receivers
01-06 14:59:00.375  1342  1342 V BroadcastQueue: Enqueuing BroadcastRecord{5ce3491 android.intent.action.BATTERY_CHANGED/u-1} ordered=false from uid 1000 pid 1342 for 26 receivers
01-06 14:59:00.376 15516 15516 D UnisocPowerUI: onReceive health:2 --> 2
01-06 14:59:00.376 15516 15516 D BatteryController: onReceive:mLevel=78,mCharging=true
01-06 14:59:00.377  1342  1342 D BoardScore: Received android.intent.action.BATTERY_CHANGED
01-06 14:59:00.377  1342  1342 D BoardScore: chargePlug 2; status =2
01-06 14:59:00.377  1342  1342 D BatteryServiceERP: action: android.intent.action.BATTERY_CHANGED,level:78,scale:100,status:2,isCharging:true,isSendNotification: false,isForceCharging:false
01-06 14:59:00.377  1342  1342 D BatteryServiceERP: battProtect switch: 0
01-06 14:59:00.379 15516 15516 D UnisocBatteryControllerEx: fireChargingSpeedChanged: 0
01-06 14:59:00.379 15516 17063 D PowerUI : can't show warning due to - plugged: true status unknown: false
01-06 14:59:01.124  1342  4308 V AS.AudioDeviceBroker: requestedCommunicationDevice: null mAudioModeOwner: AudioModeInfo: mMode=MODE_NORMAL, mPid=0, mUid=0
01-06 14:59:01.125  1342  4308 V AS.AudioDeviceBroker: requestedCommunicationDevice: null mAudioModeOwner: AudioModeInfo: mMode=MODE_NORMAL, mPid=0, mUid=0
01-06 14:59:02.126  1342  4308 V AS.AudioDeviceBroker: requestedCommunicationDevice: null mAudioModeOwner: AudioModeInfo: mMode=MODE_NORMAL, mPid=0, mUid=0
01-06 14:59:02.127  1342  4308 V AS.AudioDeviceBroker: requestedCommunicationDevice: null mAudioModeOwner: AudioModeInfo: mMode=MODE_NORMAL, mPid=0, mUid=0
01-06 14:59:02.367  1342  4308 D ActivityManager: Skip enqueue broadcast because no receiver with Intent { act=android.intent.action.SIG_STR flg=0x10 (has extras) }
01-06 14:59:02.371 15516 15516 D UniResolvedNetworkType: sub 2: dataNetType not Override 13
01-06 14:59:02.523  1342  1373 E UnisocWatchdog: UnisocWatchdogImpl sendMessage:0
01-06 14:59:02.523  1342  1464 E UnisocWatchdog: UNISOCWATCHDOG_MESSAGE_TIMER30 trigger
01-06 14:59:03.129  1342  4308 V AS.AudioDeviceBroker: requestedCommunicationDevice: null mAudioModeOwner: AudioModeInfo: mMode=MODE_NORMAL, mPid=0, mUid=0
01-06 14:59:03.129  1342  4308 V AS.AudioDeviceBroker: requestedCommunicationDevice: null mAudioModeOwner: AudioModeInfo: mMode=MODE_NORMAL, mPid=0, mUid=0
01-06 14:59:03.943  1342  1495 D ActivityManager: freezing 9332 com.xiaomi.mipicks
01-06 14:59:03.947  1342  1603 D InetDiagMessage: Destroyed 0 sockets, proto=IPPROTO_TCP, family=AF_INET, states=14
01-06 14:59:03.948  1342  1603 D InetDiagMessage: Destroyed 1 sockets, proto=IPPROTO_TCP, family=AF_INET6, states=14
01-06 14:59:03.949  1342  1603 D InetDiagMessage: Destroyed live tcp sockets for uids={10130} in 3ms
01-06 14:59:04.131  1342  4308 V AS.AudioDeviceBroker: requestedCommunicationDevice: null mAudioModeOwner: AudioModeInfo: mMode=MODE_NORMAL, mPid=0, mUid=0
01-06 14:59:04.132  1342  4308 V AS.AudioDeviceBroker: requestedCommunicationDevice: null mAudioModeOwner: AudioModeInfo: mMode=MODE_NORMAL, mPid=0, mUid=0
01-06 14:59:04.470  1342  1342 V BroadcastQueue: Enqueuing BroadcastRecord{6d0dff7 android.intent.action.BATTERY_CHANGED/u-1} ordered=false from uid 1000 pid 1342 for 2 receivers
01-06 14:59:04.471 15516 15516 D UnisocPowerUI: onReceive health:2 --> 2
01-06 14:59:04.471 15516 15516 D BatteryController: onReceive:mLevel=78,mCharging=true
01-06 14:59:04.472  1342  1342 V BroadcastQueue: Enqueuing BroadcastRecord{b36ce64 android.intent.action.BATTERY_CHANGED/u-1} ordered=false from uid 1000 pid 1342 for 26 receivers
01-06 14:59:04.474 15516 15516 D UnisocBatteryControllerEx: fireChargingSpeedChanged: 0
01-06 14:59:04.474  1342  1342 D BoardScore: Received android.intent.action.BATTERY_CHANGED
01-06 14:59:04.474  1342  1342 D BoardScore: chargePlug 2; status =2
01-06 14:59:04.474  1342  1342 D BatteryServiceERP: action: android.intent.action.BATTERY_CHANGED,level:78,scale:100,status:2,isCharging:true,isSendNotification: false,isForceCharging:false
01-06 14:59:04.474  1342  1342 D BatteryServiceERP: battProtect switch: 0
01-06 14:59:04.474 15516 15897 D PowerUI : can't show warning due to - plugged: true status unknown: false
01-06 14:59:04.840  1342  1342 V BroadcastQueue: Enqueuing BroadcastRecord{e9088cd android.intent.action.BATTERY_CHANGED/u-1} ordered=false from uid 1000 pid 1342 for 2 receivers
01-06 14:59:04.841  1342  1342 V BroadcastQueue: Enqueuing BroadcastRecord{8c6e582 android.intent.action.BATTERY_CHANGED/u-1} ordered=false from uid 1000 pid 1342 for 26 receivers
01-06 14:59:04.842 15516 15516 D UnisocPowerUI: onReceive health:2 --> 2
01-06 14:59:04.842 15516 15516 D BatteryController: onReceive:mLevel=78,mCharging=true
01-06 14:59:04.843  1342  1342 D BoardScore: Received android.intent.action.BATTERY_CHANGED
01-06 14:59:04.843  1342  1342 D BoardScore: chargePlug 2; status =2
01-06 14:59:04.843  1342  1342 D BatteryServiceERP: action: android.intent.action.BATTERY_CHANGED,level:78,scale:100,status:2,isCharging:true,isSendNotification: false,isForceCharging:false
01-06 14:59:04.843  1342  1342 D BatteryServiceERP: battProtect switch: 0
01-06 14:59:04.845 15516 15516 D UnisocBatteryControllerEx: fireChargingSpeedChanged: 0
01-06 14:59:04.845 15516 16907 D PowerUI : can't show warning due to - plugged: true status unknown: false
01-06 14:59:04.926  1342  5219 D ActivityManager: Skip enqueue broadcast because no receiver with Intent { act=android.intent.action.SIG_STR flg=0x10 (has extras) }
01-06 14:59:04.930 15516 15516 D UniResolvedNetworkType: sub 2: dataNetType not Override 13
01-06 14:59:05.133  1342  5219 V AS.AudioDeviceBroker: requestedCommunicationDevice: null mAudioModeOwner: AudioModeInfo: mMode=MODE_NORMAL, mPid=0, mUid=0
01-06 14:59:05.134  1342  5219 V AS.AudioDeviceBroker: requestedCommunicationDevice: null mAudioModeOwner: AudioModeInfo: mMode=MODE_NORMAL, mPid=0, mUid=0
01-06 14:59:05.154 19788 19788 D BoundBrokerSvc: onUnbind: Intent { act=com.google.android.gms.libs.gmscorelogger.service.START dat=chimera-action:/... cmp=com.google.android.gms/.chimera.PersistentDirectBootAwareApiService }
01-06 14:59:05.553  1342  1495 D ActivityManager: freezing 13117 com.google.android.gms
01-06 14:59:05.928  1342  5219 D ActivityManager: Skip enqueue broadcast because no receiver with Intent { act=android.intent.action.SIG_STR flg=0x10 (has extras) }
01-06 14:59:05.932 15516 15516 D UniResolvedNetworkType: sub 2: dataNetType not Override 13
01-06 14:59:06.135  1342  5219 V AS.AudioDeviceBroker: requestedCommunicationDevice: null mAudioModeOwner: AudioModeInfo: mMode=MODE_NORMAL, mPid=0, mUid=0
01-06 14:59:06.136  1342  5219 V AS.AudioDeviceBroker: requestedCommunicationDevice: null mAudioModeOwner: AudioModeInfo: mMode=MODE_NORMAL, mPid=0, mUid=0
01-06 14:59:07.137  1342  5219 V AS.AudioDeviceBroker: requestedCommunicationDevice: null mAudioModeOwner: AudioModeInfo: mMode=MODE_NORMAL, mPid=0, mUid=0
